Archive member included to satisfy reference by file (symbol)

c:/program files (x86)/atmel/studio/7.0/toolchain/arm/arm-gnu-toolchain/bin/../lib/gcc/arm-none-eabi/5.3.1/armv6-m\libgcc.a(_udivsi3.o)
                              src/ASF/common2/services/delay/sam0/systick_counter.o (__aeabi_uidiv)
c:/program files (x86)/atmel/studio/7.0/toolchain/arm/arm-gnu-toolchain/bin/../lib/gcc/arm-none-eabi/5.3.1/armv6-m\libgcc.a(_dvmd_tls.o)
                              c:/program files (x86)/atmel/studio/7.0/toolchain/arm/arm-gnu-toolchain/bin/../lib/gcc/arm-none-eabi/5.3.1/armv6-m\libgcc.a(_udivsi3.o) (__aeabi_idiv0)
c:/program files (x86)/atmel/studio/7.0/toolchain/arm/arm-gnu-toolchain/bin/../lib/gcc/arm-none-eabi/5.3.1/armv6-m\libgcc.a(_muldi3.o)
                              src/ASF/sam0/drivers/sercom/sercom.o (__aeabi_lmul)
c:/program files (x86)/atmel/studio/7.0/toolchain/arm/arm-gnu-toolchain/bin/../lib/gcc/arm-none-eabi/5.3.1/../../../../arm-none-eabi/lib/armv6-m\libc_nano.a(lib_a-exit.o)
                              c:/program files (x86)/atmel/studio/7.0/toolchain/arm/arm-gnu-toolchain/bin/../lib/gcc/arm-none-eabi/5.3.1/../../../../arm-none-eabi/lib/armv6-m/crt0.o (exit)
c:/program files (x86)/atmel/studio/7.0/toolchain/arm/arm-gnu-toolchain/bin/../lib/gcc/arm-none-eabi/5.3.1/../../../../arm-none-eabi/lib/armv6-m\libc_nano.a(lib_a-impure.o)
                              c:/program files (x86)/atmel/studio/7.0/toolchain/arm/arm-gnu-toolchain/bin/../lib/gcc/arm-none-eabi/5.3.1/../../../../arm-none-eabi/lib/armv6-m\libc_nano.a(lib_a-exit.o) (_global_impure_ptr)
c:/program files (x86)/atmel/studio/7.0/toolchain/arm/arm-gnu-toolchain/bin/../lib/gcc/arm-none-eabi/5.3.1/../../../../arm-none-eabi/lib/armv6-m\libc_nano.a(lib_a-init.o)
                              c:/program files (x86)/atmel/studio/7.0/toolchain/arm/arm-gnu-toolchain/bin/../lib/gcc/arm-none-eabi/5.3.1/../../../../arm-none-eabi/lib/armv6-m/crt0.o (__libc_init_array)
c:/program files (x86)/atmel/studio/7.0/toolchain/arm/arm-gnu-toolchain/bin/../lib/gcc/arm-none-eabi/5.3.1/../../../../arm-none-eabi/lib/armv6-m\libc_nano.a(lib_a-memcpy-stub.o)
                              src/ASF/sam0/drivers/sercom/sercom_interrupt.o (memcpy)
c:/program files (x86)/atmel/studio/7.0/toolchain/arm/arm-gnu-toolchain/bin/../lib/gcc/arm-none-eabi/5.3.1/../../../../arm-none-eabi/lib/armv6-m\libc_nano.a(lib_a-memset.o)
                              c:/program files (x86)/atmel/studio/7.0/toolchain/arm/arm-gnu-toolchain/bin/../lib/gcc/arm-none-eabi/5.3.1/../../../../arm-none-eabi/lib/armv6-m/crt0.o (memset)
c:/program files (x86)/atmel/studio/7.0/toolchain/arm/arm-gnu-toolchain/bin/../lib/gcc/arm-none-eabi/5.3.1/../../../../arm-none-eabi/lib/armv6-m\libc_nano.a(lib_a-setbuf.o)
                              src/main.o (setbuf)
c:/program files (x86)/atmel/studio/7.0/toolchain/arm/arm-gnu-toolchain/bin/../lib/gcc/arm-none-eabi/5.3.1/../../../../arm-none-eabi/lib/armv6-m\libc_nano.a(lib_a-setvbuf.o)
                              c:/program files (x86)/atmel/studio/7.0/toolchain/arm/arm-gnu-toolchain/bin/../lib/gcc/arm-none-eabi/5.3.1/../../../../arm-none-eabi/lib/armv6-m\libc_nano.a(lib_a-setbuf.o) (setvbuf)
c:/program files (x86)/atmel/studio/7.0/toolchain/arm/arm-gnu-toolchain/bin/../lib/gcc/arm-none-eabi/5.3.1/../../../../arm-none-eabi/lib/armv6-m\libc_nano.a(lib_a-sprintf.o)
                              src/Modbus/modbus.o (sprintf)
c:/program files (x86)/atmel/studio/7.0/toolchain/arm/arm-gnu-toolchain/bin/../lib/gcc/arm-none-eabi/5.3.1/../../../../arm-none-eabi/lib/armv6-m\libc_nano.a(lib_a-strlen.o)
                              src/Modbus/modbus.o (strlen)
c:/program files (x86)/atmel/studio/7.0/toolchain/arm/arm-gnu-toolchain/bin/../lib/gcc/arm-none-eabi/5.3.1/../../../../arm-none-eabi/lib/armv6-m\libc_nano.a(lib_a-fflush.o)
                              c:/program files (x86)/atmel/studio/7.0/toolchain/arm/arm-gnu-toolchain/bin/../lib/gcc/arm-none-eabi/5.3.1/../../../../arm-none-eabi/lib/armv6-m\libc_nano.a(lib_a-setvbuf.o) (_fflush_r)
c:/program files (x86)/atmel/studio/7.0/toolchain/arm/arm-gnu-toolchain/bin/../lib/gcc/arm-none-eabi/5.3.1/../../../../arm-none-eabi/lib/armv6-m\libc_nano.a(lib_a-findfp.o)
                              c:/program files (x86)/atmel/studio/7.0/toolchain/arm/arm-gnu-toolchain/bin/../lib/gcc/arm-none-eabi/5.3.1/../../../../arm-none-eabi/lib/armv6-m\libc_nano.a(lib_a-setvbuf.o) (__sinit)
c:/program files (x86)/atmel/studio/7.0/toolchain/arm/arm-gnu-toolchain/bin/../lib/gcc/arm-none-eabi/5.3.1/../../../../arm-none-eabi/lib/armv6-m\libc_nano.a(lib_a-fwalk.o)
                              c:/program files (x86)/atmel/studio/7.0/toolchain/arm/arm-gnu-toolchain/bin/../lib/gcc/arm-none-eabi/5.3.1/../../../../arm-none-eabi/lib/armv6-m\libc_nano.a(lib_a-findfp.o) (_fwalk)
[...]
Memory Configuration

Name             Origin             Length             Attributes
rom              0x00000000         0x00040000         xr
ram              0x20000000         0x00008000         xrw
lpram            0x30000000         0x00002000         xrw
*default*        0x00000000         0xffffffff

Linker script and memory map

LOAD c:/program files (x86)/atmel/studio/7.0/toolchain/arm/arm-gnu-toolchain/bin/../lib/gcc/arm-none-eabi/5.3.1/armv6-m/crti.o
LOAD c:/program files (x86)/atmel/studio/7.0/toolchain/arm/arm-gnu-toolchain/bin/../lib/gcc/arm-none-eabi/5.3.1/armv6-m/crtbegin.o
LOAD c:/program files (x86)/atmel/studio/7.0/toolchain/arm/arm-gnu-toolchain/bin/../lib/gcc/arm-none-eabi/5.3.1/../../../../arm-none-eabi/lib/armv6-m/crt0.o
LOAD src/Modbus/modbus.o
LOAD src/ASF/common2/services/delay/sam0/systick_counter.o
LOAD src/ASF/sam0/drivers/sercom/sercom.o
LOAD src/ASF/sam0/utils/stdio/read.o
LOAD src/ASF/sam0/utils/stdio/write.o
LOAD src/ASF/sam0/drivers/sercom/usart/usart.o
LOAD src/ASF/sam0/drivers/sercom/usart/usart_interrupt.o
LOAD src/ASF/sam0/drivers/sercom/sercom_interrupt.o
LOAD src/ASF/common/utils/interrupt/interrupt_sam_nvic.o
LOAD src/ASF/sam0/boards/saml21_xplained_pro/board_init.o
LOAD src/ASF/sam0/drivers/adc/adc_sam_l_c/adc.o
LOAD src/ASF/sam0/drivers/adc/adc_sam_l_c/adc_callback.o
LOAD src/ASF/sam0/drivers/opamp/opamp.o
LOAD src/ASF/sam0/drivers/port/port.o
LOAD src/ASF/sam0/drivers/system/clock/clock_saml21/clock.o
LOAD src/ASF/sam0/drivers/system/clock/clock_saml21/gclk.o
LOAD src/ASF/sam0/drivers/system/interrupt/system_interrupt.o
LOAD src/ASF/sam0/drivers/system/pinmux/pinmux.o
LOAD src/ASF/sam0/drivers/system/system.o
LOAD src/ASF/sam0/utils/cmsis/saml21/source/gcc/startup_saml21.o
LOAD src/ASF/sam0/utils/cmsis/saml21/source/system_saml21.o
LOAD src/ASF/sam0/utils/syscalls/gcc/syscalls.o
LOAD src/ASF/thirdparty/freertos/freertos-8.0.1/Source/croutine.o
LOAD src/ASF/thirdparty/freertos/freertos-8.0.1/Source/event_groups.o
LOAD src/ASF/thirdparty/freertos/freertos-8.0.1/Source/list.o
LOAD src/ASF/thirdparty/freertos/freertos-8.0.1/Source/portable/GCC/ARM_CM0/port.o
LOAD src/ASF/thirdparty/freertos/freertos-8.0.1/Source/portable/MemMang/heap_1.o
LOAD src/ASF/thirdparty/freertos/freertos-8.0.1/Source/queue.o
LOAD src/ASF/thirdparty/freertos/freertos-8.0.1/Source/tasks.o
LOAD src/ASF/thirdparty/freertos/freertos-8.0.1/Source/timers.o
LOAD src/main.o
START GROUP
LOAD ../src/ASF/thirdparty/CMSIS/Lib/GCC\libarm_cortexM0l_math.a
LOAD c:/program files (x86)/atmel/studio/7.0/toolchain/arm/arm-gnu-toolchain/bin/../lib/gcc/arm-none-eabi/5.3.1/../../../../arm-none-eabi/lib/armv6-m\libm.a
END GROUP
START GROUP
LOAD c:/program files (x86)/atmel/studio/7.0/toolchain/arm/arm-gnu-toolchain/bin/../lib/gcc/arm-none-eabi/5.3.1/armv6-m\libgcc.a
LOAD c:/program files (x86)/atmel/studio/7.0/toolchain/arm/arm-gnu-toolchain/bin/../lib/gcc/arm-none-eabi/5.3.1/../../../../arm-none-eabi/lib/armv6-m\libc_nano.a
END GROUP
START GROUP
LOAD c:/program files (x86)/atmel/studio/7.0/toolchain/arm/arm-gnu-toolchain/bin/../lib/gcc/arm-none-eabi/5.3.1/armv6-m\libgcc.a
LOAD c:/program files (x86)/atmel/studio/7.0/toolchain/arm/arm-gnu-toolchain/bin/../lib/gcc/arm-none-eabi/5.3.1/../../../../arm-none-eabi/lib/armv6-m\libc_nano.a
END GROUP
LOAD c:/program files (x86)/atmel/studio/7.0/toolchain/arm/arm-gnu-toolchain/bin/../lib/gcc/arm-none-eabi/5.3.1/armv6-m/crtend.o
LOAD c:/program files (x86)/atmel/studio/7.0/toolchain/arm/arm-gnu-toolchain/bin/../lib/gcc/arm-none-eabi/5.3.1/armv6-m/crtn.o
                0x00002000                STACK_SIZE = DEFINED (STACK_SIZE)?STACK_SIZE:DEFINED (__stack_size__)?__stack_size__:0x2000

.text           0x00000000     0x40cc
                0x00000000                . = ALIGN (0x4)
                0x00000000                _sfixed = .
 *(.vectors .vectors.*)
 .vectors       0x00000000       0xb4 src/ASF/sam0/utils/cmsis/saml21/source/gcc/startup_saml21.o
                0x00000000                exception_table
 *(.text .text.* .gnu.linkonce.t.*)
 .text          0x000000b4       0x60 c:/program files (x86)/atmel/studio/7.0/toolchain/arm/arm-gnu-toolchain/bin/../lib/gcc/arm-none-eabi/5.3.1/armv6-m/crtbegin.o
 .text.delay_init
                0x00000114       0x40 src/ASF/common2/services/delay/sam0/systick_counter.o
                0x00000114                delay_init
 .text._sercom_get_sync_baud_val
                0x00000154       0x28 src/ASF/sam0/drivers/sercom/sercom.o
                0x00000154                _sercom_get_sync_baud_val
 .text._sercom_get_async_baud_val
                0x0000017c      0x1c8 src/ASF/sam0/drivers/sercom/sercom.o
                0x0000017c                _sercom_get_async_baud_val
 .text.sercom_set_gclk_generator
                0x00000344       0x4c src/ASF/sam0/drivers/sercom/sercom.o
                0x00000344                sercom_set_gclk_generator
 .text._sercom_get_default_pad
                0x00000390      0x184 src/ASF/sam0/drivers/sercom/sercom.o
                0x00000390                _sercom_get_default_pad
 .text._sercom_get_sercom_inst_index
                0x00000514       0x3c src/ASF/sam0/drivers/sercom/sercom.o
                0x00000514                _sercom_get_sercom_inst_index
 .text._read    0x00000550       0x40 src/ASF/sam0/utils/stdio/read.o
                0x00000550                _read
 .text._write   0x00000590       0x50 src/ASF/sam0/utils/stdio/write.o
                0x00000590                _write
 .text.usart_init
                0x000005e0      0x364 src/ASF/sam0/drivers/sercom/usart/usart.o
                0x000005e0                usart_init
 .text.usart_write_wait
                0x00000944       0x2c src/ASF/sam0/drivers/sercom/usart/usart.o
                0x00000944                usart_write_wait
 .text.usart_read_wait
                0x00000970       0x70 src/ASF/sam0/drivers/sercom/usart/usart.o
                0x00000970                usart_read_wait
 .text.usart_write_buffer_wait
                0x000009e0       0xb8 src/ASF/sam0/drivers/sercom/usart/usart.o
                0x000009e0                usart_write_buffer_wait
 .text._usart_interrupt_handler
                0x00000a98      0x18c src/ASF/sam0/drivers/sercom/usart/usart_interrupt.o
                0x00000a98                _usart_interrupt_handler
 .text._sercom_default_handler
                0x00000c24        0x4 src/ASF/sam0/drivers/sercom/sercom_interrupt.o
 .text._sercom_set_handler
                0x00000c28       0x3c src/ASF/sam0/drivers/sercom/sercom_interrupt.o
                0x00000c28                _sercom_set_handler
 .text._sercom_get_interrupt_vector
                0x00000c64       0x2c src/ASF/sam0/drivers/sercom/sercom_interrupt.o
                0x00000c64                _sercom_get_interrupt_vector
 .text.SERCOM0_Handler
                0x00000c90       0x10 src/ASF/sam0/drivers/sercom/sercom_interrupt.o
                0x00000c90                SERCOM0_Handler
 .text.SERCOM1_Handler
                0x00000ca0       0x10 src/ASF/sam0/drivers/sercom/sercom_interrupt.o
                0x00000ca0                SERCOM1_Handler
 .text.SERCOM2_Handler
                0x00000cb0       0x10 src/ASF/sam0/drivers/sercom/sercom_interrupt.o
                0x00000cb0                SERCOM2_Handler
 .text.SERCOM3_Handler
                0x00000cc0       0x10 src/ASF/sam0/drivers/sercom/sercom_interrupt.o
                0x00000cc0                SERCOM3_Handler
 .text.SERCOM4_Handler
                0x00000cd0       0x10 src/ASF/sam0/drivers/sercom/sercom_interrupt.o
                0x00000cd0                SERCOM4_Handler
 .text.SERCOM5_Handler
                0x00000ce0       0x10 src/ASF/sam0/drivers/sercom/sercom_interrupt.o
                0x00000ce0                SERCOM5_Handler
 .text.cpu_irq_enter_critical
                0x00000cf0       0x40 src/ASF/common/utils/interrupt/interrupt_sam_nvic.o
                0x00000cf0                cpu_irq_enter_critical
 .text.cpu_irq_leave_critical
                0x00000d30       0x30 src/ASF/common/utils/interrupt/interrupt_sam_nvic.o
                0x00000d30                cpu_irq_leave_critical
 .text.system_board_init
                0x00000d60       0x38 src/ASF/sam0/boards/saml21_xplained_pro/board_init.o
                0x00000d60                board_init
                0x00000d60                system_board_init
 .text._adc_get_inst_index
                0x00000d98        0x4 src/ASF/sam0/drivers/adc/adc_sam_l_c/adc.o
                0x00000d98                _adc_get_inst_index
 .text.adc_get_config_defaults
                0x00000d9c       0x44 src/ASF/sam0/drivers/adc/adc_sam_l_c/adc.o
                0x00000d9c                adc_get_config_defaults
 .text.adc_init
                0x00000de0      0x3d4 src/ASF/sam0/drivers/adc/adc_sam_l_c/adc.o
                0x00000de0                adc_init
 .text.ADC_Handler
                0x000011b4       0xbc src/ASF/sam0/drivers/adc/adc_sam_l_c/adc_callback.o
                0x000011b4                ADC_Handler
 .text.adc_register_callback
                0x00001270       0x14 src/ASF/sam0/drivers/adc/adc_sam_l_c/adc_callback.o
                0x00001270                adc_register_callback
 .text.adc_read_buffer_job
                0x00001284       0x4c src/ASF/sam0/drivers/adc/adc_sam_l_c/adc_callback.o
                0x00001284                adc_read_buffer_job
 .text.opamp_module_init
                0x000012d0       0x3c src/ASF/sam0/drivers/opamp/opamp.o
                0x000012d0                opamp_module_init
 .text.opamp2_get_config_defaults
                0x0000130c       0x28 src/ASF/sam0/drivers/opamp/opamp.o
                0x0000130c                opamp2_get_config_defaults
 .text.opamp2_set_config
                0x00001334       0x5c src/ASF/sam0/drivers/opamp/opamp.o
                0x00001334                opamp2_set_config
 .text.opamp_enable
                0x00001390       0x34 src/ASF/sam0/drivers/opamp/opamp.o
                0x00001390                opamp_enable
 .text.opamp_is_ready
                0x000013c4       0x34 src/ASF/sam0/drivers/opamp/opamp.o
                0x000013c4                opamp_is_ready
 .text.port_pin_set_config
                0x000013f8       0x24 src/ASF/sam0/drivers/port/port.o
                0x000013f8                port_pin_set_config
 .text.system_clock_source_get_hz
                0x0000141c       0x94 src/ASF/sam0/drivers/system/clock/clock_saml21/clock.o
                0x0000141c                system_clock_source_get_hz
 .text.system_clock_source_osculp32k_set_config
                0x000014b0       0x20 src/ASF/sam0/drivers/system/clock/clock_saml21/clock.o
                0x000014b0                system_clock_source_osculp32k_set_config
 .text.system_clock_init
                0x000014d0       0xe0 src/ASF/sam0/drivers/system/clock/clock_saml21/clock.o
                0x000014d0                system_clock_init
 .text.system_gclk_init
                0x000015b0       0x24 src/ASF/sam0/drivers/system/clock/clock_saml21/gclk.o
                0x000015b0                system_gclk_init
 .text.system_gclk_gen_set_config
                0x000015d4       0xac src/ASF/sam0/drivers/system/clock/clock_saml21/gclk.o
                0x000015d4                system_gclk_gen_set_config
 .text.system_gclk_gen_enable
                0x00001680       0x40 src/ASF/sam0/drivers/system/clock/clock_saml21/gclk.o
                0x00001680                system_gclk_gen_enable
 .text.system_gclk_gen_get_hz
                0x000016c0       0x6c src/ASF/sam0/drivers/system/clock/clock_saml21/gclk.o
                0x000016c0                system_gclk_gen_get_hz
 .text.system_gclk_chan_enable
                0x0000172c       0x38 src/ASF/sam0/drivers/system/clock/clock_saml21/gclk.o
                0x0000172c                system_gclk_chan_enable
 .text.system_gclk_chan_disable
                0x00001764       0x38 src/ASF/sam0/drivers/system/clock/clock_saml21/gclk.o
                0x00001764                system_gclk_chan_disable
 .text.system_gclk_chan_set_config
                0x0000179c       0x24 src/ASF/sam0/drivers/system/clock/clock_saml21/gclk.o
                0x0000179c                system_gclk_chan_set_config
 .text.system_gclk_chan_get_hz
                0x000017c0       0x30 src/ASF/sam0/drivers/system/clock/clock_saml21/gclk.o
                0x000017c0                system_gclk_chan_get_hz
 .text._system_pinmux_config
                0x000017f0       0xa8 src/ASF/sam0/drivers/system/pinmux/pinmux.o
 .text.system_pinmux_pin_set_config
                0x00001898       0x30 src/ASF/sam0/drivers/system/pinmux/pinmux.o
                0x00001898                system_pinmux_pin_set_config
 .text._system_dummy_init
                0x000018c8        0x4 src/ASF/sam0/drivers/system/system.o
                0x000018c8                _system_extint_init
                0x000018c8                _system_events_init
                0x000018c8                _system_dummy_init
                0x000018c8                _system_divas_init
 .text.system_init
                0x000018cc       0x2c src/ASF/sam0/drivers/system/system.o
                0x000018cc                system_init
 .text.Dummy_Handler
                0x000018f8        0x4 src/ASF/sam0/utils/cmsis/saml21/source/gcc/startup_saml21.o
                0x000018f8                DMAC_Handler
                0x000018f8                TRNG_Handler
                0x000018f8                HardFault_Handler
                0x000018f8                TC2_Handler
                0x000018f8                AC_Handler
                0x000018f8                NMI_Handler
                0x000018f8                TCC1_Handler
                0x000018f8                TCC0_Handler
                0x000018f8                RTC_Handler
                0x000018f8                EIC_Handler
                0x000018f8                WDT_Handler
                0x000018f8                TC4_Handler
                0x000018f8                TC1_Handler
                0x000018f8                USB_Handler
                0x000018f8                TC3_Handler
                0x000018f8                Dummy_Handler
                0x000018f8                TCC2_Handler
                0x000018f8                EVSYS_Handler
                0x000018f8                NVMCTRL_Handler
                0x000018f8                SYSTEM_Handler
                0x000018f8                DAC_Handler
                0x000018f8                PTC_Handler
                0x000018f8                TC0_Handler
                0x000018f8                AES_Handler
 .text.Reset_Handler
                0x000018fc       0xa8 src/ASF/sam0/utils/cmsis/saml21/source/gcc/startup_saml21.o
                0x000018fc                Reset_Handler
 .text._sbrk    0x000019a4       0x24 src/ASF/sam0/utils/syscalls/gcc/syscalls.o
                0x000019a4                _sbrk
 .text._close   0x000019c8        0x8 src/ASF/sam0/utils/syscalls/gcc/syscalls.o
                0x000019c8                _close
 .text._fstat   0x000019d0        0xc src/ASF/sam0/utils/syscalls/gcc/syscalls.o
                0x000019d0                _fstat
 .text._lseek   0x000019dc        0x4 src/ASF/sam0/utils/syscalls/gcc/syscalls.o
                0x000019dc                _lseek
 .text.vListInitialise
                0x000019e0       0x18 src/ASF/thirdparty/freertos/freertos-8.0.1/Source/list.o
                0x000019e0                vListInitialise
 .text.vListInitialiseItem
                0x000019f8        0x8 src/ASF/thirdparty/freertos/freertos-8.0.1/Source/list.o
                0x000019f8                vListInitialiseItem
 .text.vListInsertEnd
                0x00001a00       0x18 src/ASF/thirdparty/freertos/freertos-8.0.1/Source/list.o
                0x00001a00                vListInsertEnd
 .text.vListInsert
                0x00001a18       0x30 src/ASF/thirdparty/freertos/freertos-8.0.1/Source/list.o
                0x00001a18                vListInsert
 .text.uxListRemove
                0x00001a48       0x24 src/ASF/thirdparty/freertos/freertos-8.0.1/Source/list.o
                0x00001a48                uxListRemove
 .text.prvTaskExitError
                0x00001a6c       0x14 src/ASF/thirdparty/freertos/freertos-8.0.1/Source/portable/GCC/ARM_CM0/port.o
 .text.vPortStartFirstTask
                0x00001a80       0x20 src/ASF/thirdparty/freertos/freertos-8.0.1/Source/portable/GCC/ARM_CM0/port.o
 .text.pxPortInitialiseStack
                0x00001aa0       0x20 src/ASF/thirdparty/freertos/freertos-8.0.1/Source/portable/GCC/ARM_CM0/port.o
                0x00001aa0                pxPortInitialiseStack
 .text.SVC_Handler
                0x00001ac0        0x4 src/ASF/thirdparty/freertos/freertos-8.0.1/Source/portable/GCC/ARM_CM0/port.o
                0x00001ac0                SVC_Handler
 .text.vPortYield
                0x00001ac4       0x18 src/ASF/thirdparty/freertos/freertos-8.0.1/Source/portable/GCC/ARM_CM0/port.o
                0x00001ac4                vPortYield
 .text.vPortEnterCritical
                0x00001adc       0x18 src/ASF/thirdparty/freertos/freertos-8.0.1/Source/portable/GCC/ARM_CM0/port.o
                0x00001adc                vPortEnterCritical
 .text.vPortExitCritical
                0x00001af4       0x20 src/ASF/thirdparty/freertos/freertos-8.0.1/Source/portable/GCC/ARM_CM0/port.o
                0x00001af4                vPortExitCritical
 .text.ulSetInterruptMaskFromISR
                0x00001b14        0xc src/ASF/thirdparty/freertos/freertos-8.0.1/Source/portable/GCC/ARM_CM0/port.o
                0x00001b14                ulSetInterruptMaskFromISR
 .text.vClearInterruptMaskFromISR
                0x00001b20        0x8 src/ASF/thirdparty/freertos/freertos-8.0.1/Source/portable/GCC/ARM_CM0/port.o
                0x00001b20                vClearInterruptMaskFromISR
 .text.PendSV_Handler
                0x00001b28       0x44 src/ASF/thirdparty/freertos/freertos-8.0.1/Source/portable/GCC/ARM_CM0/port.o
                0x00001b28                PendSV_Handler
 .text.SysTick_Handler
                0x00001b6c       0x30 src/ASF/thirdparty/freertos/freertos-8.0.1/Source/portable/GCC/ARM_CM0/port.o
                0x00001b6c                SysTick_Handler
 .text.vPortSetupTimerInterrupt
                0x00001b9c       0x24 src/ASF/thirdparty/freertos/freertos-8.0.1/Source/portable/GCC/ARM_CM0/port.o
                0x00001b9c                vPortSetupTimerInterrupt
 .text.xPortStartScheduler
                0x00001bc0       0x40 src/ASF/thirdparty/freertos/freertos-8.0.1/Source/portable/GCC/ARM_CM0/port.o
                0x00001bc0                xPortStartScheduler
 .text.pvPortMalloc
                0x00001c00       0x68 src/ASF/thirdparty/freertos/freertos-8.0.1/Source/portable/MemMang/heap_1.o
                0x00001c00                pvPortMalloc
 .text.vPortFree
                0x00001c68        0xc src/ASF/thirdparty/freertos/freertos-8.0.1/Source/portable/MemMang/heap_1.o
                0x00001c68                vPortFree
 .text.prvCopyDataToQueue
                0x00001c74       0x7c src/ASF/thirdparty/freertos/freertos-8.0.1/Source/queue.o
 .text.prvNotifyQueueSetContainer
                0x00001cf0       0x50 src/ASF/thirdparty/freertos/freertos-8.0.1/Source/queue.o
 .text.prvCopyDataFromQueue
                0x00001d40       0x28 src/ASF/thirdparty/freertos/freertos-8.0.1/Source/queue.o
 .text.prvUnlockQueue
                0x00001d68       0xac src/ASF/thirdparty/freertos/freertos-8.0.1/Source/queue.o
 .text.xQueueGenericReset
                0x00001e14       0x78 src/ASF/thirdparty/freertos/freertos-8.0.1/Source/queue.o
                0x00001e14                xQueueGenericReset
 .text.xQueueGenericCreate
                0x00001e8c       0x54 src/ASF/thirdparty/freertos/freertos-8.0.1/Source/queue.o
                0x00001e8c                xQueueGenericCreate
 .text.xQueueGenericSend
                0x00001ee0      0x178 src/ASF/thirdparty/freertos/freertos-8.0.1/Source/queue.o
                0x00001ee0                xQueueGenericSend
 .text.xQueueGenericSendFromISR
                0x00002058       0xc8 src/ASF/thirdparty/freertos/freertos-8.0.1/Source/queue.o
                0x00002058                xQueueGenericSendFromISR
 .text.xQueueGenericReceive
                0x00002120      0x18c src/ASF/thirdparty/freertos/freertos-8.0.1/Source/queue.o
                0x00002120                xQueueGenericReceive
 .text.vQueueWaitForMessageRestricted
                0x000022ac       0x4c src/ASF/thirdparty/freertos/freertos-8.0.1/Source/queue.o
                0x000022ac                vQueueWaitForMessageRestricted
 .text.prvResetNextTaskUnblockTime
                0x000022f8       0x2c src/ASF/thirdparty/freertos/freertos-8.0.1/Source/tasks.o
 .text.prvAddCurrentTaskToDelayedList
                0x00002324       0x58 src/ASF/thirdparty/freertos/freertos-8.0.1/Source/tasks.o
 .text.xTaskGenericCreate
                0x0000237c      0x1ec src/ASF/thirdparty/freertos/freertos-8.0.1/Source/tasks.o
                0x0000237c                xTaskGenericCreate
 .text.vTaskStartScheduler
                0x00002568       0x60 src/ASF/thirdparty/freertos/freertos-8.0.1/Source/tasks.o
                0x00002568                vTaskStartScheduler
 .text.vTaskSuspendAll
                0x000025c8       0x10 src/ASF/thirdparty/freertos/freertos-8.0.1/Source/tasks.o
                0x000025c8                vTaskSuspendAll
 .text.xTaskGetTickCount
                0x000025d8       0x20 src/ASF/thirdparty/freertos/freertos-8.0.1/Source/tasks.o
                0x000025d8                xTaskGetTickCount
 .text.xTaskIncrementTick
                0x000025f8      0x124 src/ASF/thirdparty/freertos/freertos-8.0.1/Source/tasks.o
                0x000025f8                xTaskIncrementTick
 .text.xTaskResumeAll
                0x0000271c       0xf8 src/ASF/thirdparty/freertos/freertos-8.0.1/Source/tasks.o
                0x0000271c                xTaskResumeAll
 .text.vTaskDelay
                0x00002814       0x5c src/ASF/thirdparty/freertos/freertos-8.0.1/Source/tasks.o
                0x00002814                vTaskDelay
 .text.prvIdleTask
                0x00002870       0x8c src/ASF/thirdparty/freertos/freertos-8.0.1/Source/tasks.o
 .text.vTaskSwitchContext
                0x000028fc       0xac src/ASF/thirdparty/freertos/freertos-8.0.1/Source/tasks.o
                0x000028fc                vTaskSwitchContext
 .text.vTaskPlaceOnEventList
                0x000029a8       0x58 src/ASF/thirdparty/freertos/freertos-8.0.1/Source/tasks.o
                0x000029a8                vTaskPlaceOnEventList
 .text.vTaskPlaceOnEventListRestricted
                0x00002a00       0x40 src/ASF/thirdparty/freertos/freertos-8.0.1/Source/tasks.o
                0x00002a00                vTaskPlaceOnEventListRestricted
 .text.xTaskRemoveFromEventList
                0x00002a40       0x88 src/ASF/thirdparty/freertos/freertos-8.0.1/Source/tasks.o
                0x00002a40                xTaskRemoveFromEventList
 .text.vTaskSetTimeOutState
                0x00002ac8       0x20 src/ASF/thirdparty/freertos/freertos-8.0.1/Source/tasks.o
                0x00002ac8                vTaskSetTimeOutState
 .text.xTaskCheckForTimeOut
                0x00002ae8       0x70 src/ASF/thirdparty/freertos/freertos-8.0.1/Source/tasks.o
                0x00002ae8                xTaskCheckForTimeOut
 .text.vTaskMissedYield
                0x00002b58        0xc src/ASF/thirdparty/freertos/freertos-8.0.1/Source/tasks.o
                0x00002b58                vTaskMissedYield
 .text.xTaskGetCurrentTaskHandle
                0x00002b64        0xc src/ASF/thirdparty/freertos/freertos-8.0.1/Source/tasks.o
                0x00002b64                xTaskGetCurrentTaskHandle
 .text.xTaskGetSchedulerState
                0x00002b70       0x20 src/ASF/thirdparty/freertos/freertos-8.0.1/Source/tasks.o
                0x00002b70                xTaskGetSchedulerState
 .text.vTaskPriorityInherit
                0x00002b90       0x80 src/ASF/thirdparty/freertos/freertos-8.0.1/Source/tasks.o
                0x00002b90                vTaskPriorityInherit
 .text.vTaskPriorityDisinherit
                0x00002c10       0x54 src/ASF/thirdparty/freertos/freertos-8.0.1/Source/tasks.o
                0x00002c10                vTaskPriorityDisinherit
 .text.prvInsertTimerInActiveList
                0x00002c64       0x48 src/ASF/thirdparty/freertos/freertos-8.0.1/Source/timers.o
 .text.prvCheckForValidListAndQueue
                0x00002cac       0x68 src/ASF/thirdparty/freertos/freertos-8.0.1/Source/timers.o
 .text.xTimerCreateTimerTask
                0x00002d14       0x48 src/ASF/thirdparty/freertos/freertos-8.0.1/Source/timers.o
                0x00002d14                xTimerCreateTimerTask
 .text.xTimerGenericCommand
                0x00002d5c       0x64 src/ASF/thirdparty/freertos/freertos-8.0.1/Source/timers.o
                0x00002d5c                xTimerGenericCommand
 .text.prvSampleTimeNow
                0x00002dc0       0xbc src/ASF/thirdparty/freertos/freertos-8.0.1/Source/timers.o
 .text.prvTimerTask
                0x00002e7c      0x18c src/ASF/thirdparty/freertos/freertos-8.0.1/Source/timers.o
 .text.adc_complete_callback
                0x00003008        0xc src/main.o
                0x00003008                adc_complete_callback
 .text.uart_task
                0x00003014       0xe0 src/main.o
 .text.rx_handler
                0x000030f4       0x74 src/main.o
 .text.usart_serial_getchar
                0x00003168       0x2c src/main.o
 .text.usart_serial_putchar
                0x00003194       0x18 src/main.o
 .text.configure_opamp2
                0x000031ac       0x70 src/main.o
                0x000031ac                configure_opamp2
 .text.configure_adc
                0x0000321c       0x64 src/main.o
                0x0000321c                configure_adc
 .text.configure_adc_callbacks
                0x00003280       0x24 src/main.o
                0x00003280                configure_adc_callbacks
 .text.main     0x000032a4      0x1dc src/main.o
                0x000032a4                main
 .text.media    0x00003480       0x38 src/main.o
                0x00003480                media
 .text.main_task
                0x000034b8       0x58 src/main.o
 .text          0x00003510      0x114 c:/program files (x86)/atmel/studio/7.0/toolchain/arm/arm-gnu-toolchain/bin/../lib/gcc/arm-none-eabi/5.3.1/armv6-m\libgcc.a(_udivsi3.o)
                0x00003510                __aeabi_uidiv
                0x00003510                __udivsi3
                0x0000361c                __aeabi_uidivmod
 .text          0x00003624        0x4 c:/program files (x86)/atmel/studio/7.0/toolchain/arm/arm-gnu-toolchain/bin/../lib/gcc/arm-none-eabi/5.3.1/armv6-m\libgcc.a(_dvmd_tls.o)
                0x00003624                __aeabi_idiv0
                0x00003624                __aeabi_ldiv0
 .text          0x00003628       0x58 c:/program files (x86)/atmel/studio/7.0/toolchain/arm/arm-gnu-toolchain/bin/../lib/gcc/arm-none-eabi/5.3.1/armv6-m\libgcc.a(_muldi3.o)
                0x00003628                __muldi3
                0x00003628                __aeabi_lmul
 .text.__libc_init_array
                0x00003680       0x4c c:/program files (x86)/atmel/studio/7.0/toolchain/arm/arm-gnu-toolchain/bin/../lib/gcc/arm-none-eabi/5.3.1/../../../../arm-none-eabi/lib/armv6-m\libc_nano.a(lib_a-init.o)
                0x00003680                __libc_init_array
 .text.memcpy   0x000036cc       0x12 c:/program files (x86)/atmel/studio/7.0/toolchain/arm/arm-gnu-toolchain/bin/../lib/gcc/arm-none-eabi/5.3.1/../../../../arm-none-eabi/lib/armv6-m\libc_nano.a(lib_a-memcpy-stub.o)
                0x000036cc                memcpy
 .text.memset   0x000036de       0x10 c:/program files (x86)/atmel/studio/7.0/toolchain/arm/arm-gnu-toolchain/bin/../lib/gcc/arm-none-eabi/5.3.1/../../../../arm-none-eabi/lib/armv6-m\libc_nano.a(lib_a-memset.o)
                0x000036de                memset
 .text.setbuf   0x000036ee       0x12 c:/program files (x86)/atmel/studio/7.0/toolchain/arm/arm-gnu-toolchain/bin/../lib/gcc/arm-none-eabi/5.3.1/../../../../arm-none-eabi/lib/armv6-m\libc_nano.a(lib_a-setbuf.o)
                0x000036ee                setbuf
 .text.setvbuf  0x00003700      0x160 c:/program files (x86)/atmel/studio/7.0/toolchain/arm/arm-gnu-toolchain/bin/../lib/gcc/arm-none-eabi/5.3.1/../../../../arm-none-eabi/lib/armv6-m\libc_nano.a(lib_a-setvbuf.o)
                0x00003700                setvbuf
 .text.__sflush_r
                0x00003860      0x10c c:/program files (x86)/atmel/studio/7.0/toolchain/arm/arm-gnu-toolchain/bin/../lib/gcc/arm-none-eabi/5.3.1/../../../../arm-none-eabi/lib/armv6-m\libc_nano.a(lib_a-fflush.o)
                0x00003860                __sflush_r
 .text._fflush_r
                0x0000396c       0x58 c:/program files (x86)/atmel/studio/7.0/toolchain/arm/arm-gnu-toolchain/bin/../lib/gcc/arm-none-eabi/5.3.1/../../../../arm-none-eabi/lib/armv6-m\libc_nano.a(lib_a-fflush.o)
                0x0000396c                _fflush_r
 .text._cleanup_r
                0x000039c4       0x10 c:/program files (x86)/atmel/studio/7.0/toolchain/arm/arm-gnu-toolchain/bin/../lib/gcc/arm-none-eabi/5.3.1/../../../../arm-none-eabi/lib/armv6-m\libc_nano.a(lib_a-findfp.o)
                0x000039c4                _cleanup_r
 .text.std.isra.0
                0x000039d4       0x48 c:/program files (x86)/atmel/studio/7.0/toolchain/arm/arm-gnu-toolchain/bin/../lib/gcc/arm-none-eabi/5.3.1/../../../../arm-none-eabi/lib/armv6-m\libc_nano.a(lib_a-findfp.o)
 .text.__sfmoreglue
                0x00003a1c       0x2c c:/program files (x86)/atmel/studio/7.0/toolchain/arm/arm-gnu-toolchain/bin/../lib/gcc/arm-none-eabi/5.3.1/../../../../arm-none-eabi/lib/armv6-m\libc_nano.a(lib_a-findfp.o)
                0x00003a1c                __sfmoreglue
 .text.__sinit  0x00003a48       0x68 c:/program files (x86)/atmel/studio/7.0/toolchain/arm/arm-gnu-toolchain/bin/../lib/gcc/arm-none-eabi/5.3.1/../../../../arm-none-eabi/lib/armv6-m\libc_nano.a(lib_a-findfp.o)
                0x00003a48                __sinit
 .text.__sfp    0x00003ab0       0x7c c:/program files (x86)/atmel/studio/7.0/toolchain/arm/arm-gnu-toolchain/bin/../lib/gcc/arm-none-eabi/5.3.1/../../../../arm-none-eabi/lib/armv6-m\libc_nano.a(lib_a-findfp.o)
                0x00003ab0                __sfp
 .text._fwalk_reent
                0x00003b2c       0x42 c:/program files (x86)/atmel/studio/7.0/toolchain/arm/arm-gnu-toolchain/bin/../lib/gcc/arm-none-eabi/5.3.1/../../../../arm-none-eabi/lib/armv6-m\libc_nano.a(lib_a-fwalk.o)
                0x00003b2c                _fwalk_reent
 *fill*         0x00003b6e        0x2 
 .text.__swhatbuf_r
                0x00003b70       0x4c c:/program files (x86)/atmel/studio/7.0/toolchain/arm/arm-gnu-toolchain/bin/../lib/gcc/arm-none-eabi/5.3.1/../../../../arm-none-eabi/lib/armv6-m\libc_nano.a(lib_a-makebuf.o)
                0x00003b70                __swhatbuf_r
 .text.malloc   0x00003bbc       0x14 c:/program files (x86)/atmel/studio/7.0/toolchain/arm/arm-gnu-toolchain/bin/../lib/gcc/arm-none-eabi/5.3.1/../../../../arm-none-eabi/lib/armv6-m\libc_nano.a(lib_a-malloc.o)
                0x00003bbc                malloc
 .text._free_r  0x00003bd0       0x8c c:/program files (x86)/atmel/studio/7.0/toolchain/arm/arm-gnu-toolchain/bin/../lib/gcc/arm-none-eabi/5.3.1/../../../../arm-none-eabi/lib/armv6-m\libc_nano.a(lib_a-nano-freer.o)
                0x00003bd0                _free_r
 .text._malloc_r
                0x00003c5c       0xac c:/program files (x86)/atmel/studio/7.0/toolchain/arm/arm-gnu-toolchain/bin/../lib/gcc/arm-none-eabi/5.3.1/../../../../arm-none-eabi/lib/armv6-m\libc_nano.a(lib_a-nano-mallocr.o)
                0x00003c5c                _malloc_r
 .text._sbrk_r  0x00003d08       0x24 c:/program files (x86)/atmel/studio/7.0/toolchain/arm/arm-gnu-toolchain/bin/../lib/gcc/arm-none-eabi/5.3.1/../../../../arm-none-eabi/lib/armv6-m\libc_nano.a(lib_a-sbrkr.o)
                0x00003d08                _sbrk_r
 .text.__sread  0x00003d2c       0x28 c:/program files (x86)/atmel/studio/7.0/toolchain/arm/arm-gnu-toolchain/bin/../lib/gcc/arm-none-eabi/5.3.1/../../../../arm-none-eabi/lib/armv6-m\libc_nano.a(lib_a-stdio.o)
                0x00003d2c                __sread
 .text.__swrite
                0x00003d54       0x38 c:/program files (x86)/atmel/studio/7.0/toolchain/arm/arm-gnu-toolchain/bin/../lib/gcc/arm-none-eabi/5.3.1/../../../../arm-none-eabi/lib/armv6-m\libc_nano.a(lib_a-stdio.o)
                0x00003d54                __swrite
 .text.__sseek  0x00003d8c       0x2c c:/program files (x86)/atmel/studio/7.0/toolchain/arm/arm-gnu-toolchain/bin/../lib/gcc/arm-none-eabi/5.3.1/../../../../arm-none-eabi/lib/armv6-m\libc_nano.a(lib_a-stdio.o)
                0x00003d8c                __sseek
 .text.__sclose
                0x00003db8        0xc c:/program files (x86)/atmel/studio/7.0/toolchain/arm/arm-gnu-toolchain/bin/../lib/gcc/arm-none-eabi/5.3.1/../../../../arm-none-eabi/lib/armv6-m\libc_nano.a(lib_a-stdio.o)
                0x00003db8                __sclose
 .text._write_r
                0x00003dc4       0x28 c:/program files (x86)/atmel/studio/7.0/toolchain/arm/arm-gnu-toolchain/bin/../lib/gcc/arm-none-eabi/5.3.1/../../../../arm-none-eabi/lib/armv6-m\libc_nano.a(lib_a-writer.o)
                0x00003dc4                _write_r
 .text._close_r
                0x00003dec       0x24 c:/program files (x86)/atmel/studio/7.0/toolchain/arm/arm-gnu-toolchain/bin/../lib/gcc/arm-none-eabi/5.3.1/../../../../arm-none-eabi/lib/armv6-m\libc_nano.a(lib_a-closer.o)
                0x00003dec                _close_r
 .text._fstat_r
                0x00003e10       0x24 c:/program files (x86)/atmel/studio/7.0/toolchain/arm/arm-gnu-toolchain/bin/../lib/gcc/arm-none-eabi/5.3.1/../../../../arm-none-eabi/lib/armv6-m\libc_nano.a(lib_a-fstatr.o)
                0x00003e10                _fstat_r
 .text._lseek_r
                0x00003e34       0x28 c:/program files (x86)/atmel/studio/7.0/toolchain/arm/arm-gnu-toolchain/bin/../lib/gcc/arm-none-eabi/5.3.1/../../../../arm-none-eabi/lib/armv6-m\libc_nano.a(lib_a-lseekr.o)
                0x00003e34                _lseek_r
 .text._read_r  0x00003e5c       0x28 c:/program files (x86)/atmel/studio/7.0/toolchain/arm/arm-gnu-toolchain/bin/../lib/gcc/arm-none-eabi/5.3.1/../../../../arm-none-eabi/lib/armv6-m\libc_nano.a(lib_a-readr.o)
                0x00003e5c                _read_r
 *(.glue_7t)
 .glue_7t       0x00003e84        0x0 linker stubs
 *(.glue_7)
 .glue_7        0x00003e84        0x0 linker stubs
 *(.rodata .rodata* .gnu.linkonce.r.*)
 .rodata        0x00003e84       0x18 src/ASF/sam0/drivers/sercom/sercom.o
 .rodata        0x00003e9c        0x6 src/ASF/sam0/drivers/sercom/sercom_interrupt.o
 *fill*         0x00003ea2        0x2 
 .rodata.adc_init
                0x00003ea4       0xd4 src/ASF/sam0/drivers/adc/adc_sam_l_c/adc.o
 .rodata        0x00003f78       0x60 src/ASF/sam0/drivers/adc/adc_sam_l_c/adc.o
 .rodata.system_clock_source_get_hz
                0x00003fd8       0x24 src/ASF/sam0/drivers/system/clock/clock_saml21/clock.o
 .rodata.str1.4
                0x00003ffc        0x5 src/ASF/thirdparty/freertos/freertos-8.0.1/Source/tasks.o
 *fill*         0x00004001        0x3 
 .rodata.prvTimerTask
                0x00004004       0x28 src/ASF/thirdparty/freertos/freertos-8.0.1/Source/timers.o
 .rodata.str1.4
                0x0000402c        0x8 src/ASF/thirdparty/freertos/freertos-8.0.1/Source/timers.o
 .rodata.str1.4
                0x00004034       0x10 src/main.o
                                  0xd (size before relaxing)
 .rodata.str1.1
                0x00004044        0x2 c:/program files (x86)/atmel/studio/7.0/toolchain/arm/arm-gnu-toolchain/bin/../lib/gcc/arm-none-eabi/5.3.1/../../../../arm-none-eabi/lib/armv6-m\libc_nano.a(lib_a-impure.o)
 *fill*         0x00004046        0x2 
 .rodata._global_impure_ptr
                0x00004048        0x4 c:/program files (x86)/atmel/studio/7.0/toolchain/arm/arm-gnu-toolchain/bin/../lib/gcc/arm-none-eabi/5.3.1/../../../../arm-none-eabi/lib/armv6-m\libc_nano.a(lib_a-impure.o)
                0x00004048                _global_impure_ptr
 .rodata.__sf_fake_stdin
                0x0000404c       0x20 c:/program files (x86)/atmel/studio/7.0/toolchain/arm/arm-gnu-toolchain/bin/../lib/gcc/arm-none-eabi/5.3.1/../../../../arm-none-eabi/lib/armv6-m\libc_nano.a(lib_a-findfp.o)
                0x0000404c                __sf_fake_stdin
 .rodata.__sf_fake_stdout
                0x0000406c       0x20 c:/program files (x86)/atmel/studio/7.0/toolchain/arm/arm-gnu-toolchain/bin/../lib/gcc/arm-none-eabi/5.3.1/../../../../arm-none-eabi/lib/armv6-m\libc_nano.a(lib_a-findfp.o)
                0x0000406c                __sf_fake_stdout
 .rodata.__sf_fake_stderr
                0x0000408c       0x20 c:/program files (x86)/atmel/studio/7.0/toolchain/arm/arm-gnu-toolchain/bin/../lib/gcc/arm-none-eabi/5.3.1/../../../../arm-none-eabi/lib/armv6-m\libc_nano.a(lib_a-findfp.o)
                0x0000408c                __sf_fake_stderr
 *(.ARM.extab* .gnu.linkonce.armextab.*)
                0x000040ac                . = ALIGN (0x4)
 *(.init)
 .init          0x000040ac        0x4 c:/program files (x86)/atmel/studio/7.0/toolchain/arm/arm-gnu-toolchain/bin/../lib/gcc/arm-none-eabi/5.3.1/armv6-m/crti.o
                0x000040ac                _init
 .init          0x000040b0        0x8 c:/program files (x86)/atmel/studio/7.0/toolchain/arm/arm-gnu-toolchain/bin/../lib/gcc/arm-none-eabi/5.3.1/armv6-m/crtn.o
                0x000040b8                . = ALIGN (0x4)
                0x000040b8                __preinit_array_start = .
 *(.preinit_array)
                0x000040b8                __preinit_array_end = .
                0x000040b8                . = ALIGN (0x4)
                0x000040b8                __init_array_start = .
 *(SORT(.init_array.*))
 *(.init_array)
 .init_array    0x000040b8        0x4 c:/program files (x86)/atmel/studio/7.0/toolchain/arm/arm-gnu-toolchain/bin/../lib/gcc/arm-none-eabi/5.3.1/armv6-m/crtbegin.o
                0x000040bc                __init_array_end = .
                0x000040bc                . = ALIGN (0x4)
 *crtbegin.o(.ctors)
 *(EXCLUDE_FILE(*crtend.o) .ctors)
 *(SORT(.ctors.*))
 *crtend.o(.ctors)
                0x000040bc                . = ALIGN (0x4)
 *(.fini)
 .fini          0x000040bc        0x4 c:/program files (x86)/atmel/studio/7.0/toolchain/arm/arm-gnu-toolchain/bin/../lib/gcc/arm-none-eabi/5.3.1/armv6-m/crti.o
                0x000040bc                _fini
 .fini          0x000040c0        0x8 c:/program files (x86)/atmel/studio/7.0/toolchain/arm/arm-gnu-toolchain/bin/../lib/gcc/arm-none-eabi/5.3.1/armv6-m/crtn.o
                0x000040c8                . = ALIGN (0x4)
                0x000040c8                __fini_array_start = .
 *(.fini_array)
 .fini_array    0x000040c8        0x4 c:/program files (x86)/atmel/studio/7.0/toolchain/arm/arm-gnu-toolchain/bin/../lib/gcc/arm-none-eabi/5.3.1/armv6-m/crtbegin.o
 *(SORT(.fini_array.*))
                0x000040cc                __fini_array_end = .
 *crtbegin.o(.dtors)
 *(EXCLUDE_FILE(*crtend.o) .dtors)
 *(SORT(.dtors.*))
 *crtend.o(.dtors)
                0x000040cc                . = ALIGN (0x4)
                0x000040cc                _efixed = .
                [!provide]                PROVIDE (__exidx_start, .)

.vfp11_veneer   0x000040cc        0x0
 .vfp11_veneer  0x000040cc        0x0 linker stubs

.v4_bx          0x000040cc        0x0
 .v4_bx         0x000040cc        0x0 linker stubs

.iplt           0x000040cc        0x0
 .iplt          0x000040cc        0x0 c:/program files (x86)/atmel/studio/7.0/toolchain/arm/arm-gnu-toolchain/bin/../lib/gcc/arm-none-eabi/5.3.1/armv6-m/crtbegin.o

.eh_frame       0x000040cc        0x0
 .eh_frame      0x000040cc        0x0 c:/program files (x86)/atmel/studio/7.0/toolchain/arm/arm-gnu-toolchain/bin/../lib/gcc/arm-none-eabi/5.3.1/armv6-m/crtbegin.o

.rel.dyn        0x000040cc        0x0
 .rel.iplt      0x000040cc        0x0 c:/program files (x86)/atmel/studio/7.0/toolchain/arm/arm-gnu-toolchain/bin/../lib/gcc/arm-none-eabi/5.3.1/armv6-m/crtbegin.o

.jcr            0x000040cc        0x0
 .jcr           0x000040cc        0x0 c:/program files (x86)/atmel/studio/7.0/toolchain/arm/arm-gnu-toolchain/bin/../lib/gcc/arm-none-eabi/5.3.1/armv6-m/crtbegin.o

.igot.plt       0x000040cc        0x0
 .igot.plt      0x000040cc        0x0 c:/program files (x86)/atmel/studio/7.0/toolchain/arm/arm-gnu-toolchain/bin/../lib/gcc/arm-none-eabi/5.3.1/armv6-m/crtbegin.o

.ARM.exidx
 *(.ARM.exidx* .gnu.linkonce.armexidx.*)
                [!provide]                PROVIDE (__exidx_end, .)
                0x000040cc                . = ALIGN (0x4)
                0x000040cc                _etext = .

.relocate       0x20000000       0x7c load address 0x000040cc
                0x20000000                . = ALIGN (0x4)
                0x20000000                _srelocate = .
 *(.ramfunc .ramfunc.*)
 *(.data .data.*)
 .data.cycles_per_us
                0x20000000        0x4 src/ASF/common2/services/delay/sam0/systick_counter.o
 .data.cycles_per_ms
                0x20000004        0x4 src/ASF/common2/services/delay/sam0/systick_counter.o
 .data.g_interrupt_enabled
                0x20000008        0x1 src/ASF/common/utils/interrupt/interrupt_sam_nvic.o
                0x20000008                g_interrupt_enabled
 *fill*         0x20000009        0x3 
 .data.uxCriticalNesting
                0x2000000c        0x4 src/ASF/thirdparty/freertos/freertos-8.0.1/Source/portable/GCC/ARM_CM0/port.o
 .data.xNextTaskUnblockTime
                0x20000010        0x4 src/ASF/thirdparty/freertos/freertos-8.0.1/Source/tasks.o
 .data.n_sample
                0x20000014        0x4 src/main.o
                0x20000014                n_sample
 .data.impure_data
                0x20000018       0x60 c:/program files (x86)/atmel/studio/7.0/toolchain/arm/arm-gnu-toolchain/bin/../lib/gcc/arm-none-eabi/5.3.1/../../../../arm-none-eabi/lib/armv6-m\libc_nano.a(lib_a-impure.o)
 .data._impure_ptr
                0x20000078        0x4 c:/program files (x86)/atmel/studio/7.0/toolchain/arm/arm-gnu-toolchain/bin/../lib/gcc/arm-none-eabi/5.3.1/../../../../arm-none-eabi/lib/armv6-m\libc_nano.a(lib_a-impure.o)
                0x20000078                _impure_ptr
                0x2000007c                . = ALIGN (0x4)
                0x2000007c                _erelocate = .

.lpram          0x30000000        0x0
                0x30000000                . = ALIGN (0x8)
                0x30000000                _slpram = .
 *(.lpram .lpram.*)
                0x30000000                . = ALIGN (0x8)
                0x30000000                _elpram = .

.bss            0x2000007c     0x3f04 load address 0x00004148
                0x2000007c                . = ALIGN (0x4)
                0x2000007c                _sbss = .
                0x2000007c                _szero = .
 *(.bss .bss.*)
 .bss           0x2000007c       0x1c c:/program files (x86)/atmel/studio/7.0/toolchain/arm/arm-gnu-toolchain/bin/../lib/gcc/arm-none-eabi/5.3.1/armv6-m/crtbegin.o
 .bss._sercom_config
                0x20000098        0x2 src/ASF/sam0/drivers/sercom/sercom.o
 .bss._handler_table_initialized
                0x2000009a        0x1 src/ASF/sam0/drivers/sercom/sercom_interrupt.o
 *fill*         0x2000009b        0x1 
 .bss._sercom_interrupt_handlers
                0x2000009c       0x18 src/ASF/sam0/drivers/sercom/sercom_interrupt.o
 .bss.cpu_irq_critical_section_counter
                0x200000b4        0x4 src/ASF/common/utils/interrupt/interrupt_sam_nvic.o
 .bss.cpu_irq_prev_interrupt_state
                0x200000b8        0x1 src/ASF/common/utils/interrupt/interrupt_sam_nvic.o
 *fill*         0x200000b9        0x3 
 .bss._system_clock_inst
                0x200000bc       0x18 src/ASF/sam0/drivers/system/clock/clock_saml21/clock.o
 .bss.heap.5286
                0x200000d4        0x4 src/ASF/sam0/utils/syscalls/gcc/syscalls.o
 .bss.xNextFreeByte
                0x200000d8        0x4 src/ASF/thirdparty/freertos/freertos-8.0.1/Source/portable/MemMang/heap_1.o
 .bss.ucHeap    0x200000dc     0x3a98 src/ASF/thirdparty/freertos/freertos-8.0.1/Source/portable/MemMang/heap_1.o
 .bss.pucAlignedHeap.4991
                0x20003b74        0x4 src/ASF/thirdparty/freertos/freertos-8.0.1/Source/portable/MemMang/heap_1.o
 .bss.xNumOfOverflows
                0x20003b78        0x4 src/ASF/thirdparty/freertos/freertos-8.0.1/Source/tasks.o
 .bss.pxDelayedTaskList
                0x20003b7c        0x4 src/ASF/thirdparty/freertos/freertos-8.0.1/Source/tasks.o
 .bss.xSchedulerRunning
                0x20003b80        0x4 src/ASF/thirdparty/freertos/freertos-8.0.1/Source/tasks.o
 .bss.uxTasksDeleted
                0x20003b84        0x4 src/ASF/thirdparty/freertos/freertos-8.0.1/Source/tasks.o
 .bss.xDelayedTaskList1
                0x20003b88       0x14 src/ASF/thirdparty/freertos/freertos-8.0.1/Source/tasks.o
 .bss.xDelayedTaskList2
                0x20003b9c       0x14 src/ASF/thirdparty/freertos/freertos-8.0.1/Source/tasks.o
 .bss.uxPendedTicks
                0x20003bb0        0x4 src/ASF/thirdparty/freertos/freertos-8.0.1/Source/tasks.o
 .bss.pxReadyTasksLists
                0x20003bb4       0x64 src/ASF/thirdparty/freertos/freertos-8.0.1/Source/tasks.o
 .bss.xTasksWaitingTermination
                0x20003c18       0x14 src/ASF/thirdparty/freertos/freertos-8.0.1/Source/tasks.o
 .bss.pxCurrentTCB
                0x20003c2c        0x4 src/ASF/thirdparty/freertos/freertos-8.0.1/Source/tasks.o
                0x20003c2c                pxCurrentTCB
 .bss.xPendingReadyList
                0x20003c30       0x14 src/ASF/thirdparty/freertos/freertos-8.0.1/Source/tasks.o
 .bss.uxSchedulerSuspended
                0x20003c44        0x4 src/ASF/thirdparty/freertos/freertos-8.0.1/Source/tasks.o
 .bss.xTickCount
                0x20003c48        0x4 src/ASF/thirdparty/freertos/freertos-8.0.1/Source/tasks.o
 .bss.pxOverflowDelayedTaskList
                0x20003c4c        0x4 src/ASF/thirdparty/freertos/freertos-8.0.1/Source/tasks.o
 .bss.uxTaskNumber
                0x20003c50        0x4 src/ASF/thirdparty/freertos/freertos-8.0.1/Source/tasks.o
 .bss.uxCurrentNumberOfTasks
                0x20003c54        0x4 src/ASF/thirdparty/freertos/freertos-8.0.1/Source/tasks.o
 .bss.xSuspendedTaskList
                0x20003c58       0x14 src/ASF/thirdparty/freertos/freertos-8.0.1/Source/tasks.o
 .bss.uxTopReadyPriority
                0x20003c6c        0x4 src/ASF/thirdparty/freertos/freertos-8.0.1/Source/tasks.o
 .bss.xYieldPending
                0x20003c70        0x4 src/ASF/thirdparty/freertos/freertos-8.0.1/Source/tasks.o
 .bss.pxCurrentTimerList
                0x20003c74        0x4 src/ASF/thirdparty/freertos/freertos-8.0.1/Source/timers.o
 .bss.xActiveTimerList1
                0x20003c78       0x14 src/ASF/thirdparty/freertos/freertos-8.0.1/Source/timers.o
 .bss.xActiveTimerList2
                0x20003c8c       0x14 src/ASF/thirdparty/freertos/freertos-8.0.1/Source/timers.o
 .bss.xLastTime.5234
                0x20003ca0        0x4 src/ASF/thirdparty/freertos/freertos-8.0.1/Source/timers.o
 .bss.xTimerQueue
                0x20003ca4        0x4 src/ASF/thirdparty/freertos/freertos-8.0.1/Source/timers.o
 .bss.pxOverflowTimerList
                0x20003ca8        0x4 src/ASF/thirdparty/freertos/freertos-8.0.1/Source/timers.o
 .bss.adc_read_done
                0x20003cac        0x1 src/main.o
                0x20003cac                adc_read_done
 *fill*         0x20003cad        0x1 
 .bss.value_rx  0x20003cae        0x2 src/main.o
                0x20003cae                value_rx
 .bss.count     0x20003cb0        0x4 src/main.o
                0x20003cb0                count
 .bss.i         0x20003cb4        0x4 src/main.o
                0x20003cb4                i
 .bss.result    0x20003cb8        0x2 src/main.o
                0x20003cb8                result
 *fill*         0x20003cba        0x2 
 .bss.terminal_in_queue
                0x20003cbc        0x4 src/main.o
 .bss.__malloc_sbrk_start
                0x20003cc0        0x4 c:/program files (x86)/atmel/studio/7.0/toolchain/arm/arm-gnu-toolchain/bin/../lib/gcc/arm-none-eabi/5.3.1/../../../../arm-none-eabi/lib/armv6-m\libc_nano.a(lib_a-nano-mallocr.o)
                0x20003cc0                __malloc_sbrk_start
 .bss.__malloc_free_list
                0x20003cc4        0x4 c:/program files (x86)/atmel/studio/7.0/toolchain/arm/arm-gnu-toolchain/bin/../lib/gcc/arm-none-eabi/5.3.1/../../../../arm-none-eabi/lib/armv6-m\libc_nano.a(lib_a-nano-mallocr.o)
                0x20003cc4                __malloc_free_list
 *(COMMON)
 COMMON         0x20003cc8        0x4 src/ASF/sam0/utils/stdio/read.o
                0x20003cc8                ptr_get
 COMMON         0x20003ccc        0x8 src/ASF/sam0/utils/stdio/write.o
                0x20003ccc                ptr_put
                0x20003cd0                stdio_base
 COMMON         0x20003cd4       0x18 src/ASF/sam0/drivers/sercom/sercom_interrupt.o
                0x20003cd4                _sercom_instances
 COMMON         0x20003cec        0x4 src/ASF/sam0/drivers/adc/adc_sam_l_c/adc_callback.o
                0x20003cec                _adc_instances
 COMMON         0x20003cf0      0x28a src/main.o
                0x20003cf0                interrupt_status
                0x20003cf4                usart_instance
                0x20003d28                pkt
                0x20003d4c                adc_result_buffer
                0x20003f4c                data
                0x20003f4e                error_code
                0x20003f50                adc_instance
                0x20003f70                cmd
 *fill*         0x20003f7a        0x2 
 COMMON         0x20003f7c        0x4 c:/program files (x86)/atmel/studio/7.0/toolchain/arm/arm-gnu-toolchain/bin/../lib/gcc/arm-none-eabi/5.3.1/../../../../arm-none-eabi/lib/armv6-m\libc_nano.a(lib_a-reent.o)
                0x20003f7c                errno
                0x20003f80                . = ALIGN (0x4)
                0x20003f80                _ebss = .
                0x20003f80                _ezero = .

.stack          0x20003f80     0x2000 load address 0x0000804c
                0x20003f80                . = ALIGN (0x8)
                0x20003f80                _sstack = .
                0x20005f80                . = (. + STACK_SIZE)
 *fill*         0x20003f80     0x2000 
                0x20005f80                . = ALIGN (0x8)
                0x20005f80                _estack = .
                0x20005f80                . = ALIGN (0x4)
                0x20005f80                _end = .
OUTPUT(OPAMP_ADC1.elf elf32-littlearm)

.ARM.attributes
                0x00000000       0x28
 .ARM.attributes
                0x00000000       0x1e c:/program files (x86)/atmel/studio/7.0/toolchain/arm/arm-gnu-toolchain/bin/../lib/gcc/arm-none-eabi/5.3.1/armv6-m/crti.o
 .ARM.attributes
                0x0000001e       0x2c c:/program files (x86)/atmel/studio/7.0/toolchain/arm/arm-gnu-toolchain/bin/../lib/gcc/arm-none-eabi/5.3.1/armv6-m/crtbegin.o
 .ARM.attributes
                0x0000004a       0x32 src/ASF/common2/services/delay/sam0/systick_counter.o
 .ARM.attributes
                0x0000007c       0x32 src/ASF/sam0/drivers/sercom/sercom.o
 .ARM.attributes
                0x000000ae       0x32 src/ASF/sam0/utils/stdio/read.o
 .ARM.attributes
                0x000000e0       0x32 src/ASF/sam0/utils/stdio/write.o
 .ARM.attributes
                0x00000112       0x32 src/ASF/sam0/drivers/sercom/usart/usart.o
 .ARM.attributes
                0x00000144       0x32 src/ASF/sam0/drivers/sercom/usart/usart_interrupt.o
 .ARM.attributes
                0x00000176       0x32 src/ASF/sam0/drivers/sercom/sercom_interrupt.o
 .ARM.attributes
                0x000001a8       0x32 src/ASF/common/utils/interrupt/interrupt_sam_nvic.o
 .ARM.attributes
                0x000001da       0x32 src/ASF/sam0/boards/saml21_xplained_pro/board_init.o
 .ARM.attributes
                0x0000020c       0x32 src/ASF/sam0/drivers/adc/adc_sam_l_c/adc.o
 .ARM.attributes
                0x0000023e       0x32 src/ASF/sam0/drivers/adc/adc_sam_l_c/adc_callback.o
 .ARM.attributes
                0x00000270       0x32 src/ASF/sam0/drivers/opamp/opamp.o
 .ARM.attributes
                0x000002a2       0x32 src/ASF/sam0/drivers/port/port.o
 .ARM.attributes
                0x000002d4       0x32 src/ASF/sam0/drivers/system/clock/clock_saml21/clock.o
 .ARM.attributes
                0x00000306       0x32 src/ASF/sam0/drivers/system/clock/clock_saml21/gclk.o
 .ARM.attributes
                0x00000338       0x32 src/ASF/sam0/drivers/system/pinmux/pinmux.o
 .ARM.attributes
                0x0000036a       0x32 src/ASF/sam0/drivers/system/system.o
 .ARM.attributes
                0x0000039c       0x32 src/ASF/sam0/utils/cmsis/saml21/source/gcc/startup_saml21.o
 .ARM.attributes
                0x000003ce       0x32 src/ASF/sam0/utils/syscalls/gcc/syscalls.o
 .ARM.attributes
                0x00000400       0x32 src/ASF/thirdparty/freertos/freertos-8.0.1/Source/list.o
 .ARM.attributes
                0x00000432       0x32 src/ASF/thirdparty/freertos/freertos-8.0.1/Source/portable/GCC/ARM_CM0/port.o
 .ARM.attributes
                0x00000464       0x32 src/ASF/thirdparty/freertos/freertos-8.0.1/Source/portable/MemMang/heap_1.o
 .ARM.attributes
                0x00000496       0x32 src/ASF/thirdparty/freertos/freertos-8.0.1/Source/queue.o
 .ARM.attributes
                0x000004c8       0x32 src/ASF/thirdparty/freertos/freertos-8.0.1/Source/tasks.o
 .ARM.attributes
                0x000004fa       0x32 src/ASF/thirdparty/freertos/freertos-8.0.1/Source/timers.o
 .ARM.attributes
                0x0000052c       0x32 src/main.o
 .ARM.attributes
                0x0000055e       0x1e c:/program files (x86)/atmel/studio/7.0/toolchain/arm/arm-gnu-toolchain/bin/../lib/gcc/arm-none-eabi/5.3.1/armv6-m\libgcc.a(_udivsi3.o)
 .ARM.attributes
                0x0000057c       0x1e c:/program files (x86)/atmel/studio/7.0/toolchain/arm/arm-gnu-toolchain/bin/../lib/gcc/arm-none-eabi/5.3.1/armv6-m\libgcc.a(_dvmd_tls.o)
 .ARM.attributes
                0x0000059a       0x2c c:/program files (x86)/atmel/studio/7.0/toolchain/arm/arm-gnu-toolchain/bin/../lib/gcc/arm-none-eabi/5.3.1/armv6-m\libgcc.a(_muldi3.o)
 .ARM.attributes
                0x000005c6       0x2c c:/program files (x86)/atmel/studio/7.0/toolchain/arm/arm-gnu-toolchain/bin/../lib/gcc/arm-none-eabi/5.3.1/../../../../arm-none-eabi/lib/armv6-m\libc_nano.a(lib_a-impure.o)
 .ARM.attributes
                0x000005f2       0x2c c:/program files (x86)/atmel/studio/7.0/toolchain/arm/arm-gnu-toolchain/bin/../lib/gcc/arm-none-eabi/5.3.1/../../../../arm-none-eabi/lib/armv6-m\libc_nano.a(lib_a-init.o)
 .ARM.attributes
                0x0000061e       0x2c c:/program files (x86)/atmel/studio/7.0/toolchain/arm/arm-gnu-toolchain/bin/../lib/gcc/arm-none-eabi/5.3.1/../../../../arm-none-eabi/lib/armv6-m\libc_nano.a(lib_a-memcpy-stub.o)
 .ARM.attributes
                0x0000064a       0x2c c:/program files (x86)/atmel/studio/7.0/toolchain/arm/arm-gnu-toolchain/bin/../lib/gcc/arm-none-eabi/5.3.1/../../../../arm-none-eabi/lib/armv6-m\libc_nano.a(lib_a-memset.o)
 .ARM.attributes
                0x00000676       0x2c c:/program files (x86)/atmel/studio/7.0/toolchain/arm/arm-gnu-toolchain/bin/../lib/gcc/arm-none-eabi/5.3.1/../../../../arm-none-eabi/lib/armv6-m\libc_nano.a(lib_a-setbuf.o)
 .ARM.attributes
                0x000006a2       0x2c c:/program files (x86)/atmel/studio/7.0/toolchain/arm/arm-gnu-toolchain/bin/../lib/gcc/arm-none-eabi/5.3.1/../../../../arm-none-eabi/lib/armv6-m\libc_nano.a(lib_a-setvbuf.o)
 .ARM.attributes
                0x000006ce       0x2c c:/program files (x86)/atmel/studio/7.0/toolchain/arm/arm-gnu-toolchain/bin/../lib/gcc/arm-none-eabi/5.3.1/../../../../arm-none-eabi/lib/armv6-m\libc_nano.a(lib_a-fflush.o)
 .ARM.attributes
                0x000006fa       0x2c c:/program files (x86)/atmel/studio/7.0/toolchain/arm/arm-gnu-toolchain/bin/../lib/gcc/arm-none-eabi/5.3.1/../../../../arm-none-eabi/lib/armv6-m\libc_nano.a(lib_a-findfp.o)
 .ARM.attributes
                0x00000726       0x2c c:/program files (x86)/atmel/studio/7.0/toolchain/arm/arm-gnu-toolchain/bin/../lib/gcc/arm-none-eabi/5.3.1/../../../../arm-none-eabi/lib/armv6-m\libc_nano.a(lib_a-fwalk.o)
 .ARM.attributes
                0x00000752       0x2c c:/program files (x86)/atmel/studio/7.0/toolchain/arm/arm-gnu-toolchain/bin/../lib/gcc/arm-none-eabi/5.3.1/../../../../arm-none-eabi/lib/armv6-m\libc_nano.a(lib_a-makebuf.o)
 .ARM.attributes
                0x0000077e       0x2c c:/program files (x86)/atmel/studio/7.0/toolchain/arm/arm-gnu-toolchain/bin/../lib/gcc/arm-none-eabi/5.3.1/../../../../arm-none-eabi/lib/armv6-m\libc_nano.a(lib_a-malloc.o)
 .ARM.attributes
                0x000007aa       0x2c c:/program files (x86)/atmel/studio/7.0/toolchain/arm/arm-gnu-toolchain/bin/../lib/gcc/arm-none-eabi/5.3.1/../../../../arm-none-eabi/lib/armv6-m\libc_nano.a(lib_a-nano-freer.o)
 .ARM.attributes
                0x000007d6       0x2c c:/program files (x86)/atmel/studio/7.0/toolchain/arm/arm-gnu-toolchain/bin/../lib/gcc/arm-none-eabi/5.3.1/../../../../arm-none-eabi/lib/armv6-m\libc_nano.a(lib_a-nano-mallocr.o)
 .ARM.attributes
                0x00000802       0x2c c:/program files (x86)/atmel/studio/7.0/toolchain/arm/arm-gnu-toolchain/bin/../lib/gcc/arm-none-eabi/5.3.1/../../../../arm-none-eabi/lib/armv6-m\libc_nano.a(lib_a-sbrkr.o)
 .ARM.attributes
                0x0000082e       0x2c c:/program files (x86)/atmel/studio/7.0/toolchain/arm/arm-gnu-toolchain/bin/../lib/gcc/arm-none-eabi/5.3.1/../../../../arm-none-eabi/lib/armv6-m\libc_nano.a(lib_a-stdio.o)
 .ARM.attributes
                0x0000085a       0x2c c:/program files (x86)/atmel/studio/7.0/toolchain/arm/arm-gnu-toolchain/bin/../lib/gcc/arm-none-eabi/5.3.1/../../../../arm-none-eabi/lib/armv6-m\libc_nano.a(lib_a-writer.o)
 .ARM.attributes
                0x00000886       0x2c c:/program files (x86)/atmel/studio/7.0/toolchain/arm/arm-gnu-toolchain/bin/../lib/gcc/arm-none-eabi/5.3.1/../../../../arm-none-eabi/lib/armv6-m\libc_nano.a(lib_a-closer.o)
 .ARM.attributes
                0x000008b2       0x2c c:/program files (x86)/atmel/studio/7.0/toolchain/arm/arm-gnu-toolchain/bin/../lib/gcc/arm-none-eabi/5.3.1/../../../../arm-none-eabi/lib/armv6-m\libc_nano.a(lib_a-fstatr.o)
 .ARM.attributes
                0x000008de       0x2c c:/program files (x86)/atmel/studio/7.0/toolchain/arm/arm-gnu-toolchain/bin/../lib/gcc/arm-none-eabi/5.3.1/../../../../arm-none-eabi/lib/armv6-m\libc_nano.a(lib_a-lseekr.o)
 .ARM.attributes
                0x0000090a       0x2c c:/program files (x86)/atmel/studio/7.0/toolchain/arm/arm-gnu-toolchain/bin/../lib/gcc/arm-none-eabi/5.3.1/../../../../arm-none-eabi/lib/armv6-m\libc_nano.a(lib_a-readr.o)
 .ARM.attributes
                0x00000936       0x2c c:/program files (x86)/atmel/studio/7.0/toolchain/arm/arm-gnu-toolchain/bin/../lib/gcc/arm-none-eabi/5.3.1/../../../../arm-none-eabi/lib/armv6-m\libc_nano.a(lib_a-reent.o)
 .ARM.attributes
                0x00000962       0x1e c:/program files (x86)/atmel/studio/7.0/toolchain/arm/arm-gnu-toolchain/bin/../lib/gcc/arm-none-eabi/5.3.1/armv6-m/crtn.o

.comment        0x00000000       0x59
 .comment       0x00000000       0x59 src/ASF/common2/services/delay/sam0/systick_counter.o
                                 0x5a (size before relaxing)
 .comment       0x00000059       0x5a src/ASF/sam0/drivers/sercom/sercom.o
 .comment       0x00000059       0x5a src/ASF/sam0/utils/stdio/read.o
 .comment       0x00000059       0x5a src/ASF/sam0/utils/stdio/write.o
 .comment       0x00000059       0x5a src/ASF/sam0/drivers/sercom/usart/usart.o
 .comment       0x00000059       0x5a src/ASF/sam0/drivers/sercom/usart/usart_interrupt.o
 .comment       0x00000059       0x5a src/ASF/sam0/drivers/sercom/sercom_interrupt.o
 .comment       0x00000059       0x5a src/ASF/common/utils/interrupt/interrupt_sam_nvic.o
 .comment       0x00000059       0x5a src/ASF/sam0/boards/saml21_xplained_pro/board_init.o
 .comment       0x00000059       0x5a src/ASF/sam0/drivers/adc/adc_sam_l_c/adc.o
 .comment       0x00000059       0x5a src/ASF/sam0/drivers/adc/adc_sam_l_c/adc_callback.o
 .comment       0x00000059       0x5a src/ASF/sam0/drivers/opamp/opamp.o
 .comment       0x00000059       0x5a src/ASF/sam0/drivers/port/port.o
 .comment       0x00000059       0x5a src/ASF/sam0/drivers/system/clock/clock_saml21/clock.o
 .comment       0x00000059       0x5a src/ASF/sam0/drivers/system/clock/clock_saml21/gclk.o
 .comment       0x00000059       0x5a src/ASF/sam0/drivers/system/pinmux/pinmux.o
 .comment       0x00000059       0x5a src/ASF/sam0/drivers/system/system.o
 .comment       0x00000059       0x5a src/ASF/sam0/utils/cmsis/saml21/source/gcc/startup_saml21.o
 .comment       0x00000059       0x5a src/ASF/sam0/utils/syscalls/gcc/syscalls.o
 .comment       0x00000059       0x5a src/ASF/thirdparty/freertos/freertos-8.0.1/Source/list.o
 .comment       0x00000059       0x5a src/ASF/thirdparty/freertos/freertos-8.0.1/Source/portable/GCC/ARM_CM0/port.o
 .comment       0x00000059       0x5a src/ASF/thirdparty/freertos/freertos-8.0.1/Source/portable/MemMang/heap_1.o
 .comment       0x00000059       0x5a src/ASF/thirdparty/freertos/freertos-8.0.1/Source/queue.o
 .comment       0x00000059       0x5a src/ASF/thirdparty/freertos/freertos-8.0.1/Source/tasks.o
 .comment       0x00000059       0x5a src/ASF/thirdparty/freertos/freertos-8.0.1/Source/timers.o
 .comment       0x00000059       0x5a src/main.o

.debug_info     0x00000000    0x21ffb
 .debug_info    0x00000000      0x26b src/ASF/common2/services/delay/sam0/systick_counter.o
 .debug_info    0x0000026b     0x256f src/ASF/sam0/drivers/sercom/sercom.o
 .debug_info    0x000027da      0x1c4 src/ASF/sam0/utils/stdio/read.o
 .debug_info    0x0000299e      0x1c1 src/ASF/sam0/utils/stdio/write.o
 .debug_info    0x00002b5f     0x42d6 src/ASF/sam0/drivers/sercom/usart/usart.o
 .debug_info    0x00006e35     0x2777 src/ASF/sam0/drivers/sercom/usart/usart_interrupt.o
 .debug_info    0x000095ac     0x2357 src/ASF/sam0/drivers/sercom/sercom_interrupt.o
 .debug_info    0x0000b903      0x1ea src/ASF/common/utils/interrupt/interrupt_sam_nvic.o
 .debug_info    0x0000baed      0xa88 src/ASF/sam0/boards/saml21_xplained_pro/board_init.o
 .debug_info    0x0000c575     0x2f59 src/ASF/sam0/drivers/adc/adc_sam_l_c/adc.o
 .debug_info    0x0000f4ce     0x142d src/ASF/sam0/drivers/adc/adc_sam_l_c/adc_callback.o
 .debug_info    0x000108fb     0x1459 src/ASF/sam0/drivers/opamp/opamp.o
 .debug_info    0x00011d54      0xa7d src/ASF/sam0/drivers/port/port.o
 .debug_info    0x000127d1     0x3952 src/ASF/sam0/drivers/system/clock/clock_saml21/clock.o
 .debug_info    0x00016123     0x14d9 src/ASF/sam0/drivers/system/clock/clock_saml21/gclk.o
 .debug_info    0x000175fc      0xbde src/ASF/sam0/drivers/system/pinmux/pinmux.o
 .debug_info    0x000181da      0x17c src/ASF/sam0/drivers/system/system.o
 .debug_info    0x00018356      0x9f3 src/ASF/sam0/utils/cmsis/saml21/source/gcc/startup_saml21.o
 .debug_info    0x00018d49      0x40f src/ASF/sam0/utils/syscalls/gcc/syscalls.o
 .debug_info    0x00019158      0x2cb src/ASF/thirdparty/freertos/freertos-8.0.1/Source/list.o
 .debug_info    0x00019423      0x2d4 src/ASF/thirdparty/freertos/freertos-8.0.1/Source/portable/GCC/ARM_CM0/port.o
 .debug_info    0x000196f7      0x1a0 src/ASF/thirdparty/freertos/freertos-8.0.1/Source/portable/MemMang/heap_1.o
 .debug_info    0x00019897     0x12fd src/ASF/thirdparty/freertos/freertos-8.0.1/Source/queue.o
 .debug_info    0x0001ab94     0x1606 src/ASF/thirdparty/freertos/freertos-8.0.1/Source/tasks.o
 .debug_info    0x0001c19a      0xc0f src/ASF/thirdparty/freertos/freertos-8.0.1/Source/timers.o
 .debug_info    0x0001cda9     0x5252 src/main.o

.debug_abbrev   0x00000000     0x3d65
 .debug_abbrev  0x00000000      0x13e src/ASF/common2/services/delay/sam0/systick_counter.o
 .debug_abbrev  0x0000013e      0x308 src/ASF/sam0/drivers/sercom/sercom.o
 .debug_abbrev  0x00000446      0x10a src/ASF/sam0/utils/stdio/read.o
 .debug_abbrev  0x00000550       0xf7 src/ASF/sam0/utils/stdio/write.o
 .debug_abbrev  0x00000647      0x3f8 src/ASF/sam0/drivers/sercom/usart/usart.o
 .debug_abbrev  0x00000a3f      0x37f src/ASF/sam0/drivers/sercom/usart/usart_interrupt.o
 .debug_abbrev  0x00000dbe      0x237 src/ASF/sam0/drivers/sercom/sercom_interrupt.o
 .debug_abbrev  0x00000ff5       0xf6 src/ASF/common/utils/interrupt/interrupt_sam_nvic.o
 .debug_abbrev  0x000010eb      0x224 src/ASF/sam0/boards/saml21_xplained_pro/board_init.o
 .debug_abbrev  0x0000130f      0x3f2 src/ASF/sam0/drivers/adc/adc_sam_l_c/adc.o
 .debug_abbrev  0x00001701      0x315 src/ASF/sam0/drivers/adc/adc_sam_l_c/adc_callback.o
 .debug_abbrev  0x00001a16      0x2d3 src/ASF/sam0/drivers/opamp/opamp.o
 .debug_abbrev  0x00001ce9      0x1dc src/ASF/sam0/drivers/port/port.o
 .debug_abbrev  0x00001ec5      0x370 src/ASF/sam0/drivers/system/clock/clock_saml21/clock.o
 .debug_abbrev  0x00002235      0x362 src/ASF/sam0/drivers/system/clock/clock_saml21/gclk.o
 .debug_abbrev  0x00002597      0x2d2 src/ASF/sam0/drivers/system/pinmux/pinmux.o
 .debug_abbrev  0x00002869       0xbb src/ASF/sam0/drivers/system/system.o
 .debug_abbrev  0x00002924      0x1c7 src/ASF/sam0/utils/cmsis/saml21/source/gcc/startup_saml21.o
 .debug_abbrev  0x00002aeb      0x13e src/ASF/sam0/utils/syscalls/gcc/syscalls.o
 .debug_abbrev  0x00002c29       0xfb src/ASF/thirdparty/freertos/freertos-8.0.1/Source/list.o
 .debug_abbrev  0x00002d24      0x1bc src/ASF/thirdparty/freertos/freertos-8.0.1/Source/portable/GCC/ARM_CM0/port.o
 .debug_abbrev  0x00002ee0      0x10b src/ASF/thirdparty/freertos/freertos-8.0.1/Source/portable/MemMang/heap_1.o
 .debug_abbrev  0x00002feb      0x278 src/ASF/thirdparty/freertos/freertos-8.0.1/Source/queue.o
 .debug_abbrev  0x00003263      0x313 src/ASF/thirdparty/freertos/freertos-8.0.1/Source/tasks.o
 .debug_abbrev  0x00003576      0x29c src/ASF/thirdparty/freertos/freertos-8.0.1/Source/timers.o
 .debug_abbrev  0x00003812      0x553 src/main.o

.debug_loc      0x00000000     0x79eb
 .debug_loc     0x00000000       0xe4 src/ASF/common2/services/delay/sam0/systick_counter.o
 .debug_loc     0x000000e4      0x9ae src/ASF/sam0/drivers/sercom/sercom.o
 .debug_loc     0x00000a92       0xf0 src/ASF/sam0/utils/stdio/read.o
 .debug_loc     0x00000b82      0x130 src/ASF/sam0/utils/stdio/write.o
 .debug_loc     0x00000cb2      0xcaa src/ASF/sam0/drivers/sercom/usart/usart.o
 .debug_loc     0x0000195c      0x5bb src/ASF/sam0/drivers/sercom/usart/usart_interrupt.o
 .debug_loc     0x00001f17      0x16c src/ASF/sam0/drivers/sercom/sercom_interrupt.o
 .debug_loc     0x00002083       0x8b src/ASF/sam0/boards/saml21_xplained_pro/board_init.o
 .debug_loc     0x0000210e      0x71d src/ASF/sam0/drivers/adc/adc_sam_l_c/adc.o
 .debug_loc     0x0000282b      0x2ac src/ASF/sam0/drivers/adc/adc_sam_l_c/adc_callback.o
 .debug_loc     0x00002ad7      0x164 src/ASF/sam0/drivers/opamp/opamp.o
 .debug_loc     0x00002c3b      0x13d src/ASF/sam0/drivers/port/port.o
 .debug_loc     0x00002d78      0xca5 src/ASF/sam0/drivers/system/clock/clock_saml21/clock.o
 .debug_loc     0x00003a1d      0x504 src/ASF/sam0/drivers/system/clock/clock_saml21/gclk.o
 .debug_loc     0x00003f21      0x37a src/ASF/sam0/drivers/system/pinmux/pinmux.o
 .debug_loc     0x0000429b       0x20 src/ASF/sam0/drivers/system/system.o
 .debug_loc     0x000042bb       0x20 src/ASF/sam0/utils/cmsis/saml21/source/gcc/startup_saml21.o
 .debug_loc     0x000042db       0xd1 src/ASF/sam0/utils/syscalls/gcc/syscalls.o
 .debug_loc     0x000043ac       0x67 src/ASF/thirdparty/freertos/freertos-8.0.1/Source/list.o
 .debug_loc     0x00004413      0x113 src/ASF/thirdparty/freertos/freertos-8.0.1/Source/portable/GCC/ARM_CM0/port.o
 .debug_loc     0x00004526       0x7f src/ASF/thirdparty/freertos/freertos-8.0.1/Source/portable/MemMang/heap_1.o
 .debug_loc     0x000045a5     0x13a3 src/ASF/thirdparty/freertos/freertos-8.0.1/Source/queue.o
 .debug_loc     0x00005948     0x100d src/ASF/thirdparty/freertos/freertos-8.0.1/Source/tasks.o
 .debug_loc     0x00006955      0x9fa src/ASF/thirdparty/freertos/freertos-8.0.1/Source/timers.o
 .debug_loc     0x0000734f      0x69c src/main.o

.debug_aranges  0x00000000      0x900
 .debug_aranges
                0x00000000       0x30 src/ASF/common2/services/delay/sam0/systick_counter.o
 .debug_aranges
                0x00000030       0x40 src/ASF/sam0/drivers/sercom/sercom.o
 .debug_aranges
                0x00000070       0x20 src/ASF/sam0/utils/stdio/read.o
 .debug_aranges
                0x00000090       0x20 src/ASF/sam0/utils/stdio/write.o
 .debug_aranges
                0x000000b0       0x40 src/ASF/sam0/drivers/sercom/usart/usart.o
 .debug_aranges
                0x000000f0       0x70 src/ASF/sam0/drivers/sercom/usart/usart_interrupt.o
 .debug_aranges
                0x00000160       0x60 src/ASF/sam0/drivers/sercom/sercom_interrupt.o
 .debug_aranges
                0x000001c0       0x28 src/ASF/common/utils/interrupt/interrupt_sam_nvic.o
 .debug_aranges
                0x000001e8       0x20 src/ASF/sam0/boards/saml21_xplained_pro/board_init.o
 .debug_aranges
                0x00000208       0x38 src/ASF/sam0/drivers/adc/adc_sam_l_c/adc.o
 .debug_aranges
                0x00000240       0x48 src/ASF/sam0/drivers/adc/adc_sam_l_c/adc_callback.o
 .debug_aranges
                0x00000288       0x68 src/ASF/sam0/drivers/opamp/opamp.o
 .debug_aranges
                0x000002f0       0x28 src/ASF/sam0/drivers/port/port.o
 .debug_aranges
                0x00000318       0x80 src/ASF/sam0/drivers/system/clock/clock_saml21/clock.o
 .debug_aranges
                0x00000398       0x80 src/ASF/sam0/drivers/system/clock/clock_saml21/gclk.o
 .debug_aranges
                0x00000418       0x40 src/ASF/sam0/drivers/system/pinmux/pinmux.o
 .debug_aranges
                0x00000458       0x28 src/ASF/sam0/drivers/system/system.o
 .debug_aranges
                0x00000480       0x28 src/ASF/sam0/utils/cmsis/saml21/source/gcc/startup_saml21.o
 .debug_aranges
                0x000004a8       0x60 src/ASF/sam0/utils/syscalls/gcc/syscalls.o
 .debug_aranges
                0x00000508       0x40 src/ASF/thirdparty/freertos/freertos-8.0.1/Source/list.o
 .debug_aranges
                0x00000548       0x88 src/ASF/thirdparty/freertos/freertos-8.0.1/Source/portable/GCC/ARM_CM0/port.o
 .debug_aranges
                0x000005d0       0x38 src/ASF/thirdparty/freertos/freertos-8.0.1/Source/portable/MemMang/heap_1.o
 .debug_aranges
                0x00000608       0xf0 src/ASF/thirdparty/freertos/freertos-8.0.1/Source/queue.o
 .debug_aranges
                0x000006f8      0x130 src/ASF/thirdparty/freertos/freertos-8.0.1/Source/tasks.o
 .debug_aranges
                0x00000828       0x68 src/ASF/thirdparty/freertos/freertos-8.0.1/Source/timers.o
 .debug_aranges
                0x00000890       0x70 src/main.o

.debug_ranges   0x00000000      0x978
 .debug_ranges  0x00000000       0x50 src/ASF/common2/services/delay/sam0/systick_counter.o
 .debug_ranges  0x00000050       0x48 src/ASF/sam0/drivers/sercom/sercom.o
 .debug_ranges  0x00000098       0x10 src/ASF/sam0/utils/stdio/read.o
 .debug_ranges  0x000000a8       0x10 src/ASF/sam0/utils/stdio/write.o
 .debug_ranges  0x000000b8       0xe0 src/ASF/sam0/drivers/sercom/usart/usart.o
 .debug_ranges  0x00000198       0x60 src/ASF/sam0/drivers/sercom/usart/usart_interrupt.o
 .debug_ranges  0x000001f8       0x50 src/ASF/sam0/drivers/sercom/sercom_interrupt.o
 .debug_ranges  0x00000248       0x18 src/ASF/common/utils/interrupt/interrupt_sam_nvic.o
 .debug_ranges  0x00000260       0x10 src/ASF/sam0/boards/saml21_xplained_pro/board_init.o
 .debug_ranges  0x00000270       0x40 src/ASF/sam0/drivers/adc/adc_sam_l_c/adc.o
 .debug_ranges  0x000002b0       0x38 src/ASF/sam0/drivers/adc/adc_sam_l_c/adc_callback.o
 .debug_ranges  0x000002e8       0x58 src/ASF/sam0/drivers/opamp/opamp.o
 .debug_ranges  0x00000340       0x18 src/ASF/sam0/drivers/port/port.o
 .debug_ranges  0x00000358       0x70 src/ASF/sam0/drivers/system/clock/clock_saml21/clock.o
 .debug_ranges  0x000003c8       0xe8 src/ASF/sam0/drivers/system/clock/clock_saml21/gclk.o
 .debug_ranges  0x000004b0       0x30 src/ASF/sam0/drivers/system/pinmux/pinmux.o
 .debug_ranges  0x000004e0       0x18 src/ASF/sam0/drivers/system/system.o
 .debug_ranges  0x000004f8       0x18 src/ASF/sam0/utils/cmsis/saml21/source/gcc/startup_saml21.o
 .debug_ranges  0x00000510       0x50 src/ASF/sam0/utils/syscalls/gcc/syscalls.o
 .debug_ranges  0x00000560       0x30 src/ASF/thirdparty/freertos/freertos-8.0.1/Source/list.o
 .debug_ranges  0x00000590       0x78 src/ASF/thirdparty/freertos/freertos-8.0.1/Source/portable/GCC/ARM_CM0/port.o
 .debug_ranges  0x00000608       0x28 src/ASF/thirdparty/freertos/freertos-8.0.1/Source/portable/MemMang/heap_1.o
 .debug_ranges  0x00000630       0xe0 src/ASF/thirdparty/freertos/freertos-8.0.1/Source/queue.o
 .debug_ranges  0x00000710      0x168 src/ASF/thirdparty/freertos/freertos-8.0.1/Source/tasks.o
 .debug_ranges  0x00000878       0xa0 src/ASF/thirdparty/freertos/freertos-8.0.1/Source/timers.o
 .debug_ranges  0x00000918       0x60 src/main.o

.debug_macro    0x00000000     0x7f9c
 .debug_macro   0x00000000      0x59b src/ASF/common2/services/delay/sam0/systick_counter.o
 .debug_macro   0x0000059b      0x16d src/ASF/common2/services/delay/sam0/systick_counter.o
 .debug_macro   0x00000708       0x87 src/ASF/common2/services/delay/sam0/systick_counter.o
 .debug_macro   0x0000078f       0x44 src/ASF/common2/services/delay/sam0/systick_counter.o
 .debug_macro   0x000007d3       0x52 src/ASF/common2/services/delay/sam0/systick_counter.o
 .debug_macro   0x00000825       0x16 src/ASF/common2/services/delay/sam0/systick_counter.o
 .debug_macro   0x0000083b      0x5f1 src/ASF/sam0/drivers/sercom/sercom.o
 .debug_macro   0x00000e2c      0x55f src/ASF/sam0/utils/stdio/read.o
 .debug_macro   0x0000138b      0x55f src/ASF/sam0/utils/stdio/write.o
 .debug_macro   0x000018ea      0x605 src/ASF/sam0/drivers/sercom/usart/usart.o
 .debug_macro   0x00001eef       0x51 src/ASF/sam0/drivers/sercom/usart/usart.o
 .debug_macro   0x00001f40      0x605 src/ASF/sam0/drivers/sercom/usart/usart_interrupt.o
 .debug_macro   0x00002545      0x5ef src/ASF/sam0/drivers/sercom/sercom_interrupt.o
 .debug_macro   0x00002b34      0x55f src/ASF/common/utils/interrupt/interrupt_sam_nvic.o
 .debug_macro   0x00003093      0x59b src/ASF/sam0/boards/saml21_xplained_pro/board_init.o
 .debug_macro   0x0000362e       0x19 src/ASF/sam0/boards/saml21_xplained_pro/board_init.o
 .debug_macro   0x00003647      0x5e3 src/ASF/sam0/drivers/adc/adc_sam_l_c/adc.o
 .debug_macro   0x00003c2a      0x5e7 src/ASF/sam0/drivers/adc/adc_sam_l_c/adc_callback.o
 .debug_macro   0x00004211      0x5ae src/ASF/sam0/drivers/opamp/opamp.o
 .debug_macro   0x000047bf      0x579 src/ASF/sam0/drivers/port/port.o
 .debug_macro   0x00004d38      0x5c7 src/ASF/sam0/drivers/system/clock/clock_saml21/clock.o
 .debug_macro   0x000052ff      0x2b2 src/ASF/sam0/drivers/system/clock/clock_saml21/clock.o
 .debug_macro   0x000055b1      0x596 src/ASF/sam0/drivers/system/clock/clock_saml21/gclk.o
 .debug_macro   0x00005b47      0x56f src/ASF/sam0/drivers/system/pinmux/pinmux.o
 .debug_macro   0x000060b6       0x12 src/ASF/sam0/drivers/system/pinmux/pinmux.o
 .debug_macro   0x000060c8      0x5a4 src/ASF/sam0/drivers/system/system.o
 .debug_macro   0x0000666c      0x371 src/ASF/sam0/utils/cmsis/saml21/source/gcc/startup_saml21.o
 .debug_macro   0x000069dd       0x3a src/ASF/sam0/utils/cmsis/saml21/source/gcc/startup_saml21.o
 .debug_macro   0x00006a17      0x19c src/ASF/sam0/utils/syscalls/gcc/syscalls.o
 .debug_macro   0x00006bb3       0x52 src/ASF/sam0/utils/syscalls/gcc/syscalls.o
 .debug_macro   0x00006c05       0x16 src/ASF/sam0/utils/syscalls/gcc/syscalls.o
 .debug_macro   0x00006c1b       0x10 src/ASF/sam0/utils/syscalls/gcc/syscalls.o
 .debug_macro   0x00006c2b       0x41 src/ASF/sam0/utils/syscalls/gcc/syscalls.o
 .debug_macro   0x00006c6c      0x122 src/ASF/sam0/utils/syscalls/gcc/syscalls.o
 .debug_macro   0x00006d8e      0x173 src/ASF/thirdparty/freertos/freertos-8.0.1/Source/list.o
 .debug_macro   0x00006f01      0x122 src/ASF/thirdparty/freertos/freertos-8.0.1/Source/portable/GCC/ARM_CM0/port.o
 .debug_macro   0x00007023      0x194 src/ASF/thirdparty/freertos/freertos-8.0.1/Source/portable/MemMang/heap_1.o
 .debug_macro   0x000071b7      0x1e5 src/ASF/thirdparty/freertos/freertos-8.0.1/Source/queue.o
 .debug_macro   0x0000739c      0x228 src/ASF/thirdparty/freertos/freertos-8.0.1/Source/tasks.o
 .debug_macro   0x000075c4      0x1b0 src/ASF/thirdparty/freertos/freertos-8.0.1/Source/timers.o
 .debug_macro   0x00007774      0x7b2 src/main.o
 .debug_macro   0x00007f26       0x76 src/main.o

.debug_line     0x00000000    0x10749
 .debug_line    0x00000000      0xa8a src/ASF/common2/services/delay/sam0/systick_counter.o
 .debug_line    0x00000a8a      0xc8e src/ASF/sam0/drivers/sercom/sercom.o
 .debug_line    0x00001718      0x97b src/ASF/sam0/utils/stdio/read.o
 .debug_line    0x00002093      0x971 src/ASF/sam0/utils/stdio/write.o
 .debug_line    0x00002a04      0xdc5 src/ASF/sam0/drivers/sercom/usart/usart.o
 .debug_line    0x000037c9      0xd51 src/ASF/sam0/drivers/sercom/usart/usart_interrupt.o
 .debug_line    0x0000451a      0xc33 src/ASF/sam0/drivers/sercom/sercom_interrupt.o
 .debug_line    0x0000514d      0x99d src/ASF/common/utils/interrupt/interrupt_sam_nvic.o
 .debug_line    0x00005aea      0xa44 src/ASF/sam0/boards/saml21_xplained_pro/board_init.o
 .debug_line    0x0000652e      0xde0 src/ASF/sam0/drivers/adc/adc_sam_l_c/adc.o
 .debug_line    0x0000730e      0xc9d src/ASF/sam0/drivers/adc/adc_sam_l_c/adc_callback.o
 .debug_line    0x00007fab      0xbe2 src/ASF/sam0/drivers/opamp/opamp.o
 .debug_line    0x00008b8d      0x9c9 src/ASF/sam0/drivers/port/port.o
 .debug_line    0x00009556      0xd29 src/ASF/sam0/drivers/system/clock/clock_saml21/clock.o
 .debug_line    0x0000a27f      0xcec src/ASF/sam0/drivers/system/clock/clock_saml21/gclk.o
 .debug_line    0x0000af6b      0xa08 src/ASF/sam0/drivers/system/pinmux/pinmux.o
 .debug_line    0x0000b973      0xaad src/ASF/sam0/drivers/system/system.o
 .debug_line    0x0000c420      0x745 src/ASF/sam0/utils/cmsis/saml21/source/gcc/startup_saml21.o
 .debug_line    0x0000cb65      0x3d0 src/ASF/sam0/utils/syscalls/gcc/syscalls.o
 .debug_line    0x0000cf35      0x46d src/ASF/thirdparty/freertos/freertos-8.0.1/Source/list.o
 .debug_line    0x0000d3a2      0x45d src/ASF/thirdparty/freertos/freertos-8.0.1/Source/portable/GCC/ARM_CM0/port.o
 .debug_line    0x0000d7ff      0x46e src/ASF/thirdparty/freertos/freertos-8.0.1/Source/portable/MemMang/heap_1.o
 .debug_line    0x0000dc6d      0x8f3 src/ASF/thirdparty/freertos/freertos-8.0.1/Source/queue.o
 .debug_line    0x0000e560      0xa96 src/ASF/thirdparty/freertos/freertos-8.0.1/Source/tasks.o
 .debug_line    0x0000eff6      0x592 src/ASF/thirdparty/freertos/freertos-8.0.1/Source/timers.o
 .debug_line    0x0000f588     0x11c1 src/main.o

.debug_str      0x00000000    0xa2ce2
 .debug_str     0x00000000    0x8feb9 src/ASF/common2/services/delay/sam0/systick_counter.o
                              0x903fc (size before relaxing)
 .debug_str     0x0008feb9     0x162c src/ASF/sam0/drivers/sercom/sercom.o
                              0x918e2 (size before relaxing)
 .debug_str     0x000914e5       0x43 src/ASF/sam0/utils/stdio/read.o
                              0x901cb (size before relaxing)
 .debug_str     0x00091528       0x33 src/ASF/sam0/utils/stdio/write.o
                              0x901cd (size before relaxing)
 .debug_str     0x0009155b     0x119b src/ASF/sam0/drivers/sercom/usart/usart.o
                              0x92669 (size before relaxing)
 .debug_str     0x000926f6      0x1e8 src/ASF/sam0/drivers/sercom/usart/usart_interrupt.o
                              0x91895 (size before relaxing)
 .debug_str     0x000928de      0x55d src/ASF/sam0/drivers/sercom/sercom_interrupt.o
                              0x9178e (size before relaxing)
 .debug_str     0x00092e3b       0x94 src/ASF/common/utils/interrupt/interrupt_sam_nvic.o
                              0x9021e (size before relaxing)
 .debug_str     0x00092ecf     0x3879 src/ASF/sam0/boards/saml21_xplained_pro/board_init.o
                              0x93ae6 (size before relaxing)
 .debug_str     0x00096748     0x125d src/ASF/sam0/drivers/adc/adc_sam_l_c/adc.o
                              0x921f8 (size before relaxing)
 .debug_str     0x000979a5      0x184 src/ASF/sam0/drivers/adc/adc_sam_l_c/adc_callback.o
                              0x90fc0 (size before relaxing)
 .debug_str     0x00097b29      0x7e7 src/ASF/sam0/drivers/opamp/opamp.o
                              0x910fa (size before relaxing)
 .debug_str     0x00098310       0x53 src/ASF/sam0/drivers/port/port.o
                              0x90686 (size before relaxing)
 .debug_str     0x00098363     0x29da src/ASF/sam0/drivers/system/clock/clock_saml21/clock.o
                              0x93773 (size before relaxing)
 .debug_str     0x0009ad3d      0x23e src/ASF/sam0/drivers/system/clock/clock_saml21/gclk.o
                              0x90ea0 (size before relaxing)
 .debug_str     0x0009af7b      0x1b5 src/ASF/sam0/drivers/system/pinmux/pinmux.o
                              0x9071e (size before relaxing)
 .debug_str     0x0009b130       0x47 src/ASF/sam0/drivers/system/system.o
                              0x902ae (size before relaxing)
 .debug_str     0x0009b177      0x3aa src/ASF/sam0/utils/cmsis/saml21/source/gcc/startup_saml21.o
                              0x7bd57 (size before relaxing)
 .debug_str     0x0009b521      0x742 src/ASF/sam0/utils/syscalls/gcc/syscalls.o
                               0x6876 (size before relaxing)
 .debug_str     0x0009bc63     0x25bf src/ASF/thirdparty/freertos/freertos-8.0.1/Source/list.o
                               0x82e1 (size before relaxing)
 .debug_str     0x0009e222      0x7a5 src/ASF/thirdparty/freertos/freertos-8.0.1/Source/portable/GCC/ARM_CM0/port.o
                               0x6187 (size before relaxing)
 .debug_str     0x0009e9c7      0x15b src/ASF/thirdparty/freertos/freertos-8.0.1/Source/portable/MemMang/heap_1.o
                               0x8683 (size before relaxing)
 .debug_str     0x0009eb22     0x1125 src/ASF/thirdparty/freertos/freertos-8.0.1/Source/queue.o
                               0x97e9 (size before relaxing)
 .debug_str     0x0009fc47     0x149a src/ASF/thirdparty/freertos/freertos-8.0.1/Source/tasks.o
                               0x9b9d (size before relaxing)
 .debug_str     0x000a10e1      0x3b8 src/ASF/thirdparty/freertos/freertos-8.0.1/Source/timers.o
                               0x9c54 (size before relaxing)
 .debug_str     0x000a1499     0x1849 src/main.o
                              0x9c171 (size before relaxing)

.debug_frame    0x00000000     0x1b74
 .debug_frame   0x00000000       0x64 src/ASF/common2/services/delay/sam0/systick_counter.o
 .debug_frame   0x00000064       0x9c src/ASF/sam0/drivers/sercom/sercom.o
 .debug_frame   0x00000100       0x34 src/ASF/sam0/utils/stdio/read.o
 .debug_frame   0x00000134       0x34 src/ASF/sam0/utils/stdio/write.o
 .debug_frame   0x00000168       0xac src/ASF/sam0/drivers/sercom/usart/usart.o
 .debug_frame   0x00000214      0x110 src/ASF/sam0/drivers/sercom/usart/usart_interrupt.o
 .debug_frame   0x00000324       0xec src/ASF/sam0/drivers/sercom/sercom_interrupt.o
 .debug_frame   0x00000410       0x30 src/ASF/common/utils/interrupt/interrupt_sam_nvic.o
 .debug_frame   0x00000440       0x30 src/ASF/sam0/boards/saml21_xplained_pro/board_init.o
 .debug_frame   0x00000470       0x7c src/ASF/sam0/drivers/adc/adc_sam_l_c/adc.o
 .debug_frame   0x000004ec       0x84 src/ASF/sam0/drivers/adc/adc_sam_l_c/adc_callback.o
 .debug_frame   0x00000570       0xb8 src/ASF/sam0/drivers/opamp/opamp.o
 .debug_frame   0x00000628       0x44 src/ASF/sam0/drivers/port/port.o
 .debug_frame   0x0000066c      0x16c src/ASF/sam0/drivers/system/clock/clock_saml21/clock.o
 .debug_frame   0x000007d8      0x150 src/ASF/sam0/drivers/system/clock/clock_saml21/gclk.o
 .debug_frame   0x00000928       0x98 src/ASF/sam0/drivers/system/pinmux/pinmux.o
 .debug_frame   0x000009c0       0x38 src/ASF/sam0/drivers/system/system.o
 .debug_frame   0x000009f8       0x38 src/ASF/sam0/utils/cmsis/saml21/source/gcc/startup_saml21.o
 .debug_frame   0x00000a30       0xa0 src/ASF/sam0/utils/syscalls/gcc/syscalls.o
 .debug_frame   0x00000ad0       0x6c src/ASF/thirdparty/freertos/freertos-8.0.1/Source/list.o
 .debug_frame   0x00000b3c      0x108 src/ASF/thirdparty/freertos/freertos-8.0.1/Source/portable/GCC/ARM_CM0/port.o
 .debug_frame   0x00000c44       0x5c src/ASF/thirdparty/freertos/freertos-8.0.1/Source/portable/MemMang/heap_1.o
 .debug_frame   0x00000ca0      0x2f4 src/ASF/thirdparty/freertos/freertos-8.0.1/Source/queue.o
 .debug_frame   0x00000f94      0x380 src/ASF/thirdparty/freertos/freertos-8.0.1/Source/tasks.o
 .debug_frame   0x00001314      0x130 src/ASF/thirdparty/freertos/freertos-8.0.1/Source/timers.o
 .debug_frame   0x00001444      0x144 src/main.o
 .debug_frame   0x00001588       0x20 c:/program files (x86)/atmel/studio/7.0/toolchain/arm/arm-gnu-toolchain/bin/../lib/gcc/arm-none-eabi/5.3.1/armv6-m\libgcc.a(_udivsi3.o)
 .debug_frame   0x000015a8       0x34 c:/program files (x86)/atmel/studio/7.0/toolchain/arm/arm-gnu-toolchain/bin/../lib/gcc/arm-none-eabi/5.3.1/armv6-m\libgcc.a(_muldi3.o)
 .debug_frame   0x000015dc       0x2c c:/program files (x86)/atmel/studio/7.0/toolchain/arm/arm-gnu-toolchain/bin/../lib/gcc/arm-none-eabi/5.3.1/../../../../arm-none-eabi/lib/armv6-m\libc_nano.a(lib_a-init.o)
 .debug_frame   0x00001608       0x28 c:/program files (x86)/atmel/studio/7.0/toolchain/arm/arm-gnu-toolchain/bin/../lib/gcc/arm-none-eabi/5.3.1/../../../../arm-none-eabi/lib/armv6-m\libc_nano.a(lib_a-memcpy-stub.o)
 .debug_frame   0x00001630       0x20 c:/program files (x86)/atmel/studio/7.0/toolchain/arm/arm-gnu-toolchain/bin/../lib/gcc/arm-none-eabi/5.3.1/../../../../arm-none-eabi/lib/armv6-m\libc_nano.a(lib_a-memset.o)
 .debug_frame   0x00001650       0x28 c:/program files (x86)/atmel/studio/7.0/toolchain/arm/arm-gnu-toolchain/bin/../lib/gcc/arm-none-eabi/5.3.1/../../../../arm-none-eabi/lib/armv6-m\libc_nano.a(lib_a-setbuf.o)
 .debug_frame   0x00001678       0x30 c:/program files (x86)/atmel/studio/7.0/toolchain/arm/arm-gnu-toolchain/bin/../lib/gcc/arm-none-eabi/5.3.1/../../../../arm-none-eabi/lib/armv6-m\libc_nano.a(lib_a-setvbuf.o)
 .debug_frame   0x000016a8       0x68 c:/program files (x86)/atmel/studio/7.0/toolchain/arm/arm-gnu-toolchain/bin/../lib/gcc/arm-none-eabi/5.3.1/../../../../arm-none-eabi/lib/armv6-m\libc_nano.a(lib_a-fflush.o)
 .debug_frame   0x00001710      0x140 c:/program files (x86)/atmel/studio/7.0/toolchain/arm/arm-gnu-toolchain/bin/../lib/gcc/arm-none-eabi/5.3.1/../../../../arm-none-eabi/lib/armv6-m\libc_nano.a(lib_a-findfp.o)
 .debug_frame   0x00001850       0x58 c:/program files (x86)/atmel/studio/7.0/toolchain/arm/arm-gnu-toolchain/bin/../lib/gcc/arm-none-eabi/5.3.1/../../../../arm-none-eabi/lib/armv6-m\libc_nano.a(lib_a-fwalk.o)
 .debug_frame   0x000018a8       0x54 c:/program files (x86)/atmel/studio/7.0/toolchain/arm/arm-gnu-toolchain/bin/../lib/gcc/arm-none-eabi/5.3.1/../../../../arm-none-eabi/lib/armv6-m\libc_nano.a(lib_a-makebuf.o)
 .debug_frame   0x000018fc       0x40 c:/program files (x86)/atmel/studio/7.0/toolchain/arm/arm-gnu-toolchain/bin/../lib/gcc/arm-none-eabi/5.3.1/../../../../arm-none-eabi/lib/armv6-m\libc_nano.a(lib_a-malloc.o)
 .debug_frame   0x0000193c       0x2c c:/program files (x86)/atmel/studio/7.0/toolchain/arm/arm-gnu-toolchain/bin/../lib/gcc/arm-none-eabi/5.3.1/../../../../arm-none-eabi/lib/armv6-m\libc_nano.a(lib_a-nano-freer.o)
 .debug_frame   0x00001968       0x2c c:/program files (x86)/atmel/studio/7.0/toolchain/arm/arm-gnu-toolchain/bin/../lib/gcc/arm-none-eabi/5.3.1/../../../../arm-none-eabi/lib/armv6-m\libc_nano.a(lib_a-nano-mallocr.o)
 .debug_frame   0x00001994       0x2c c:/program files (x86)/atmel/studio/7.0/toolchain/arm/arm-gnu-toolchain/bin/../lib/gcc/arm-none-eabi/5.3.1/../../../../arm-none-eabi/lib/armv6-m\libc_nano.a(lib_a-sbrkr.o)
 .debug_frame   0x000019c0       0x90 c:/program files (x86)/atmel/studio/7.0/toolchain/arm/arm-gnu-toolchain/bin/../lib/gcc/arm-none-eabi/5.3.1/../../../../arm-none-eabi/lib/armv6-m\libc_nano.a(lib_a-stdio.o)
 .debug_frame   0x00001a50       0x2c c:/program files (x86)/atmel/studio/7.0/toolchain/arm/arm-gnu-toolchain/bin/../lib/gcc/arm-none-eabi/5.3.1/../../../../arm-none-eabi/lib/armv6-m\libc_nano.a(lib_a-writer.o)
 .debug_frame   0x00001a7c       0x2c c:/program files (x86)/atmel/studio/7.0/toolchain/arm/arm-gnu-toolchain/bin/../lib/gcc/arm-none-eabi/5.3.1/../../../../arm-none-eabi/lib/armv6-m\libc_nano.a(lib_a-closer.o)
 .debug_frame   0x00001aa8       0x2c c:/program files (x86)/atmel/studio/7.0/toolchain/arm/arm-gnu-toolchain/bin/../lib/gcc/arm-none-eabi/5.3.1/../../../../arm-none-eabi/lib/armv6-m\libc_nano.a(lib_a-fstatr.o)
 .debug_frame   0x00001ad4       0x2c c:/program files (x86)/atmel/studio/7.0/toolchain/arm/arm-gnu-toolchain/bin/../lib/gcc/arm-none-eabi/5.3.1/../../../../arm-none-eabi/lib/armv6-m\libc_nano.a(lib_a-lseekr.o)
 .debug_frame   0x00001b00       0x2c c:/program files (x86)/atmel/studio/7.0/toolchain/arm/arm-gnu-toolchain/bin/../lib/gcc/arm-none-eabi/5.3.1/../../../../arm-none-eabi/lib/armv6-m\libc_nano.a(lib_a-readr.o)
 .debug_frame   0x00001b2c       0x48 c:/program files (x86)/atmel/studio/7.0/toolchain/arm/arm-gnu-toolchain/bin/../lib/gcc/arm-none-eabi/5.3.1/../../../../arm-none-eabi/lib/armv6-m\libc_nano.a(lib_a-reent.o)

Cross Reference Table

Symbol                                            File
AC_Handler                                        src/ASF/sam0/utils/cmsis/saml21/source/gcc/startup_saml21.o
ADC_Handler                                       src/ASF/sam0/drivers/adc/adc_sam_l_c/adc_callback.o
AES_Handler                                       src/ASF/sam0/utils/cmsis/saml21/source/gcc/startup_saml21.o
DAC_Handler                                       src/ASF/sam0/utils/cmsis/saml21/source/gcc/startup_saml21.o
DMAC_Handler                                      src/ASF/sam0/utils/cmsis/saml21/source/gcc/startup_saml21.o
Dummy_Handler                                     src/ASF/sam0/utils/cmsis/saml21/source/gcc/startup_saml21.o
EIC_Handler                                       src/ASF/sam0/utils/cmsis/saml21/source/gcc/startup_saml21.o
EVSYS_Handler                                     src/ASF/sam0/utils/cmsis/saml21/source/gcc/startup_saml21.o
HardFault_Handler                                 src/ASF/sam0/utils/cmsis/saml21/source/gcc/startup_saml21.o
MODBUSCOM_ErrorSend                               src/Modbus/modbus.o
MODBUSCOM_ForceSingleCoil                         src/Modbus/modbus.o
MODBUSCOM_MODBUSCOM                               src/Modbus/modbus.o
MODBUSCOM_PresetSingleReg                         src/Modbus/modbus.o
MODBUSCOM_ProcessFrame                            src/Modbus/modbus.o
MODBUSCOM_ReadHoldingReg                          src/Modbus/modbus.o
MODBUSCOM_btox                                    src/Modbus/modbus.o
MODBUSCOM_flushReceived                           src/Modbus/modbus.o
MODBUSCOM_getByte                                 src/Modbus/modbus.o
MODBUSCOM_getInt                                  src/Modbus/modbus.o
MODBUSCOM_sendByte                                src/Modbus/modbus.o
MODBUSCOM_sendBytes                               src/Modbus/modbus.o
NMI_Handler                                       src/ASF/sam0/utils/cmsis/saml21/source/gcc/startup_saml21.o
NVMCTRL_Handler                                   src/ASF/sam0/utils/cmsis/saml21/source/gcc/startup_saml21.o
PTC_Handler                                       src/ASF/sam0/utils/cmsis/saml21/source/gcc/startup_saml21.o
PendSV_Handler                                    src/ASF/thirdparty/freertos/freertos-8.0.1/Source/portable/GCC/ARM_CM0/port.o
                                                  src/ASF/sam0/utils/cmsis/saml21/source/gcc/startup_saml21.o
RTC_Handler                                       src/ASF/sam0/utils/cmsis/saml21/source/gcc/startup_saml21.o
Reset_Handler                                     src/ASF/sam0/utils/cmsis/saml21/source/gcc/startup_saml21.o
SERCOM0_Handler                                   src/ASF/sam0/drivers/sercom/sercom_interrupt.o
SERCOM1_Handler                                   src/ASF/sam0/drivers/sercom/sercom_interrupt.o
SERCOM2_Handler                                   src/ASF/sam0/drivers/sercom/sercom_interrupt.o
SERCOM3_Handler                                   src/ASF/sam0/drivers/sercom/sercom_interrupt.o