Archive member included to satisfy reference by file (symbol)

../src/ASF/thirdparty/CMSIS/Lib/GCC\libarm_cortexM0l_math.a(arm_fir_init_q15.o)
                              src/main.o (arm_fir_init_q15)
../src/ASF/thirdparty/CMSIS/Lib/GCC\libarm_cortexM0l_math.a(arm_fir_fast_q15.o)
                              src/main.o (arm_fir_fast_q15)
c:/program files (x86)/atmel/studio/7.0/toolchain/arm/arm-gnu-toolchain/bin/../lib/gcc/arm-none-eabi/5.3.1/armv6-m\libgcc.a(_udivsi3.o)
                              src/ASF/sam0/drivers/sercom/i2c/i2c_sam0/i2c_master.o (__aeabi_uidiv)
c:/program files (x86)/atmel/studio/7.0/toolchain/arm/arm-gnu-toolchain/bin/../lib/gcc/arm-none-eabi/5.3.1/armv6-m\libgcc.a(_divsi3.o)
                              src/main.o (__aeabi_idivmod)
c:/program files (x86)/atmel/studio/7.0/toolchain/arm/arm-gnu-toolchain/bin/../lib/gcc/arm-none-eabi/5.3.1/armv6-m\libgcc.a(_dvmd_tls.o)
                              c:/program files (x86)/atmel/studio/7.0/toolchain/arm/arm-gnu-toolchain/bin/../lib/gcc/arm-none-eabi/5.3.1/armv6-m\libgcc.a(_udivsi3.o) (__aeabi_idiv0)
c:/program files (x86)/atmel/studio/7.0/toolchain/arm/arm-gnu-toolchain/bin/../lib/gcc/arm-none-eabi/5.3.1/armv6-m\libgcc.a(_muldi3.o)
                              src/ASF/sam0/drivers/sercom/sercom.o (__aeabi_lmul)
c:/program files (x86)/atmel/studio/7.0/toolchain/arm/arm-gnu-toolchain/bin/../lib/gcc/arm-none-eabi/5.3.1/armv6-m\libgcc.a(adddf3.o)
                              src/ASF/sam0/drivers/sercom/i2c/i2c_sam0/i2c_master.o (__aeabi_dadd)
c:/program files (x86)/atmel/studio/7.0/toolchain/arm/arm-gnu-toolchain/bin/../lib/gcc/arm-none-eabi/5.3.1/armv6-m\libgcc.a(divdf3.o)
                              src/ASF/sam0/drivers/sercom/i2c/i2c_sam0/i2c_master.o (__aeabi_ddiv)
c:/program files (x86)/atmel/studio/7.0/toolchain/arm/arm-gnu-toolchain/bin/../lib/gcc/arm-none-eabi/5.3.1/armv6-m\libgcc.a(muldf3.o)
                              src/ASF/sam0/drivers/sercom/i2c/i2c_sam0/i2c_master.o (__aeabi_dmul)
c:/program files (x86)/atmel/studio/7.0/toolchain/arm/arm-gnu-toolchain/bin/../lib/gcc/arm-none-eabi/5.3.1/armv6-m\libgcc.a(subdf3.o)
                              src/ASF/sam0/drivers/sercom/i2c/i2c_sam0/i2c_master.o (__aeabi_dsub)
c:/program files (x86)/atmel/studio/7.0/toolchain/arm/arm-gnu-toolchain/bin/../lib/gcc/arm-none-eabi/5.3.1/armv6-m\libgcc.a(fixdfsi.o)
                              src/ASF/sam0/drivers/sercom/i2c/i2c_sam0/i2c_master.o (__aeabi_d2iz)
c:/program files (x86)/atmel/studio/7.0/toolchain/arm/arm-gnu-toolchain/bin/../lib/gcc/arm-none-eabi/5.3.1/armv6-m\libgcc.a(floatunsidf.o)
                              src/ASF/sam0/drivers/sercom/i2c/i2c_sam0/i2c_master.o (__aeabi_ui2d)
c:/program files (x86)/atmel/studio/7.0/toolchain/arm/arm-gnu-toolchain/bin/../lib/gcc/arm-none-eabi/5.3.1/armv6-m\libgcc.a(_clzsi2.o)
                              c:/program files (x86)/atmel/studio/7.0/toolchain/arm/arm-gnu-toolchain/bin/../lib/gcc/arm-none-eabi/5.3.1/armv6-m\libgcc.a(adddf3.o) (__clzsi2)
c:/program files (x86)/atmel/studio/7.0/toolchain/arm/arm-gnu-toolchain/bin/../lib/gcc/arm-none-eabi/5.3.1/../../../../arm-none-eabi/lib/armv6-m\libc_nano.a(lib_a-exit.o)
                              c:/program files (x86)/atmel/studio/7.0/toolchain/arm/arm-gnu-toolchain/bin/../lib/gcc/arm-none-eabi/5.3.1/../../../../arm-none-eabi/lib/armv6-m/crt0.o (exit)
c:/program files (x86)/atmel/studio/7.0/toolchain/arm/arm-gnu-toolchain/bin/../lib/gcc/arm-none-eabi/5.3.1/../../../../arm-none-eabi/lib/armv6-m\libc_nano.a(lib_a-impure.o)
                              c:/program files (x86)/atmel/studio/7.0/toolchain/arm/arm-gnu-toolchain/bin/../lib/gcc/arm-none-eabi/5.3.1/../../../../arm-none-eabi/lib/armv6-m\libc_nano.a(lib_a-exit.o) (_global_impure_ptr)
c:/program files (x86)/atmel/studio/7.0/toolchain/arm/arm-gnu-toolchain/bin/../lib/gcc/arm-none-eabi/5.3.1/../../../../arm-none-eabi/lib/armv6-m\libc_nano.a(lib_a-init.o)
                              c:/program files (x86)/atmel/studio/7.0/toolchain/arm/arm-gnu-toolchain/bin/../lib/gcc/arm-none-eabi/5.3.1/../../../../arm-none-eabi/lib/armv6-m/crt0.o (__libc_init_array)
c:/program files (x86)/atmel/studio/7.0/toolchain/arm/arm-gnu-toolchain/bin/../lib/gcc/arm-none-eabi/5.3.1/../../../../arm-none-eabi/lib/armv6-m\libc_nano.a(lib_a-memcpy-stub.o)
                              src/ASF/sam0/drivers/sercom/sercom_interrupt.o (memcpy)
c:/program files (x86)/atmel/studio/7.0/toolchain/arm/arm-gnu-toolchain/bin/../lib/gcc/arm-none-eabi/5.3.1/../../../../arm-none-eabi/lib/armv6-m\libc_nano.a(lib_a-memset.o)
                              c:/program files (x86)/atmel/studio/7.0/toolchain/arm/arm-gnu-toolchain/bin/../lib/gcc/arm-none-eabi/5.3.1/../../../../arm-none-eabi/lib/armv6-m/crt0.o (memset)
c:/program files (x86)/atmel/studio/7.0/toolchain/arm/arm-gnu-toolchain/bin/../lib/gcc/arm-none-eabi/5.3.1/../../../../arm-none-eabi/lib/armv6-m\libc_nano.a(lib_a-setbuf.o)
[...]
Memory Configuration

Name             Origin             Length             Attributes
rom              0x00000000         0x00040000         xr
ram              0x20000000         0x00008000         xrw
lpram            0x30000000         0x00002000         xrw
*default*        0x00000000         0xffffffff

Linker script and memory map

LOAD c:/program files (x86)/atmel/studio/7.0/toolchain/arm/arm-gnu-toolchain/bin/../lib/gcc/arm-none-eabi/5.3.1/armv6-m/crti.o
LOAD c:/program files (x86)/atmel/studio/7.0/toolchain/arm/arm-gnu-toolchain/bin/../lib/gcc/arm-none-eabi/5.3.1/armv6-m/crtbegin.o
LOAD c:/program files (x86)/atmel/studio/7.0/toolchain/arm/arm-gnu-toolchain/bin/../lib/gcc/arm-none-eabi/5.3.1/../../../../arm-none-eabi/lib/armv6-m/crt0.o
LOAD src/ASF/sam0/drivers/dac/dac_sam_l/dac.o
LOAD src/ASF/sam0/drivers/sercom/i2c/i2c_sam0/i2c_master.o
LOAD src/ASF/common2/services/delay/sam0/systick_counter.o
LOAD src/ASF/sam0/drivers/sercom/sercom.o
LOAD src/ASF/sam0/utils/stdio/read.o
LOAD src/ASF/sam0/utils/stdio/write.o
LOAD src/ASF/sam0/drivers/sercom/usart/usart.o
LOAD src/ASF/sam0/drivers/sercom/usart/usart_interrupt.o
LOAD src/ASF/sam0/drivers/sercom/sercom_interrupt.o
LOAD src/ASF/common/utils/interrupt/interrupt_sam_nvic.o
LOAD src/ASF/sam0/boards/saml21_xplained_pro/board_init.o
LOAD src/ASF/sam0/drivers/adc/adc_sam_l_c/adc.o
LOAD src/ASF/sam0/drivers/adc/adc_sam_l_c/adc_callback.o
LOAD src/ASF/sam0/drivers/opamp/opamp.o
LOAD src/ASF/sam0/drivers/port/port.o
LOAD src/ASF/sam0/drivers/system/clock/clock_saml21/clock.o
LOAD src/ASF/sam0/drivers/system/clock/clock_saml21/gclk.o
LOAD src/ASF/sam0/drivers/system/interrupt/system_interrupt.o
LOAD src/ASF/sam0/drivers/system/pinmux/pinmux.o
LOAD src/ASF/sam0/drivers/system/system.o
LOAD src/ASF/sam0/utils/cmsis/saml21/source/gcc/startup_saml21.o
LOAD src/ASF/sam0/utils/cmsis/saml21/source/system_saml21.o
LOAD src/ASF/sam0/utils/syscalls/gcc/syscalls.o
LOAD src/ASF/thirdparty/freertos/freertos-8.0.1/Source/croutine.o
LOAD src/ASF/thirdparty/freertos/freertos-8.0.1/Source/event_groups.o
LOAD src/ASF/thirdparty/freertos/freertos-8.0.1/Source/list.o
LOAD src/ASF/thirdparty/freertos/freertos-8.0.1/Source/portable/GCC/ARM_CM0/port.o
LOAD src/ASF/thirdparty/freertos/freertos-8.0.1/Source/portable/MemMang/heap_1.o
LOAD src/ASF/thirdparty/freertos/freertos-8.0.1/Source/queue.o
LOAD src/ASF/thirdparty/freertos/freertos-8.0.1/Source/tasks.o
LOAD src/ASF/thirdparty/freertos/freertos-8.0.1/Source/timers.o
LOAD src/main.o
START GROUP
LOAD ../src/ASF/thirdparty/CMSIS/Lib/GCC\libarm_cortexM0l_math.a
LOAD c:/program files (x86)/atmel/studio/7.0/toolchain/arm/arm-gnu-toolchain/bin/../lib/gcc/arm-none-eabi/5.3.1/../../../../arm-none-eabi/lib/armv6-m\libm.a
END GROUP
START GROUP
LOAD c:/program files (x86)/atmel/studio/7.0/toolchain/arm/arm-gnu-toolchain/bin/../lib/gcc/arm-none-eabi/5.3.1/armv6-m\libgcc.a
LOAD c:/program files (x86)/atmel/studio/7.0/toolchain/arm/arm-gnu-toolchain/bin/../lib/gcc/arm-none-eabi/5.3.1/../../../../arm-none-eabi/lib/armv6-m\libc_nano.a
END GROUP
START GROUP
LOAD c:/program files (x86)/atmel/studio/7.0/toolchain/arm/arm-gnu-toolchain/bin/../lib/gcc/arm-none-eabi/5.3.1/armv6-m\libgcc.a
LOAD c:/program files (x86)/atmel/studio/7.0/toolchain/arm/arm-gnu-toolchain/bin/../lib/gcc/arm-none-eabi/5.3.1/../../../../arm-none-eabi/lib/armv6-m\libc_nano.a
END GROUP
LOAD c:/program files (x86)/atmel/studio/7.0/toolchain/arm/arm-gnu-toolchain/bin/../lib/gcc/arm-none-eabi/5.3.1/armv6-m/crtend.o
LOAD c:/program files (x86)/atmel/studio/7.0/toolchain/arm/arm-gnu-toolchain/bin/../lib/gcc/arm-none-eabi/5.3.1/armv6-m/crtn.o
                0x00002000                STACK_SIZE = DEFINED (STACK_SIZE)?STACK_SIZE:DEFINED (__stack_size__)?__stack_size__:0x2000

.text           0x00000000     0x6908
                0x00000000                . = ALIGN (0x4)
                0x00000000                _sfixed = .
 *(.vectors .vectors.*)
 .vectors       0x00000000       0xb4 src/ASF/sam0/utils/cmsis/saml21/source/gcc/startup_saml21.o
                0x00000000                exception_table
 *(.text .text.* .gnu.linkonce.t.*)
 .text          0x000000b4       0x60 c:/program files (x86)/atmel/studio/7.0/toolchain/arm/arm-gnu-toolchain/bin/../lib/gcc/arm-none-eabi/5.3.1/armv6-m/crtbegin.o
 .text.dac_is_syncing
                0x00000114        0xc src/ASF/sam0/drivers/dac/dac_sam_l/dac.o
                0x00000114                dac_is_syncing
 .text.dac_get_config_defaults
                0x00000120        0xc src/ASF/sam0/drivers/dac/dac_sam_l/dac.o
                0x00000120                dac_get_config_defaults
 .text.dac_init
                0x0000012c       0x60 src/ASF/sam0/drivers/dac/dac_sam_l/dac.o
                0x0000012c                dac_init
 .text.dac_enable
                0x0000018c       0x50 src/ASF/sam0/drivers/dac/dac_sam_l/dac.o
                0x0000018c                dac_enable
 .text.dac_chan_get_config_defaults
                0x000001dc       0x10 src/ASF/sam0/drivers/dac/dac_sam_l/dac.o
                0x000001dc                dac_chan_get_config_defaults
 .text.dac_chan_set_config
                0x000001ec       0x70 src/ASF/sam0/drivers/dac/dac_sam_l/dac.o
                0x000001ec                dac_chan_set_config
 .text.dac_chan_enable
                0x0000025c       0x10 src/ASF/sam0/drivers/dac/dac_sam_l/dac.o
                0x0000025c                dac_chan_enable
 .text.dac_chan_write
                0x0000026c       0x40 src/ASF/sam0/drivers/dac/dac_sam_l/dac.o
                0x0000026c                dac_chan_write
 .text.i2c_master_init
                0x000002ac      0x2c0 src/ASF/sam0/drivers/sercom/i2c/i2c_sam0/i2c_master.o
                0x000002ac                i2c_master_init
 .text.delay_init
                0x0000056c       0x40 src/ASF/common2/services/delay/sam0/systick_counter.o
                0x0000056c                delay_init
 .text.delay_cycles_ms
                0x000005ac       0x2c src/ASF/common2/services/delay/sam0/systick_counter.o
                0x000005ac                delay_cycles_ms
 .text._sercom_get_sync_baud_val
                0x000005d8       0x28 src/ASF/sam0/drivers/sercom/sercom.o
                0x000005d8                _sercom_get_sync_baud_val
 .text._sercom_get_async_baud_val
                0x00000600      0x1c8 src/ASF/sam0/drivers/sercom/sercom.o
                0x00000600                _sercom_get_async_baud_val
 .text.sercom_set_gclk_generator
                0x000007c8       0x4c src/ASF/sam0/drivers/sercom/sercom.o
                0x000007c8                sercom_set_gclk_generator
 .text._sercom_get_default_pad
                0x00000814      0x184 src/ASF/sam0/drivers/sercom/sercom.o
                0x00000814                _sercom_get_default_pad
 .text._sercom_get_sercom_inst_index
                0x00000998       0x3c src/ASF/sam0/drivers/sercom/sercom.o
                0x00000998                _sercom_get_sercom_inst_index
 .text._read    0x000009d4       0x40 src/ASF/sam0/utils/stdio/read.o
                0x000009d4                _read
 .text._write   0x00000a14       0x50 src/ASF/sam0/utils/stdio/write.o
                0x00000a14                _write
 .text.usart_init
                0x00000a64      0x364 src/ASF/sam0/drivers/sercom/usart/usart.o
                0x00000a64                usart_init
 .text.usart_write_wait
                0x00000dc8       0x2c src/ASF/sam0/drivers/sercom/usart/usart.o
                0x00000dc8                usart_write_wait
 .text.usart_read_wait
                0x00000df4       0x70 src/ASF/sam0/drivers/sercom/usart/usart.o
                0x00000df4                usart_read_wait
 .text.usart_write_buffer_wait
                0x00000e64       0xb8 src/ASF/sam0/drivers/sercom/usart/usart.o
                0x00000e64                usart_write_buffer_wait
 .text._usart_interrupt_handler
                0x00000f1c      0x18c src/ASF/sam0/drivers/sercom/usart/usart_interrupt.o
                0x00000f1c                _usart_interrupt_handler
 .text._sercom_default_handler
                0x000010a8        0x4 src/ASF/sam0/drivers/sercom/sercom_interrupt.o
 .text._sercom_set_handler
                0x000010ac       0x3c src/ASF/sam0/drivers/sercom/sercom_interrupt.o
                0x000010ac                _sercom_set_handler
 .text._sercom_get_interrupt_vector
                0x000010e8       0x2c src/ASF/sam0/drivers/sercom/sercom_interrupt.o
                0x000010e8                _sercom_get_interrupt_vector
 .text.SERCOM0_Handler
                0x00001114       0x10 src/ASF/sam0/drivers/sercom/sercom_interrupt.o
                0x00001114                SERCOM0_Handler
 .text.SERCOM1_Handler
                0x00001124       0x10 src/ASF/sam0/drivers/sercom/sercom_interrupt.o
                0x00001124                SERCOM1_Handler
 .text.SERCOM2_Handler
                0x00001134       0x10 src/ASF/sam0/drivers/sercom/sercom_interrupt.o
                0x00001134                SERCOM2_Handler
 .text.SERCOM3_Handler
                0x00001144       0x10 src/ASF/sam0/drivers/sercom/sercom_interrupt.o
                0x00001144                SERCOM3_Handler
 .text.SERCOM4_Handler
                0x00001154       0x10 src/ASF/sam0/drivers/sercom/sercom_interrupt.o
                0x00001154                SERCOM4_Handler
 .text.SERCOM5_Handler
                0x00001164       0x10 src/ASF/sam0/drivers/sercom/sercom_interrupt.o
                0x00001164                SERCOM5_Handler
 .text.cpu_irq_enter_critical
                0x00001174       0x40 src/ASF/common/utils/interrupt/interrupt_sam_nvic.o
                0x00001174                cpu_irq_enter_critical
 .text.cpu_irq_leave_critical
                0x000011b4       0x30 src/ASF/common/utils/interrupt/interrupt_sam_nvic.o
                0x000011b4                cpu_irq_leave_critical
 .text.system_board_init
                0x000011e4       0x38 src/ASF/sam0/boards/saml21_xplained_pro/board_init.o
                0x000011e4                board_init
                0x000011e4                system_board_init
 .text._adc_get_inst_index
                0x0000121c        0x4 src/ASF/sam0/drivers/adc/adc_sam_l_c/adc.o
                0x0000121c                _adc_get_inst_index
 .text.adc_get_config_defaults
                0x00001220       0x44 src/ASF/sam0/drivers/adc/adc_sam_l_c/adc.o
                0x00001220                adc_get_config_defaults
 .text.adc_init
                0x00001264      0x3d4 src/ASF/sam0/drivers/adc/adc_sam_l_c/adc.o
                0x00001264                adc_init
 .text.ADC_Handler
                0x00001638       0xbc src/ASF/sam0/drivers/adc/adc_sam_l_c/adc_callback.o
                0x00001638                ADC_Handler
 .text.adc_register_callback
                0x000016f4       0x14 src/ASF/sam0/drivers/adc/adc_sam_l_c/adc_callback.o
                0x000016f4                adc_register_callback
 .text.adc_read_buffer_job
                0x00001708       0x4c src/ASF/sam0/drivers/adc/adc_sam_l_c/adc_callback.o
                0x00001708                adc_read_buffer_job
 .text.opamp_module_init
                0x00001754       0x3c src/ASF/sam0/drivers/opamp/opamp.o
                0x00001754                opamp_module_init
 .text.opamp2_get_config_defaults
                0x00001790       0x28 src/ASF/sam0/drivers/opamp/opamp.o
                0x00001790                opamp2_get_config_defaults
 .text.opamp2_set_config
                0x000017b8       0x5c src/ASF/sam0/drivers/opamp/opamp.o
                0x000017b8                opamp2_set_config
 .text.opamp_enable
                0x00001814       0x34 src/ASF/sam0/drivers/opamp/opamp.o
                0x00001814                opamp_enable
 .text.opamp_is_ready
                0x00001848       0x34 src/ASF/sam0/drivers/opamp/opamp.o
                0x00001848                opamp_is_ready
 .text.port_pin_set_config
                0x0000187c       0x24 src/ASF/sam0/drivers/port/port.o
                0x0000187c                port_pin_set_config
 .text.system_clock_source_get_hz
                0x000018a0       0x94 src/ASF/sam0/drivers/system/clock/clock_saml21/clock.o
                0x000018a0                system_clock_source_get_hz
 .text.system_clock_source_osculp32k_set_config
                0x00001934       0x20 src/ASF/sam0/drivers/system/clock/clock_saml21/clock.o
                0x00001934                system_clock_source_osculp32k_set_config
 .text.system_clock_init
                0x00001954       0xe0 src/ASF/sam0/drivers/system/clock/clock_saml21/clock.o
                0x00001954                system_clock_init
 .text.system_gclk_init
                0x00001a34       0x24 src/ASF/sam0/drivers/system/clock/clock_saml21/gclk.o
                0x00001a34                system_gclk_init
 .text.system_gclk_gen_set_config
                0x00001a58       0xac src/ASF/sam0/drivers/system/clock/clock_saml21/gclk.o
                0x00001a58                system_gclk_gen_set_config
 .text.system_gclk_gen_enable
                0x00001b04       0x40 src/ASF/sam0/drivers/system/clock/clock_saml21/gclk.o
                0x00001b04                system_gclk_gen_enable
 .text.system_gclk_gen_get_hz
                0x00001b44       0x6c src/ASF/sam0/drivers/system/clock/clock_saml21/gclk.o
                0x00001b44                system_gclk_gen_get_hz
 .text.system_gclk_chan_enable
                0x00001bb0       0x38 src/ASF/sam0/drivers/system/clock/clock_saml21/gclk.o
                0x00001bb0                system_gclk_chan_enable
 .text.system_gclk_chan_disable
                0x00001be8       0x38 src/ASF/sam0/drivers/system/clock/clock_saml21/gclk.o
                0x00001be8                system_gclk_chan_disable
 .text.system_gclk_chan_set_config
                0x00001c20       0x24 src/ASF/sam0/drivers/system/clock/clock_saml21/gclk.o
                0x00001c20                system_gclk_chan_set_config
 .text.system_gclk_chan_get_hz
                0x00001c44       0x30 src/ASF/sam0/drivers/system/clock/clock_saml21/gclk.o
                0x00001c44                system_gclk_chan_get_hz
 .text._system_pinmux_config
                0x00001c74       0xa8 src/ASF/sam0/drivers/system/pinmux/pinmux.o
 .text.system_pinmux_pin_set_config
                0x00001d1c       0x30 src/ASF/sam0/drivers/system/pinmux/pinmux.o
                0x00001d1c                system_pinmux_pin_set_config
 .text._system_dummy_init
                0x00001d4c        0x4 src/ASF/sam0/drivers/system/system.o
                0x00001d4c                _system_extint_init
                0x00001d4c                _system_events_init
                0x00001d4c                _system_dummy_init
                0x00001d4c                _system_divas_init
 .text.system_init
                0x00001d50       0x2c src/ASF/sam0/drivers/system/system.o
                0x00001d50                system_init
 .text.Dummy_Handler
                0x00001d7c        0x4 src/ASF/sam0/utils/cmsis/saml21/source/gcc/startup_saml21.o
                0x00001d7c                DMAC_Handler
                0x00001d7c                TRNG_Handler
                0x00001d7c                HardFault_Handler
                0x00001d7c                TC2_Handler
                0x00001d7c                AC_Handler
                0x00001d7c                NMI_Handler
                0x00001d7c                TCC1_Handler
                0x00001d7c                TCC0_Handler
                0x00001d7c                RTC_Handler
                0x00001d7c                EIC_Handler
                0x00001d7c                WDT_Handler
                0x00001d7c                TC4_Handler
                0x00001d7c                TC1_Handler
                0x00001d7c                USB_Handler
                0x00001d7c                TC3_Handler
                0x00001d7c                Dummy_Handler
                0x00001d7c                TCC2_Handler
                0x00001d7c                EVSYS_Handler
                0x00001d7c                NVMCTRL_Handler
                0x00001d7c                SYSTEM_Handler
                0x00001d7c                DAC_Handler
                0x00001d7c                PTC_Handler
                0x00001d7c                TC0_Handler
                0x00001d7c                AES_Handler
 .text.Reset_Handler
                0x00001d80       0xa8 src/ASF/sam0/utils/cmsis/saml21/source/gcc/startup_saml21.o
                0x00001d80                Reset_Handler
 .text._sbrk    0x00001e28       0x24 src/ASF/sam0/utils/syscalls/gcc/syscalls.o
                0x00001e28                _sbrk
 .text._close   0x00001e4c        0x8 src/ASF/sam0/utils/syscalls/gcc/syscalls.o
                0x00001e4c                _close
 .text._fstat   0x00001e54        0xc src/ASF/sam0/utils/syscalls/gcc/syscalls.o
                0x00001e54                _fstat
 .text._lseek   0x00001e60        0x4 src/ASF/sam0/utils/syscalls/gcc/syscalls.o
                0x00001e60                _lseek
 .text.vListInitialise
                0x00001e64       0x18 src/ASF/thirdparty/freertos/freertos-8.0.1/Source/list.o
                0x00001e64                vListInitialise
 .text.vListInitialiseItem
                0x00001e7c        0x8 src/ASF/thirdparty/freertos/freertos-8.0.1/Source/list.o
                0x00001e7c                vListInitialiseItem
 .text.vListInsertEnd
                0x00001e84       0x18 src/ASF/thirdparty/freertos/freertos-8.0.1/Source/list.o
                0x00001e84                vListInsertEnd
 .text.vListInsert
                0x00001e9c       0x30 src/ASF/thirdparty/freertos/freertos-8.0.1/Source/list.o
                0x00001e9c                vListInsert
 .text.uxListRemove
                0x00001ecc       0x24 src/ASF/thirdparty/freertos/freertos-8.0.1/Source/list.o
                0x00001ecc                uxListRemove
 .text.prvTaskExitError
                0x00001ef0       0x14 src/ASF/thirdparty/freertos/freertos-8.0.1/Source/portable/GCC/ARM_CM0/port.o
 .text.vPortStartFirstTask
                0x00001f04       0x20 src/ASF/thirdparty/freertos/freertos-8.0.1/Source/portable/GCC/ARM_CM0/port.o
 .text.pxPortInitialiseStack
                0x00001f24       0x20 src/ASF/thirdparty/freertos/freertos-8.0.1/Source/portable/GCC/ARM_CM0/port.o
                0x00001f24                pxPortInitialiseStack
 .text.SVC_Handler
                0x00001f44        0x4 src/ASF/thirdparty/freertos/freertos-8.0.1/Source/portable/GCC/ARM_CM0/port.o
                0x00001f44                SVC_Handler
 .text.vPortYield
                0x00001f48       0x18 src/ASF/thirdparty/freertos/freertos-8.0.1/Source/portable/GCC/ARM_CM0/port.o
                0x00001f48                vPortYield
 .text.vPortEnterCritical
                0x00001f60       0x18 src/ASF/thirdparty/freertos/freertos-8.0.1/Source/portable/GCC/ARM_CM0/port.o
                0x00001f60                vPortEnterCritical
 .text.vPortExitCritical
                0x00001f78       0x20 src/ASF/thirdparty/freertos/freertos-8.0.1/Source/portable/GCC/ARM_CM0/port.o
                0x00001f78                vPortExitCritical
 .text.ulSetInterruptMaskFromISR
                0x00001f98        0xc src/ASF/thirdparty/freertos/freertos-8.0.1/Source/portable/GCC/ARM_CM0/port.o
                0x00001f98                ulSetInterruptMaskFromISR
 .text.vClearInterruptMaskFromISR
                0x00001fa4        0x8 src/ASF/thirdparty/freertos/freertos-8.0.1/Source/portable/GCC/ARM_CM0/port.o
                0x00001fa4                vClearInterruptMaskFromISR
 .text.PendSV_Handler
                0x00001fac       0x44 src/ASF/thirdparty/freertos/freertos-8.0.1/Source/portable/GCC/ARM_CM0/port.o
                0x00001fac                PendSV_Handler
 .text.SysTick_Handler
                0x00001ff0       0x30 src/ASF/thirdparty/freertos/freertos-8.0.1/Source/portable/GCC/ARM_CM0/port.o
                0x00001ff0                SysTick_Handler
 .text.vPortSetupTimerInterrupt
                0x00002020       0x24 src/ASF/thirdparty/freertos/freertos-8.0.1/Source/portable/GCC/ARM_CM0/port.o
                0x00002020                vPortSetupTimerInterrupt
 .text.xPortStartScheduler
                0x00002044       0x40 src/ASF/thirdparty/freertos/freertos-8.0.1/Source/portable/GCC/ARM_CM0/port.o
                0x00002044                xPortStartScheduler
 .text.pvPortMalloc
                0x00002084       0x68 src/ASF/thirdparty/freertos/freertos-8.0.1/Source/portable/MemMang/heap_1.o
                0x00002084                pvPortMalloc
 .text.vPortFree
                0x000020ec        0xc src/ASF/thirdparty/freertos/freertos-8.0.1/Source/portable/MemMang/heap_1.o
                0x000020ec                vPortFree
 .text.prvCopyDataToQueue
                0x000020f8       0x7c src/ASF/thirdparty/freertos/freertos-8.0.1/Source/queue.o
 .text.prvNotifyQueueSetContainer
                0x00002174       0x50 src/ASF/thirdparty/freertos/freertos-8.0.1/Source/queue.o
 .text.prvCopyDataFromQueue
                0x000021c4       0x28 src/ASF/thirdparty/freertos/freertos-8.0.1/Source/queue.o
 .text.prvUnlockQueue
                0x000021ec       0xac src/ASF/thirdparty/freertos/freertos-8.0.1/Source/queue.o
 .text.xQueueGenericReset
                0x00002298       0x78 src/ASF/thirdparty/freertos/freertos-8.0.1/Source/queue.o
                0x00002298                xQueueGenericReset
 .text.xQueueGenericCreate
                0x00002310       0x54 src/ASF/thirdparty/freertos/freertos-8.0.1/Source/queue.o
                0x00002310                xQueueGenericCreate
 .text.xQueueGenericSend
                0x00002364      0x178 src/ASF/thirdparty/freertos/freertos-8.0.1/Source/queue.o
                0x00002364                xQueueGenericSend
 .text.xQueueGenericSendFromISR
                0x000024dc       0xc8 src/ASF/thirdparty/freertos/freertos-8.0.1/Source/queue.o
                0x000024dc                xQueueGenericSendFromISR
 .text.xQueueGenericReceive
                0x000025a4      0x18c src/ASF/thirdparty/freertos/freertos-8.0.1/Source/queue.o
                0x000025a4                xQueueGenericReceive
 .text.vQueueWaitForMessageRestricted
                0x00002730       0x4c src/ASF/thirdparty/freertos/freertos-8.0.1/Source/queue.o
                0x00002730                vQueueWaitForMessageRestricted
 .text.prvResetNextTaskUnblockTime
                0x0000277c       0x2c src/ASF/thirdparty/freertos/freertos-8.0.1/Source/tasks.o
 .text.prvAddCurrentTaskToDelayedList
                0x000027a8       0x58 src/ASF/thirdparty/freertos/freertos-8.0.1/Source/tasks.o
 .text.xTaskGenericCreate
                0x00002800      0x1ec src/ASF/thirdparty/freertos/freertos-8.0.1/Source/tasks.o
                0x00002800                xTaskGenericCreate
 .text.vTaskStartScheduler
                0x000029ec       0x60 src/ASF/thirdparty/freertos/freertos-8.0.1/Source/tasks.o
                0x000029ec                vTaskStartScheduler
 .text.vTaskSuspendAll
                0x00002a4c       0x10 src/ASF/thirdparty/freertos/freertos-8.0.1/Source/tasks.o
                0x00002a4c                vTaskSuspendAll
 .text.xTaskGetTickCount
                0x00002a5c       0x20 src/ASF/thirdparty/freertos/freertos-8.0.1/Source/tasks.o
                0x00002a5c                xTaskGetTickCount
 .text.xTaskIncrementTick
                0x00002a7c      0x124 src/ASF/thirdparty/freertos/freertos-8.0.1/Source/tasks.o
                0x00002a7c                xTaskIncrementTick
 .text.xTaskResumeAll
                0x00002ba0       0xf8 src/ASF/thirdparty/freertos/freertos-8.0.1/Source/tasks.o
                0x00002ba0                xTaskResumeAll
 .text.vTaskDelay
                0x00002c98       0x5c src/ASF/thirdparty/freertos/freertos-8.0.1/Source/tasks.o
                0x00002c98                vTaskDelay
 .text.prvIdleTask
                0x00002cf4       0x8c src/ASF/thirdparty/freertos/freertos-8.0.1/Source/tasks.o
 .text.vTaskSwitchContext
                0x00002d80       0xac src/ASF/thirdparty/freertos/freertos-8.0.1/Source/tasks.o
                0x00002d80                vTaskSwitchContext
 .text.vTaskPlaceOnEventList
                0x00002e2c       0x58 src/ASF/thirdparty/freertos/freertos-8.0.1/Source/tasks.o
                0x00002e2c                vTaskPlaceOnEventList
 .text.vTaskPlaceOnEventListRestricted
                0x00002e84       0x40 src/ASF/thirdparty/freertos/freertos-8.0.1/Source/tasks.o
                0x00002e84                vTaskPlaceOnEventListRestricted
 .text.xTaskRemoveFromEventList
                0x00002ec4       0x88 src/ASF/thirdparty/freertos/freertos-8.0.1/Source/tasks.o
                0x00002ec4                xTaskRemoveFromEventList
 .text.vTaskSetTimeOutState
                0x00002f4c       0x20 src/ASF/thirdparty/freertos/freertos-8.0.1/Source/tasks.o
                0x00002f4c                vTaskSetTimeOutState
 .text.xTaskCheckForTimeOut
                0x00002f6c       0x70 src/ASF/thirdparty/freertos/freertos-8.0.1/Source/tasks.o
                0x00002f6c                xTaskCheckForTimeOut
 .text.vTaskMissedYield
                0x00002fdc        0xc src/ASF/thirdparty/freertos/freertos-8.0.1/Source/tasks.o
                0x00002fdc                vTaskMissedYield
 .text.xTaskGetCurrentTaskHandle
                0x00002fe8        0xc src/ASF/thirdparty/freertos/freertos-8.0.1/Source/tasks.o
                0x00002fe8                xTaskGetCurrentTaskHandle
 .text.xTaskGetSchedulerState
                0x00002ff4       0x20 src/ASF/thirdparty/freertos/freertos-8.0.1/Source/tasks.o
                0x00002ff4                xTaskGetSchedulerState
 .text.vTaskPriorityInherit
                0x00003014       0x80 src/ASF/thirdparty/freertos/freertos-8.0.1/Source/tasks.o
                0x00003014                vTaskPriorityInherit
 .text.vTaskPriorityDisinherit
                0x00003094       0x54 src/ASF/thirdparty/freertos/freertos-8.0.1/Source/tasks.o
                0x00003094                vTaskPriorityDisinherit
 .text.prvInsertTimerInActiveList
                0x000030e8       0x48 src/ASF/thirdparty/freertos/freertos-8.0.1/Source/timers.o
 .text.prvCheckForValidListAndQueue
                0x00003130       0x68 src/ASF/thirdparty/freertos/freertos-8.0.1/Source/timers.o
 .text.xTimerCreateTimerTask
                0x00003198       0x48 src/ASF/thirdparty/freertos/freertos-8.0.1/Source/timers.o
                0x00003198                xTimerCreateTimerTask
 .text.xTimerGenericCommand
                0x000031e0       0x64 src/ASF/thirdparty/freertos/freertos-8.0.1/Source/timers.o
                0x000031e0                xTimerGenericCommand
 .text.prvSampleTimeNow
                0x00003244       0xbc src/ASF/thirdparty/freertos/freertos-8.0.1/Source/timers.o
 .text.prvTimerTask
                0x00003300      0x18c src/ASF/thirdparty/freertos/freertos-8.0.1/Source/timers.o
 .text.adc_complete_callback
                0x0000348c        0xc src/main.o
                0x0000348c                adc_complete_callback
 .text.evaluate_led_output
                0x00003498      0x114 src/main.o
 .text.uart_task
                0x000035ac      0x1bc src/main.o
 .text.rx_handler
                0x00003768       0x74 src/main.o
 .text.usart_serial_getchar
                0x000037dc       0x2c src/main.o
 .text.usart_serial_putchar
                0x00003808       0x18 src/main.o
 .text.configure_opamp2
                0x00003820       0x70 src/main.o
                0x00003820                configure_opamp2
 .text.configure_adc
                0x00003890       0x64 src/main.o
                0x00003890                configure_adc
 .text.configure_adc_callbacks
                0x000038f4       0x24 src/main.o
                0x000038f4                configure_adc_callbacks
 .text.configure_dac
                0x00003918       0x28 src/main.o
                0x00003918                configure_dac
 .text.configure_dac_channel
                0x00003940       0x34 src/main.o
                0x00003940                configure_dac_channel
 .text.configure_i2c_master
                0x00003974       0x90 src/main.o
                0x00003974                configure_i2c_master
 .text.main     0x00003a04      0x3a4 src/main.o
                0x00003a04                main
 .text.media    0x00003da8       0x38 src/main.o
                0x00003da8                media
 .text.main_task
                0x00003de0       0xf8 src/main.o
 .text.arm_fir_init_q15
                0x00003ed8       0x28 ../src/ASF/thirdparty/CMSIS/Lib/GCC\libarm_cortexM0l_math.a(arm_fir_init_q15.o)
                0x00003ed8                arm_fir_init_q15
 .text.arm_fir_fast_q15
                0x00003f00      0x470 ../src/ASF/thirdparty/CMSIS/Lib/GCC\libarm_cortexM0l_math.a(arm_fir_fast_q15.o)
                0x00003f00                arm_fir_fast_q15
 .text          0x00004370      0x114 c:/program files (x86)/atmel/studio/7.0/toolchain/arm/arm-gnu-toolchain/bin/../lib/gcc/arm-none-eabi/5.3.1/armv6-m\libgcc.a(_udivsi3.o)
                0x00004370                __aeabi_uidiv
                0x00004370                __udivsi3
                0x0000447c                __aeabi_uidivmod
 .text          0x00004484        0x4 c:/program files (x86)/atmel/studio/7.0/toolchain/arm/arm-gnu-toolchain/bin/../lib/gcc/arm-none-eabi/5.3.1/armv6-m\libgcc.a(_dvmd_tls.o)
                0x00004484                __aeabi_idiv0
                0x00004484                __aeabi_ldiv0
 .text          0x00004488       0x58 c:/program files (x86)/atmel/studio/7.0/toolchain/arm/arm-gnu-toolchain/bin/../lib/gcc/arm-none-eabi/5.3.1/armv6-m\libgcc.a(_muldi3.o)
                0x00004488                __muldi3
                0x00004488                __aeabi_lmul
 .text          0x000044e0      0x658 c:/program files (x86)/atmel/studio/7.0/toolchain/arm/arm-gnu-toolchain/bin/../lib/gcc/arm-none-eabi/5.3.1/armv6-m\libgcc.a(adddf3.o)
                0x000044e0                __aeabi_dadd
 .text          0x00004b38      0x62c c:/program files (x86)/atmel/studio/7.0/toolchain/arm/arm-gnu-toolchain/bin/../lib/gcc/arm-none-eabi/5.3.1/armv6-m\libgcc.a(divdf3.o)
                0x00004b38                __aeabi_ddiv
 .text          0x00005164      0x4f4 c:/program files (x86)/atmel/studio/7.0/toolchain/arm/arm-gnu-toolchain/bin/../lib/gcc/arm-none-eabi/5.3.1/armv6-m\libgcc.a(muldf3.o)
                0x00005164                __aeabi_dmul
 .text          0x00005658      0x6a8 c:/program files (x86)/atmel/studio/7.0/toolchain/arm/arm-gnu-toolchain/bin/../lib/gcc/arm-none-eabi/5.3.1/armv6-m\libgcc.a(subdf3.o)
                0x00005658                __aeabi_dsub
 .text          0x00005d00       0x6c c:/program files (x86)/atmel/studio/7.0/toolchain/arm/arm-gnu-toolchain/bin/../lib/gcc/arm-none-eabi/5.3.1/armv6-m\libgcc.a(fixdfsi.o)
                0x00005d00                __aeabi_d2iz
 .text          0x00005d6c       0x70 c:/program files (x86)/atmel/studio/7.0/toolchain/arm/arm-gnu-toolchain/bin/../lib/gcc/arm-none-eabi/5.3.1/armv6-m\libgcc.a(floatunsidf.o)
                0x00005d6c                __aeabi_ui2d
 .text          0x00005ddc       0x3c c:/program files (x86)/atmel/studio/7.0/toolchain/arm/arm-gnu-toolchain/bin/../lib/gcc/arm-none-eabi/5.3.1/armv6-m\libgcc.a(_clzsi2.o)
                0x00005ddc                __clzsi2
 .text.__libc_init_array
                0x00005e18       0x4c c:/program files (x86)/atmel/studio/7.0/toolchain/arm/arm-gnu-toolchain/bin/../lib/gcc/arm-none-eabi/5.3.1/../../../../arm-none-eabi/lib/armv6-m\libc_nano.a(lib_a-init.o)
                0x00005e18                __libc_init_array
 .text.memcpy   0x00005e64       0x12 c:/program files (x86)/atmel/studio/7.0/toolchain/arm/arm-gnu-toolchain/bin/../lib/gcc/arm-none-eabi/5.3.1/../../../../arm-none-eabi/lib/armv6-m\libc_nano.a(lib_a-memcpy-stub.o)
                0x00005e64                memcpy
 .text.memset   0x00005e76       0x10 c:/program files (x86)/atmel/studio/7.0/toolchain/arm/arm-gnu-toolchain/bin/../lib/gcc/arm-none-eabi/5.3.1/../../../../arm-none-eabi/lib/armv6-m\libc_nano.a(lib_a-memset.o)
                0x00005e76                memset
 .text.setbuf   0x00005e86       0x12 c:/program files (x86)/atmel/studio/7.0/toolchain/arm/arm-gnu-toolchain/bin/../lib/gcc/arm-none-eabi/5.3.1/../../../../arm-none-eabi/lib/armv6-m\libc_nano.a(lib_a-setbuf.o)
                0x00005e86                setbuf
 .text.setvbuf  0x00005e98      0x160 c:/program files (x86)/atmel/studio/7.0/toolchain/arm/arm-gnu-toolchain/bin/../lib/gcc/arm-none-eabi/5.3.1/../../../../arm-none-eabi/lib/armv6-m\libc_nano.a(lib_a-setvbuf.o)
                0x00005e98                setvbuf
 .text.__sflush_r
                0x00005ff8      0x10c c:/program files (x86)/atmel/studio/7.0/toolchain/arm/arm-gnu-toolchain/bin/../lib/gcc/arm-none-eabi/5.3.1/../../../../arm-none-eabi/lib/armv6-m\libc_nano.a(lib_a-fflush.o)
                0x00005ff8                __sflush_r
 .text._fflush_r
                0x00006104       0x58 c:/program files (x86)/atmel/studio/7.0/toolchain/arm/arm-gnu-toolchain/bin/../lib/gcc/arm-none-eabi/5.3.1/../../../../arm-none-eabi/lib/armv6-m\libc_nano.a(lib_a-fflush.o)
                0x00006104                _fflush_r
 .text._cleanup_r
                0x0000615c       0x10 c:/program files (x86)/atmel/studio/7.0/toolchain/arm/arm-gnu-toolchain/bin/../lib/gcc/arm-none-eabi/5.3.1/../../../../arm-none-eabi/lib/armv6-m\libc_nano.a(lib_a-findfp.o)
                0x0000615c                _cleanup_r
 .text.std.isra.0
                0x0000616c       0x48 c:/program files (x86)/atmel/studio/7.0/toolchain/arm/arm-gnu-toolchain/bin/../lib/gcc/arm-none-eabi/5.3.1/../../../../arm-none-eabi/lib/armv6-m\libc_nano.a(lib_a-findfp.o)
 .text.__sfmoreglue
                0x000061b4       0x2c c:/program files (x86)/atmel/studio/7.0/toolchain/arm/arm-gnu-toolchain/bin/../lib/gcc/arm-none-eabi/5.3.1/../../../../arm-none-eabi/lib/armv6-m\libc_nano.a(lib_a-findfp.o)
                0x000061b4                __sfmoreglue
 .text.__sinit  0x000061e0       0x68 c:/program files (x86)/atmel/studio/7.0/toolchain/arm/arm-gnu-toolchain/bin/../lib/gcc/arm-none-eabi/5.3.1/../../../../arm-none-eabi/lib/armv6-m\libc_nano.a(lib_a-findfp.o)
                0x000061e0                __sinit
 .text.__sfp    0x00006248       0x7c c:/program files (x86)/atmel/studio/7.0/toolchain/arm/arm-gnu-toolchain/bin/../lib/gcc/arm-none-eabi/5.3.1/../../../../arm-none-eabi/lib/armv6-m\libc_nano.a(lib_a-findfp.o)
                0x00006248                __sfp
 .text._fwalk_reent
                0x000062c4       0x42 c:/program files (x86)/atmel/studio/7.0/toolchain/arm/arm-gnu-toolchain/bin/../lib/gcc/arm-none-eabi/5.3.1/../../../../arm-none-eabi/lib/armv6-m\libc_nano.a(lib_a-fwalk.o)
                0x000062c4                _fwalk_reent
 *fill*         0x00006306        0x2 
 .text.__swhatbuf_r
                0x00006308       0x4c c:/program files (x86)/atmel/studio/7.0/toolchain/arm/arm-gnu-toolchain/bin/../lib/gcc/arm-none-eabi/5.3.1/../../../../arm-none-eabi/lib/armv6-m\libc_nano.a(lib_a-makebuf.o)
                0x00006308                __swhatbuf_r
 .text.malloc   0x00006354       0x14 c:/program files (x86)/atmel/studio/7.0/toolchain/arm/arm-gnu-toolchain/bin/../lib/gcc/arm-none-eabi/5.3.1/../../../../arm-none-eabi/lib/armv6-m\libc_nano.a(lib_a-malloc.o)
                0x00006354                malloc
 .text._free_r  0x00006368       0x8c c:/program files (x86)/atmel/studio/7.0/toolchain/arm/arm-gnu-toolchain/bin/../lib/gcc/arm-none-eabi/5.3.1/../../../../arm-none-eabi/lib/armv6-m\libc_nano.a(lib_a-nano-freer.o)
                0x00006368                _free_r
 .text._malloc_r
                0x000063f4       0xac c:/program files (x86)/atmel/studio/7.0/toolchain/arm/arm-gnu-toolchain/bin/../lib/gcc/arm-none-eabi/5.3.1/../../../../arm-none-eabi/lib/armv6-m\libc_nano.a(lib_a-nano-mallocr.o)
                0x000063f4                _malloc_r
 .text._sbrk_r  0x000064a0       0x24 c:/program files (x86)/atmel/studio/7.0/toolchain/arm/arm-gnu-toolchain/bin/../lib/gcc/arm-none-eabi/5.3.1/../../../../arm-none-eabi/lib/armv6-m\libc_nano.a(lib_a-sbrkr.o)
                0x000064a0                _sbrk_r
 .text.__sread  0x000064c4       0x28 c:/program files (x86)/atmel/studio/7.0/toolchain/arm/arm-gnu-toolchain/bin/../lib/gcc/arm-none-eabi/5.3.1/../../../../arm-none-eabi/lib/armv6-m\libc_nano.a(lib_a-stdio.o)
                0x000064c4                __sread
 .text.__swrite
                0x000064ec       0x38 c:/program files (x86)/atmel/studio/7.0/toolchain/arm/arm-gnu-toolchain/bin/../lib/gcc/arm-none-eabi/5.3.1/../../../../arm-none-eabi/lib/armv6-m\libc_nano.a(lib_a-stdio.o)
                0x000064ec                __swrite
 .text.__sseek  0x00006524       0x2c c:/program files (x86)/atmel/studio/7.0/toolchain/arm/arm-gnu-toolchain/bin/../lib/gcc/arm-none-eabi/5.3.1/../../../../arm-none-eabi/lib/armv6-m\libc_nano.a(lib_a-stdio.o)
                0x00006524                __sseek
 .text.__sclose
                0x00006550        0xc c:/program files (x86)/atmel/studio/7.0/toolchain/arm/arm-gnu-toolchain/bin/../lib/gcc/arm-none-eabi/5.3.1/../../../../arm-none-eabi/lib/armv6-m\libc_nano.a(lib_a-stdio.o)
                0x00006550                __sclose
 .text._write_r
                0x0000655c       0x28 c:/program files (x86)/atmel/studio/7.0/toolchain/arm/arm-gnu-toolchain/bin/../lib/gcc/arm-none-eabi/5.3.1/../../../../arm-none-eabi/lib/armv6-m\libc_nano.a(lib_a-writer.o)
                0x0000655c                _write_r
 .text._close_r
                0x00006584       0x24 c:/program files (x86)/atmel/studio/7.0/toolchain/arm/arm-gnu-toolchain/bin/../lib/gcc/arm-none-eabi/5.3.1/../../../../arm-none-eabi/lib/armv6-m\libc_nano.a(lib_a-closer.o)
                0x00006584                _close_r
 .text._fstat_r
                0x000065a8       0x24 c:/program files (x86)/atmel/studio/7.0/toolchain/arm/arm-gnu-toolchain/bin/../lib/gcc/arm-none-eabi/5.3.1/../../../../arm-none-eabi/lib/armv6-m\libc_nano.a(lib_a-fstatr.o)
                0x000065a8                _fstat_r
 .text._lseek_r
                0x000065cc       0x28 c:/program files (x86)/atmel/studio/7.0/toolchain/arm/arm-gnu-toolchain/bin/../lib/gcc/arm-none-eabi/5.3.1/../../../../arm-none-eabi/lib/armv6-m\libc_nano.a(lib_a-lseekr.o)
                0x000065cc                _lseek_r
 .text._read_r  0x000065f4       0x28 c:/program files (x86)/atmel/studio/7.0/toolchain/arm/arm-gnu-toolchain/bin/../lib/gcc/arm-none-eabi/5.3.1/../../../../arm-none-eabi/lib/armv6-m\libc_nano.a(lib_a-readr.o)
                0x000065f4                _read_r
 *(.glue_7t)
 .glue_7t       0x0000661c        0x0 linker stubs
 *(.glue_7)
 .glue_7        0x0000661c        0x0 linker stubs
 *(.rodata .rodata* .gnu.linkonce.r.*)
 .rodata        0x0000661c       0x18 src/ASF/sam0/drivers/sercom/sercom.o
 .rodata        0x00006634        0x6 src/ASF/sam0/drivers/sercom/sercom_interrupt.o
 *fill*         0x0000663a        0x2 
 .rodata.adc_init
                0x0000663c       0xd4 src/ASF/sam0/drivers/adc/adc_sam_l_c/adc.o
 .rodata        0x00006710       0x60 src/ASF/sam0/drivers/adc/adc_sam_l_c/adc.o
 .rodata.system_clock_source_get_hz
                0x00006770       0x24 src/ASF/sam0/drivers/system/clock/clock_saml21/clock.o
 .rodata.str1.4
                0x00006794        0x5 src/ASF/thirdparty/freertos/freertos-8.0.1/Source/tasks.o
 *fill*         0x00006799        0x3 
 .rodata.prvTimerTask
                0x0000679c       0x28 src/ASF/thirdparty/freertos/freertos-8.0.1/Source/timers.o
 .rodata.str1.4
                0x000067c4        0x8 src/ASF/thirdparty/freertos/freertos-8.0.1/Source/timers.o
 .rodata.main_task
                0x000067cc       0x24 src/main.o
 .rodata.str1.4
                0x000067f0       0x10 src/main.o
                                  0xd (size before relaxing)
 .rodata        0x00006800       0x40 c:/program files (x86)/atmel/studio/7.0/toolchain/arm/arm-gnu-toolchain/bin/../lib/gcc/arm-none-eabi/5.3.1/armv6-m\libgcc.a(divdf3.o)
 .rodata        0x00006840       0x40 c:/program files (x86)/atmel/studio/7.0/toolchain/arm/arm-gnu-toolchain/bin/../lib/gcc/arm-none-eabi/5.3.1/armv6-m\libgcc.a(muldf3.o)
 .rodata.str1.1
                0x00006880        0x2 c:/program files (x86)/atmel/studio/7.0/toolchain/arm/arm-gnu-toolchain/bin/../lib/gcc/arm-none-eabi/5.3.1/../../../../arm-none-eabi/lib/armv6-m\libc_nano.a(lib_a-impure.o)
 *fill*         0x00006882        0x2 
 .rodata._global_impure_ptr
                0x00006884        0x4 c:/program files (x86)/atmel/studio/7.0/toolchain/arm/arm-gnu-toolchain/bin/../lib/gcc/arm-none-eabi/5.3.1/../../../../arm-none-eabi/lib/armv6-m\libc_nano.a(lib_a-impure.o)
                0x00006884                _global_impure_ptr
 .rodata.__sf_fake_stdin
                0x00006888       0x20 c:/program files (x86)/atmel/studio/7.0/toolchain/arm/arm-gnu-toolchain/bin/../lib/gcc/arm-none-eabi/5.3.1/../../../../arm-none-eabi/lib/armv6-m\libc_nano.a(lib_a-findfp.o)
                0x00006888                __sf_fake_stdin
 .rodata.__sf_fake_stdout
                0x000068a8       0x20 c:/program files (x86)/atmel/studio/7.0/toolchain/arm/arm-gnu-toolchain/bin/../lib/gcc/arm-none-eabi/5.3.1/../../../../arm-none-eabi/lib/armv6-m\libc_nano.a(lib_a-findfp.o)
                0x000068a8                __sf_fake_stdout
 .rodata.__sf_fake_stderr
                0x000068c8       0x20 c:/program files (x86)/atmel/studio/7.0/toolchain/arm/arm-gnu-toolchain/bin/../lib/gcc/arm-none-eabi/5.3.1/../../../../arm-none-eabi/lib/armv6-m\libc_nano.a(lib_a-findfp.o)
                0x000068c8                __sf_fake_stderr
 *(.ARM.extab* .gnu.linkonce.armextab.*)
                0x000068e8                . = ALIGN (0x4)
 *(.init)
 .init          0x000068e8        0x4 c:/program files (x86)/atmel/studio/7.0/toolchain/arm/arm-gnu-toolchain/bin/../lib/gcc/arm-none-eabi/5.3.1/armv6-m/crti.o
                0x000068e8                _init
 .init          0x000068ec        0x8 c:/program files (x86)/atmel/studio/7.0/toolchain/arm/arm-gnu-toolchain/bin/../lib/gcc/arm-none-eabi/5.3.1/armv6-m/crtn.o
                0x000068f4                . = ALIGN (0x4)
                0x000068f4                __preinit_array_start = .
 *(.preinit_array)
                0x000068f4                __preinit_array_end = .
                0x000068f4                . = ALIGN (0x4)
                0x000068f4                __init_array_start = .
 *(SORT(.init_array.*))
 *(.init_array)
 .init_array    0x000068f4        0x4 c:/program files (x86)/atmel/studio/7.0/toolchain/arm/arm-gnu-toolchain/bin/../lib/gcc/arm-none-eabi/5.3.1/armv6-m/crtbegin.o
                0x000068f8                __init_array_end = .
                0x000068f8                . = ALIGN (0x4)
 *crtbegin.o(.ctors)
 *(EXCLUDE_FILE(*crtend.o) .ctors)
 *(SORT(.ctors.*))
 *crtend.o(.ctors)
                0x000068f8                . = ALIGN (0x4)
 *(.fini)
 .fini          0x000068f8        0x4 c:/program files (x86)/atmel/studio/7.0/toolchain/arm/arm-gnu-toolchain/bin/../lib/gcc/arm-none-eabi/5.3.1/armv6-m/crti.o
                0x000068f8                _fini
 .fini          0x000068fc        0x8 c:/program files (x86)/atmel/studio/7.0/toolchain/arm/arm-gnu-toolchain/bin/../lib/gcc/arm-none-eabi/5.3.1/armv6-m/crtn.o
                0x00006904                . = ALIGN (0x4)
                0x00006904                __fini_array_start = .
 *(.fini_array)
 .fini_array    0x00006904        0x4 c:/program files (x86)/atmel/studio/7.0/toolchain/arm/arm-gnu-toolchain/bin/../lib/gcc/arm-none-eabi/5.3.1/armv6-m/crtbegin.o
 *(SORT(.fini_array.*))
                0x00006908                __fini_array_end = .
 *crtbegin.o(.dtors)
 *(EXCLUDE_FILE(*crtend.o) .dtors)
 *(SORT(.dtors.*))
 *crtend.o(.dtors)
                0x00006908                . = ALIGN (0x4)
                0x00006908                _efixed = .
                [!provide]                PROVIDE (__exidx_start, .)

.vfp11_veneer   0x00006908        0x0
 .vfp11_veneer  0x00006908        0x0 linker stubs

.v4_bx          0x00006908        0x0
 .v4_bx         0x00006908        0x0 linker stubs

.iplt           0x00006908        0x0
 .iplt          0x00006908        0x0 c:/program files (x86)/atmel/studio/7.0/toolchain/arm/arm-gnu-toolchain/bin/../lib/gcc/arm-none-eabi/5.3.1/armv6-m/crtbegin.o

.eh_frame       0x00006908        0x0
 .eh_frame      0x00006908        0x0 c:/program files (x86)/atmel/studio/7.0/toolchain/arm/arm-gnu-toolchain/bin/../lib/gcc/arm-none-eabi/5.3.1/armv6-m/crtbegin.o

.rel.dyn        0x00006908        0x0
 .rel.iplt      0x00006908        0x0 c:/program files (x86)/atmel/studio/7.0/toolchain/arm/arm-gnu-toolchain/bin/../lib/gcc/arm-none-eabi/5.3.1/armv6-m/crtbegin.o

.jcr            0x00006908        0x0
 .jcr           0x00006908        0x0 c:/program files (x86)/atmel/studio/7.0/toolchain/arm/arm-gnu-toolchain/bin/../lib/gcc/arm-none-eabi/5.3.1/armv6-m/crtbegin.o

.igot.plt       0x00006908        0x0
 .igot.plt      0x00006908        0x0 c:/program files (x86)/atmel/studio/7.0/toolchain/arm/arm-gnu-toolchain/bin/../lib/gcc/arm-none-eabi/5.3.1/armv6-m/crtbegin.o

.ARM.exidx
 *(.ARM.exidx* .gnu.linkonce.armexidx.*)
                [!provide]                PROVIDE (__exidx_end, .)
                0x00006908                . = ALIGN (0x4)
                0x00006908                _etext = .

.relocate       0x20000000       0xb0 load address 0x00006908
                0x20000000                . = ALIGN (0x4)
                0x20000000                _srelocate = .
 *(.ramfunc .ramfunc.*)
 *(.data .data.*)
 .data.cycles_per_us
                0x20000000        0x4 src/ASF/common2/services/delay/sam0/systick_counter.o
 .data.cycles_per_ms
                0x20000004        0x4 src/ASF/common2/services/delay/sam0/systick_counter.o
 .data.g_interrupt_enabled
                0x20000008        0x1 src/ASF/common/utils/interrupt/interrupt_sam_nvic.o
                0x20000008                g_interrupt_enabled
 *fill*         0x20000009        0x3 
 .data.uxCriticalNesting
                0x2000000c        0x4 src/ASF/thirdparty/freertos/freertos-8.0.1/Source/portable/GCC/ARM_CM0/port.o
 .data.xNextTaskUnblockTime
                0x20000010        0x4 src/ASF/thirdparty/freertos/freertos-8.0.1/Source/tasks.o
 .data.analog_gain
                0x20000014        0x1 src/main.o
                0x20000014                analog_gain
 *fill*         0x20000015        0x3 
 .data.lpFilterCoefficent
                0x20000018       0x28 src/main.o
                0x20000018                lpFilterCoefficent
 .data.n_sample
                0x20000040        0x4 src/main.o
                0x20000040                n_sample
 .data.sb_cmd_array
                0x20000044        0x7 src/main.o
                0x20000044                sb_cmd_array
 *fill*         0x2000004b        0x1 
 .data.impure_data
                0x2000004c       0x60 c:/program files (x86)/atmel/studio/7.0/toolchain/arm/arm-gnu-toolchain/bin/../lib/gcc/arm-none-eabi/5.3.1/../../../../arm-none-eabi/lib/armv6-m\libc_nano.a(lib_a-impure.o)
 .data._impure_ptr
                0x200000ac        0x4 c:/program files (x86)/atmel/studio/7.0/toolchain/arm/arm-gnu-toolchain/bin/../lib/gcc/arm-none-eabi/5.3.1/../../../../arm-none-eabi/lib/armv6-m\libc_nano.a(lib_a-impure.o)
                0x200000ac                _impure_ptr
                0x200000b0                . = ALIGN (0x4)
                0x200000b0                _erelocate = .

.lpram          0x30000000        0x0
                0x30000000                . = ALIGN (0x8)
                0x30000000                _slpram = .
 *(.lpram .lpram.*)
                0x30000000                . = ALIGN (0x8)
                0x30000000                _elpram = .

.bss            0x200000b0     0x4d88 load address 0x000069b8
                0x200000b0                . = ALIGN (0x4)
                0x200000b0                _sbss = .
                0x200000b0                _szero = .
 *(.bss .bss.*)
 .bss           0x200000b0       0x1c c:/program files (x86)/atmel/studio/7.0/toolchain/arm/arm-gnu-toolchain/bin/../lib/gcc/arm-none-eabi/5.3.1/armv6-m/crtbegin.o
 .bss._sercom_config
                0x200000cc        0x2 src/ASF/sam0/drivers/sercom/sercom.o
 .bss._handler_table_initialized
                0x200000ce        0x1 src/ASF/sam0/drivers/sercom/sercom_interrupt.o
 *fill*         0x200000cf        0x1 
 .bss._sercom_interrupt_handlers
                0x200000d0       0x18 src/ASF/sam0/drivers/sercom/sercom_interrupt.o
 .bss.cpu_irq_critical_section_counter
                0x200000e8        0x4 src/ASF/common/utils/interrupt/interrupt_sam_nvic.o
 .bss.cpu_irq_prev_interrupt_state
                0x200000ec        0x1 src/ASF/common/utils/interrupt/interrupt_sam_nvic.o
 *fill*         0x200000ed        0x3 
 .bss._system_clock_inst
                0x200000f0       0x18 src/ASF/sam0/drivers/system/clock/clock_saml21/clock.o
 .bss.heap.5286
                0x20000108        0x4 src/ASF/sam0/utils/syscalls/gcc/syscalls.o
 .bss.xNextFreeByte
                0x2000010c        0x4 src/ASF/thirdparty/freertos/freertos-8.0.1/Source/portable/MemMang/heap_1.o
 .bss.ucHeap    0x20000110     0x3a98 src/ASF/thirdparty/freertos/freertos-8.0.1/Source/portable/MemMang/heap_1.o
 .bss.pucAlignedHeap.4991
                0x20003ba8        0x4 src/ASF/thirdparty/freertos/freertos-8.0.1/Source/portable/MemMang/heap_1.o
 .bss.xNumOfOverflows
                0x20003bac        0x4 src/ASF/thirdparty/freertos/freertos-8.0.1/Source/tasks.o
 .bss.pxDelayedTaskList
                0x20003bb0        0x4 src/ASF/thirdparty/freertos/freertos-8.0.1/Source/tasks.o
 .bss.xSchedulerRunning
                0x20003bb4        0x4 src/ASF/thirdparty/freertos/freertos-8.0.1/Source/tasks.o
 .bss.uxTasksDeleted
                0x20003bb8        0x4 src/ASF/thirdparty/freertos/freertos-8.0.1/Source/tasks.o
 .bss.xDelayedTaskList1
                0x20003bbc       0x14 src/ASF/thirdparty/freertos/freertos-8.0.1/Source/tasks.o
 .bss.xDelayedTaskList2
                0x20003bd0       0x14 src/ASF/thirdparty/freertos/freertos-8.0.1/Source/tasks.o
 .bss.uxPendedTicks
                0x20003be4        0x4 src/ASF/thirdparty/freertos/freertos-8.0.1/Source/tasks.o
 .bss.pxReadyTasksLists
                0x20003be8       0x64 src/ASF/thirdparty/freertos/freertos-8.0.1/Source/tasks.o
 .bss.xTasksWaitingTermination
                0x20003c4c       0x14 src/ASF/thirdparty/freertos/freertos-8.0.1/Source/tasks.o
 .bss.pxCurrentTCB
                0x20003c60        0x4 src/ASF/thirdparty/freertos/freertos-8.0.1/Source/tasks.o
                0x20003c60                pxCurrentTCB
 .bss.xPendingReadyList
                0x20003c64       0x14 src/ASF/thirdparty/freertos/freertos-8.0.1/Source/tasks.o
 .bss.uxSchedulerSuspended
                0x20003c78        0x4 src/ASF/thirdparty/freertos/freertos-8.0.1/Source/tasks.o
 .bss.xTickCount
                0x20003c7c        0x4 src/ASF/thirdparty/freertos/freertos-8.0.1/Source/tasks.o
 .bss.pxOverflowDelayedTaskList
                0x20003c80        0x4 src/ASF/thirdparty/freertos/freertos-8.0.1/Source/tasks.o
 .bss.uxTaskNumber
                0x20003c84        0x4 src/ASF/thirdparty/freertos/freertos-8.0.1/Source/tasks.o
 .bss.uxCurrentNumberOfTasks
                0x20003c88        0x4 src/ASF/thirdparty/freertos/freertos-8.0.1/Source/tasks.o
 .bss.xSuspendedTaskList
                0x20003c8c       0x14 src/ASF/thirdparty/freertos/freertos-8.0.1/Source/tasks.o
 .bss.uxTopReadyPriority
                0x20003ca0        0x4 src/ASF/thirdparty/freertos/freertos-8.0.1/Source/tasks.o
 .bss.xYieldPending
                0x20003ca4        0x4 src/ASF/thirdparty/freertos/freertos-8.0.1/Source/tasks.o
 .bss.pxCurrentTimerList
                0x20003ca8        0x4 src/ASF/thirdparty/freertos/freertos-8.0.1/Source/timers.o
 .bss.xActiveTimerList1
                0x20003cac       0x14 src/ASF/thirdparty/freertos/freertos-8.0.1/Source/timers.o
 .bss.xActiveTimerList2
                0x20003cc0       0x14 src/ASF/thirdparty/freertos/freertos-8.0.1/Source/timers.o
 .bss.xLastTime.5234
                0x20003cd4        0x4 src/ASF/thirdparty/freertos/freertos-8.0.1/Source/timers.o
 .bss.xTimerQueue
                0x20003cd8        0x4 src/ASF/thirdparty/freertos/freertos-8.0.1/Source/timers.o
 .bss.pxOverflowTimerList
                0x20003cdc        0x4 src/ASF/thirdparty/freertos/freertos-8.0.1/Source/timers.o
 .bss.value_rx  0x20003ce0        0x2 src/main.o
                0x20003ce0                value_rx
 *fill*         0x20003ce2        0x2 
 .bss.count     0x20003ce4        0x4 src/main.o
                0x20003ce4                count
 .bss.integrale
                0x20003ce8        0x2 src/main.o
                0x20003ce8                integrale
 .bss.threshold_value
                0x20003cea        0x2 src/main.o
                0x20003cea                threshold_value
 .bss.terminal_in_queue
                0x20003cec        0x4 src/main.o
 .bss.change_gain
                0x20003cf0        0x1 src/main.o
                0x20003cf0                change_gain
 *fill*         0x20003cf1        0x3 
 .bss.i         0x20003cf4        0x4 src/main.o
                0x20003cf4                i
 .bss.result    0x20003cf8        0x2 src/main.o
                0x20003cf8                result
 .bss.adc_read_done
                0x20003cfa        0x1 src/main.o
                0x20003cfa                adc_read_done
 .bss.alarm_detected
                0x20003cfb        0x1 src/main.o
                0x20003cfb                alarm_detected
 .bss.__malloc_sbrk_start
                0x20003cfc        0x4 c:/program files (x86)/atmel/studio/7.0/toolchain/arm/arm-gnu-toolchain/bin/../lib/gcc/arm-none-eabi/5.3.1/../../../../arm-none-eabi/lib/armv6-m\libc_nano.a(lib_a-nano-mallocr.o)
                0x20003cfc                __malloc_sbrk_start
 .bss.__malloc_free_list
                0x20003d00        0x4 c:/program files (x86)/atmel/studio/7.0/toolchain/arm/arm-gnu-toolchain/bin/../lib/gcc/arm-none-eabi/5.3.1/../../../../arm-none-eabi/lib/armv6-m\libc_nano.a(lib_a-nano-mallocr.o)
                0x20003d00                __malloc_free_list
 *(COMMON)
 COMMON         0x20003d04        0x4 src/ASF/sam0/utils/stdio/read.o
                0x20003d04                ptr_get
 COMMON         0x20003d08        0x8 src/ASF/sam0/utils/stdio/write.o
                0x20003d08                ptr_put
                0x20003d0c                stdio_base
 COMMON         0x20003d10       0x18 src/ASF/sam0/drivers/sercom/sercom_interrupt.o
                0x20003d10                _sercom_instances
 COMMON         0x20003d28        0x4 src/ASF/sam0/drivers/adc/adc_sam_l_c/adc_callback.o
                0x20003d28                _adc_instances
 COMMON         0x20003d2c     0x1106 src/main.o
                0x20003d2c                Queue
                0x20003d42                interrupt_status
                0x20003d44                usart_instance
                0x20003d78                pkt
                0x20003d80                SQ
                0x20003d98                mask
                0x20003f98                adc_result_buffer_filtered
                0x20004198                S
                0x200041a8                dac_instance
                0x200041b0                FirState
                0x200043d8                sFirStru
                0x200043e4                adc_result_buffer
                0x200045e4                i2c_master_instance
                0x200045f0                data
                0x200045f2                err
                0x200045f4                Max_index
                0x200045f8                QueueOut
                0x200045fa                QueueIn
                0x200045fc                error_code
                0x20004600                pin_conf
                0x20004604                adc_instance
                0x20004624                conv_result
                0x20004e24                status
                0x20004e28                cmd
 *fill*         0x20004e32        0x2 
 COMMON         0x20004e34        0x4 c:/program files (x86)/atmel/studio/7.0/toolchain/arm/arm-gnu-toolchain/bin/../lib/gcc/arm-none-eabi/5.3.1/../../../../arm-none-eabi/lib/armv6-m\libc_nano.a(lib_a-reent.o)
                0x20004e34                errno
                0x20004e38                . = ALIGN (0x4)
                0x20004e38                _ebss = .
                0x20004e38                _ezero = .

.stack          0x20004e38     0x2000 load address 0x0000b740
                0x20004e38                . = ALIGN (0x8)
                0x20004e38                _sstack = .
                0x20006e38                . = (. + STACK_SIZE)
 *fill*         0x20004e38     0x2000 
                0x20006e38                . = ALIGN (0x8)
                0x20006e38                _estack = .
                0x20006e38                . = ALIGN (0x4)
                0x20006e38                _end = .
OUTPUT(PiezoBoard_FW.elf elf32-littlearm)

.ARM.attributes
                0x00000000       0x28
 .ARM.attributes
                0x00000000       0x1e c:/program files (x86)/atmel/studio/7.0/toolchain/arm/arm-gnu-toolchain/bin/../lib/gcc/arm-none-eabi/5.3.1/armv6-m/crti.o
 .ARM.attributes
                0x0000001e       0x2c c:/program files (x86)/atmel/studio/7.0/toolchain/arm/arm-gnu-toolchain/bin/../lib/gcc/arm-none-eabi/5.3.1/armv6-m/crtbegin.o
 .ARM.attributes
                0x0000004a       0x32 src/ASF/sam0/drivers/dac/dac_sam_l/dac.o
 .ARM.attributes
                0x0000007c       0x32 src/ASF/sam0/drivers/sercom/i2c/i2c_sam0/i2c_master.o
 .ARM.attributes
                0x000000ae       0x32 src/ASF/common2/services/delay/sam0/systick_counter.o
 .ARM.attributes
                0x000000e0       0x32 src/ASF/sam0/drivers/sercom/sercom.o
 .ARM.attributes
                0x00000112       0x32 src/ASF/sam0/utils/stdio/read.o
 .ARM.attributes
                0x00000144       0x32 src/ASF/sam0/utils/stdio/write.o
 .ARM.attributes
                0x00000176       0x32 src/ASF/sam0/drivers/sercom/usart/usart.o
 .ARM.attributes
                0x000001a8       0x32 src/ASF/sam0/drivers/sercom/usart/usart_interrupt.o
 .ARM.attributes
                0x000001da       0x32 src/ASF/sam0/drivers/sercom/sercom_interrupt.o
 .ARM.attributes
                0x0000020c       0x32 src/ASF/common/utils/interrupt/interrupt_sam_nvic.o
 .ARM.attributes
                0x0000023e       0x32 src/ASF/sam0/boards/saml21_xplained_pro/board_init.o
 .ARM.attributes
                0x00000270       0x32 src/ASF/sam0/drivers/adc/adc_sam_l_c/adc.o
 .ARM.attributes
                0x000002a2       0x32 src/ASF/sam0/drivers/adc/adc_sam_l_c/adc_callback.o
 .ARM.attributes
                0x000002d4       0x32 src/ASF/sam0/drivers/opamp/opamp.o
 .ARM.attributes
                0x00000306       0x32 src/ASF/sam0/drivers/port/port.o
 .ARM.attributes
                0x00000338       0x32 src/ASF/sam0/drivers/system/clock/clock_saml21/clock.o
 .ARM.attributes
                0x0000036a       0x32 src/ASF/sam0/drivers/system/clock/clock_saml21/gclk.o
 .ARM.attributes
                0x0000039c       0x32 src/ASF/sam0/drivers/system/pinmux/pinmux.o
 .ARM.attributes
                0x000003ce       0x32 src/ASF/sam0/drivers/system/system.o
 .ARM.attributes
                0x00000400       0x32 src/ASF/sam0/utils/cmsis/saml21/source/gcc/startup_saml21.o
 .ARM.attributes
                0x00000432       0x32 src/ASF/sam0/utils/syscalls/gcc/syscalls.o
 .ARM.attributes
                0x00000464       0x32 src/ASF/thirdparty/freertos/freertos-8.0.1/Source/list.o
 .ARM.attributes
                0x00000496       0x32 src/ASF/thirdparty/freertos/freertos-8.0.1/Source/portable/GCC/ARM_CM0/port.o
 .ARM.attributes
                0x000004c8       0x32 src/ASF/thirdparty/freertos/freertos-8.0.1/Source/portable/MemMang/heap_1.o
 .ARM.attributes
                0x000004fa       0x32 src/ASF/thirdparty/freertos/freertos-8.0.1/Source/queue.o
 .ARM.attributes
                0x0000052c       0x32 src/ASF/thirdparty/freertos/freertos-8.0.1/Source/tasks.o
 .ARM.attributes
                0x0000055e       0x32 src/ASF/thirdparty/freertos/freertos-8.0.1/Source/timers.o
 .ARM.attributes
                0x00000590       0x32 src/main.o
 .ARM.attributes
                0x000005c2       0x31 ../src/ASF/thirdparty/CMSIS/Lib/GCC\libarm_cortexM0l_math.a(arm_fir_init_q15.o)
 .ARM.attributes
                0x000005f3       0x31 ../src/ASF/thirdparty/CMSIS/Lib/GCC\libarm_cortexM0l_math.a(arm_fir_fast_q15.o)
 .ARM.attributes
                0x00000624       0x1e c:/program files (x86)/atmel/studio/7.0/toolchain/arm/arm-gnu-toolchain/bin/../lib/gcc/arm-none-eabi/5.3.1/armv6-m\libgcc.a(_udivsi3.o)
 .ARM.attributes
                0x00000642       0x1e c:/program files (x86)/atmel/studio/7.0/toolchain/arm/arm-gnu-toolchain/bin/../lib/gcc/arm-none-eabi/5.3.1/armv6-m\libgcc.a(_dvmd_tls.o)
 .ARM.attributes
                0x00000660       0x2c c:/program files (x86)/atmel/studio/7.0/toolchain/arm/arm-gnu-toolchain/bin/../lib/gcc/arm-none-eabi/5.3.1/armv6-m\libgcc.a(_muldi3.o)
 .ARM.attributes
                0x0000068c       0x2c c:/program files (x86)/atmel/studio/7.0/toolchain/arm/arm-gnu-toolchain/bin/../lib/gcc/arm-none-eabi/5.3.1/armv6-m\libgcc.a(adddf3.o)
 .ARM.attributes
                0x000006b8       0x2c c:/program files (x86)/atmel/studio/7.0/toolchain/arm/arm-gnu-toolchain/bin/../lib/gcc/arm-none-eabi/5.3.1/armv6-m\libgcc.a(divdf3.o)
 .ARM.attributes
                0x000006e4       0x2c c:/program files (x86)/atmel/studio/7.0/toolchain/arm/arm-gnu-toolchain/bin/../lib/gcc/arm-none-eabi/5.3.1/armv6-m\libgcc.a(muldf3.o)
 .ARM.attributes
                0x00000710       0x2c c:/program files (x86)/atmel/studio/7.0/toolchain/arm/arm-gnu-toolchain/bin/../lib/gcc/arm-none-eabi/5.3.1/armv6-m\libgcc.a(subdf3.o)
 .ARM.attributes
                0x0000073c       0x2c c:/program files (x86)/atmel/studio/7.0/toolchain/arm/arm-gnu-toolchain/bin/../lib/gcc/arm-none-eabi/5.3.1/armv6-m\libgcc.a(fixdfsi.o)
 .ARM.attributes
                0x00000768       0x2c c:/program files (x86)/atmel/studio/7.0/toolchain/arm/arm-gnu-toolchain/bin/../lib/gcc/arm-none-eabi/5.3.1/armv6-m\libgcc.a(floatunsidf.o)
 .ARM.attributes
                0x00000794       0x1e c:/program files (x86)/atmel/studio/7.0/toolchain/arm/arm-gnu-toolchain/bin/../lib/gcc/arm-none-eabi/5.3.1/armv6-m\libgcc.a(_clzsi2.o)
 .ARM.attributes
                0x000007b2       0x2c c:/program files (x86)/atmel/studio/7.0/toolchain/arm/arm-gnu-toolchain/bin/../lib/gcc/arm-none-eabi/5.3.1/../../../../arm-none-eabi/lib/armv6-m\libc_nano.a(lib_a-impure.o)
 .ARM.attributes
                0x000007de       0x2c c:/program files (x86)/atmel/studio/7.0/toolchain/arm/arm-gnu-toolchain/bin/../lib/gcc/arm-none-eabi/5.3.1/../../../../arm-none-eabi/lib/armv6-m\libc_nano.a(lib_a-init.o)
 .ARM.attributes
                0x0000080a       0x2c c:/program files (x86)/atmel/studio/7.0/toolchain/arm/arm-gnu-toolchain/bin/../lib/gcc/arm-none-eabi/5.3.1/../../../../arm-none-eabi/lib/armv6-m\libc_nano.a(lib_a-memcpy-stub.o)
 .ARM.attributes
                0x00000836       0x2c c:/program files (x86)/atmel/studio/7.0/toolchain/arm/arm-gnu-toolchain/bin/../lib/gcc/arm-none-eabi/5.3.1/../../../../arm-none-eabi/lib/armv6-m\libc_nano.a(lib_a-memset.o)
 .ARM.attributes
                0x00000862       0x2c c:/program files (x86)/atmel/studio/7.0/toolchain/arm/arm-gnu-toolchain/bin/../lib/gcc/arm-none-eabi/5.3.1/../../../../arm-none-eabi/lib/armv6-m\libc_nano.a(lib_a-setbuf.o)
 .ARM.attributes
                0x0000088e       0x2c c:/program files (x86)/atmel/studio/7.0/toolchain/arm/arm-gnu-toolchain/bin/../lib/gcc/arm-none-eabi/5.3.1/../../../../arm-none-eabi/lib/armv6-m\libc_nano.a(lib_a-setvbuf.o)
 .ARM.attributes
                0x000008ba       0x2c c:/program files (x86)/atmel/studio/7.0/toolchain/arm/arm-gnu-toolchain/bin/../lib/gcc/arm-none-eabi/5.3.1/../../../../arm-none-eabi/lib/armv6-m\libc_nano.a(lib_a-fflush.o)
 .ARM.attributes
                0x000008e6       0x2c c:/program files (x86)/atmel/studio/7.0/toolchain/arm/arm-gnu-toolchain/bin/../lib/gcc/arm-none-eabi/5.3.1/../../../../arm-none-eabi/lib/armv6-m\libc_nano.a(lib_a-findfp.o)
 .ARM.attributes
                0x00000912       0x2c c:/program files (x86)/atmel/studio/7.0/toolchain/arm/arm-gnu-toolchain/bin/../lib/gcc/arm-none-eabi/5.3.1/../../../../arm-none-eabi/lib/armv6-m\libc_nano.a(lib_a-fwalk.o)
 .ARM.attributes
                0x0000093e       0x2c c:/program files (x86)/atmel/studio/7.0/toolchain/arm/arm-gnu-toolchain/bin/../lib/gcc/arm-none-eabi/5.3.1/../../../../arm-none-eabi/lib/armv6-m\libc_nano.a(lib_a-makebuf.o)
 .ARM.attributes
                0x0000096a       0x2c c:/program files (x86)/atmel/studio/7.0/toolchain/arm/arm-gnu-toolchain/bin/../lib/gcc/arm-none-eabi/5.3.1/../../../../arm-none-eabi/lib/armv6-m\libc_nano.a(lib_a-malloc.o)
 .ARM.attributes
                0x00000996       0x2c c:/program files (x86)/atmel/studio/7.0/toolchain/arm/arm-gnu-toolchain/bin/../lib/gcc/arm-none-eabi/5.3.1/../../../../arm-none-eabi/lib/armv6-m\libc_nano.a(lib_a-nano-freer.o)
 .ARM.attributes
                0x000009c2       0x2c c:/program files (x86)/atmel/studio/7.0/toolchain/arm/arm-gnu-toolchain/bin/../lib/gcc/arm-none-eabi/5.3.1/../../../../arm-none-eabi/lib/armv6-m\libc_nano.a(lib_a-nano-mallocr.o)
 .ARM.attributes
                0x000009ee       0x2c c:/program files (x86)/atmel/studio/7.0/toolchain/arm/arm-gnu-toolchain/bin/../lib/gcc/arm-none-eabi/5.3.1/../../../../arm-none-eabi/lib/armv6-m\libc_nano.a(lib_a-sbrkr.o)
 .ARM.attributes
                0x00000a1a       0x2c c:/program files (x86)/atmel/studio/7.0/toolchain/arm/arm-gnu-toolchain/bin/../lib/gcc/arm-none-eabi/5.3.1/../../../../arm-none-eabi/lib/armv6-m\libc_nano.a(lib_a-stdio.o)
 .ARM.attributes
                0x00000a46       0x2c c:/program files (x86)/atmel/studio/7.0/toolchain/arm/arm-gnu-toolchain/bin/../lib/gcc/arm-none-eabi/5.3.1/../../../../arm-none-eabi/lib/armv6-m\libc_nano.a(lib_a-writer.o)
 .ARM.attributes
                0x00000a72       0x2c c:/program files (x86)/atmel/studio/7.0/toolchain/arm/arm-gnu-toolchain/bin/../lib/gcc/arm-none-eabi/5.3.1/../../../../arm-none-eabi/lib/armv6-m\libc_nano.a(lib_a-closer.o)
 .ARM.attributes
                0x00000a9e       0x2c c:/program files (x86)/atmel/studio/7.0/toolchain/arm/arm-gnu-toolchain/bin/../lib/gcc/arm-none-eabi/5.3.1/../../../../arm-none-eabi/lib/armv6-m\libc_nano.a(lib_a-fstatr.o)
 .ARM.attributes
                0x00000aca       0x2c c:/program files (x86)/atmel/studio/7.0/toolchain/arm/arm-gnu-toolchain/bin/../lib/gcc/arm-none-eabi/5.3.1/../../../../arm-none-eabi/lib/armv6-m\libc_nano.a(lib_a-lseekr.o)
 .ARM.attributes
                0x00000af6       0x2c c:/program files (x86)/atmel/studio/7.0/toolchain/arm/arm-gnu-toolchain/bin/../lib/gcc/arm-none-eabi/5.3.1/../../../../arm-none-eabi/lib/armv6-m\libc_nano.a(lib_a-readr.o)
 .ARM.attributes
                0x00000b22       0x2c c:/program files (x86)/atmel/studio/7.0/toolchain/arm/arm-gnu-toolchain/bin/../lib/gcc/arm-none-eabi/5.3.1/../../../../arm-none-eabi/lib/armv6-m\libc_nano.a(lib_a-reent.o)
 .ARM.attributes
                0x00000b4e       0x1e c:/program files (x86)/atmel/studio/7.0/toolchain/arm/arm-gnu-toolchain/bin/../lib/gcc/arm-none-eabi/5.3.1/armv6-m/crtn.o

.comment        0x00000000       0xc9
 .comment       0x00000000       0x59 src/ASF/sam0/drivers/dac/dac_sam_l/dac.o
                                 0x5a (size before relaxing)
 .comment       0x00000059       0x5a src/ASF/sam0/drivers/sercom/i2c/i2c_sam0/i2c_master.o
 .comment       0x00000059       0x5a src/ASF/common2/services/delay/sam0/systick_counter.o
 .comment       0x00000059       0x5a src/ASF/sam0/drivers/sercom/sercom.o
 .comment       0x00000059       0x5a src/ASF/sam0/utils/stdio/read.o
 .comment       0x00000059       0x5a src/ASF/sam0/utils/stdio/write.o
 .comment       0x00000059       0x5a src/ASF/sam0/drivers/sercom/usart/usart.o
 .comment       0x00000059       0x5a src/ASF/sam0/drivers/sercom/usart/usart_interrupt.o
 .comment       0x00000059       0x5a src/ASF/sam0/drivers/sercom/sercom_interrupt.o
 .comment       0x00000059       0x5a src/ASF/common/utils/interrupt/interrupt_sam_nvic.o
 .comment       0x00000059       0x5a src/ASF/sam0/boards/saml21_xplained_pro/board_init.o
 .comment       0x00000059       0x5a src/ASF/sam0/drivers/adc/adc_sam_l_c/adc.o
 .comment       0x00000059       0x5a src/ASF/sam0/drivers/adc/adc_sam_l_c/adc_callback.o
 .comment       0x00000059       0x5a src/ASF/sam0/drivers/opamp/opamp.o
 .comment       0x00000059       0x5a src/ASF/sam0/drivers/port/port.o
 .comment       0x00000059       0x5a src/ASF/sam0/drivers/system/clock/clock_saml21/clock.o
 .comment       0x00000059       0x5a src/ASF/sam0/drivers/system/clock/clock_saml21/gclk.o
 .comment       0x00000059       0x5a src/ASF/sam0/drivers/system/pinmux/pinmux.o
 .comment       0x00000059       0x5a src/ASF/sam0/drivers/system/system.o
 .comment       0x00000059       0x5a src/ASF/sam0/utils/cmsis/saml21/source/gcc/startup_saml21.o
 .comment       0x00000059       0x5a src/ASF/sam0/utils/syscalls/gcc/syscalls.o
 .comment       0x00000059       0x5a src/ASF/thirdparty/freertos/freertos-8.0.1/Source/list.o
 .comment       0x00000059       0x5a src/ASF/thirdparty/freertos/freertos-8.0.1/Source/portable/GCC/ARM_CM0/port.o
 .comment       0x00000059       0x5a src/ASF/thirdparty/freertos/freertos-8.0.1/Source/portable/MemMang/heap_1.o
 .comment       0x00000059       0x5a src/ASF/thirdparty/freertos/freertos-8.0.1/Source/queue.o
 .comment       0x00000059       0x5a src/ASF/thirdparty/freertos/freertos-8.0.1/Source/tasks.o
 .comment       0x00000059       0x5a src/ASF/thirdparty/freertos/freertos-8.0.1/Source/timers.o
 .comment       0x00000059       0x5a src/main.o
 .comment       0x00000059       0x70 ../src/ASF/thirdparty/CMSIS/Lib/GCC\libarm_cortexM0l_math.a(arm_fir_init_q15.o)
                                 0x71 (size before relaxing)
 .comment       0x000000c9       0x71 ../src/ASF/thirdparty/CMSIS/Lib/GCC\libarm_cortexM0l_math.a(arm_fir_fast_q15.o)

.debug_info     0x00000000    0x2c070
 .debug_info    0x00000000     0x25ba src/ASF/sam0/drivers/dac/dac_sam_l/dac.o
 .debug_info    0x000025ba     0x4423 src/ASF/sam0/drivers/sercom/i2c/i2c_sam0/i2c_master.o
 .debug_info    0x000069dd      0x26b src/ASF/common2/services/delay/sam0/systick_counter.o
 .debug_info    0x00006c48     0x256f src/ASF/sam0/drivers/sercom/sercom.o
 .debug_info    0x000091b7      0x1c4 src/ASF/sam0/utils/stdio/read.o
 .debug_info    0x0000937b      0x1c1 src/ASF/sam0/utils/stdio/write.o
 .debug_info    0x0000953c     0x42d6 src/ASF/sam0/drivers/sercom/usart/usart.o
 .debug_info    0x0000d812     0x2777 src/ASF/sam0/drivers/sercom/usart/usart_interrupt.o
 .debug_info    0x0000ff89     0x2357 src/ASF/sam0/drivers/sercom/sercom_interrupt.o
 .debug_info    0x000122e0      0x1ea src/ASF/common/utils/interrupt/interrupt_sam_nvic.o
 .debug_info    0x000124ca      0xa88 src/ASF/sam0/boards/saml21_xplained_pro/board_init.o
 .debug_info    0x00012f52     0x2f59 src/ASF/sam0/drivers/adc/adc_sam_l_c/adc.o
 .debug_info    0x00015eab     0x142d src/ASF/sam0/drivers/adc/adc_sam_l_c/adc_callback.o
 .debug_info    0x000172d8     0x1459 src/ASF/sam0/drivers/opamp/opamp.o
 .debug_info    0x00018731      0xa7d src/ASF/sam0/drivers/port/port.o
 .debug_info    0x000191ae     0x3952 src/ASF/sam0/drivers/system/clock/clock_saml21/clock.o
 .debug_info    0x0001cb00     0x14d9 src/ASF/sam0/drivers/system/clock/clock_saml21/gclk.o
 .debug_info    0x0001dfd9      0xbde src/ASF/sam0/drivers/system/pinmux/pinmux.o
 .debug_info    0x0001ebb7      0x17c src/ASF/sam0/drivers/system/system.o
 .debug_info    0x0001ed33      0x9f3 src/ASF/sam0/utils/cmsis/saml21/source/gcc/startup_saml21.o
 .debug_info    0x0001f726      0x40f src/ASF/sam0/utils/syscalls/gcc/syscalls.o
 .debug_info    0x0001fb35      0x2cb src/ASF/thirdparty/freertos/freertos-8.0.1/Source/list.o
 .debug_info    0x0001fe00      0x2d4 src/ASF/thirdparty/freertos/freertos-8.0.1/Source/portable/GCC/ARM_CM0/port.o
 .debug_info    0x000200d4      0x1a0 src/ASF/thirdparty/freertos/freertos-8.0.1/Source/portable/MemMang/heap_1.o
 .debug_info    0x00020274     0x12fd src/ASF/thirdparty/freertos/freertos-8.0.1/Source/queue.o
 .debug_info    0x00021571     0x1606 src/ASF/thirdparty/freertos/freertos-8.0.1/Source/tasks.o
 .debug_info    0x00022b77      0xc0f src/ASF/thirdparty/freertos/freertos-8.0.1/Source/timers.o
 .debug_info    0x00023786     0x8006 src/main.o
 .debug_info    0x0002b78c      0x217 ../src/ASF/thirdparty/CMSIS/Lib/GCC\libarm_cortexM0l_math.a(arm_fir_init_q15.o)
 .debug_info    0x0002b9a3      0x6cd ../src/ASF/thirdparty/CMSIS/Lib/GCC\libarm_cortexM0l_math.a(arm_fir_fast_q15.o)

.debug_abbrev   0x00000000     0x491d
 .debug_abbrev  0x00000000      0x3d6 src/ASF/sam0/drivers/dac/dac_sam_l/dac.o
 .debug_abbrev  0x000003d6      0x45a src/ASF/sam0/drivers/sercom/i2c/i2c_sam0/i2c_master.o
 .debug_abbrev  0x00000830      0x13e src/ASF/common2/services/delay/sam0/systick_counter.o
 .debug_abbrev  0x0000096e      0x308 src/ASF/sam0/drivers/sercom/sercom.o
 .debug_abbrev  0x00000c76      0x10a src/ASF/sam0/utils/stdio/read.o
 .debug_abbrev  0x00000d80       0xf7 src/ASF/sam0/utils/stdio/write.o
 .debug_abbrev  0x00000e77      0x3f8 src/ASF/sam0/drivers/sercom/usart/usart.o
 .debug_abbrev  0x0000126f      0x37f src/ASF/sam0/drivers/sercom/usart/usart_interrupt.o
 .debug_abbrev  0x000015ee      0x237 src/ASF/sam0/drivers/sercom/sercom_interrupt.o
 .debug_abbrev  0x00001825       0xf6 src/ASF/common/utils/interrupt/interrupt_sam_nvic.o
 .debug_abbrev  0x0000191b      0x224 src/ASF/sam0/boards/saml21_xplained_pro/board_init.o
 .debug_abbrev  0x00001b3f      0x3f2 src/ASF/sam0/drivers/adc/adc_sam_l_c/adc.o
 .debug_abbrev  0x00001f31      0x315 src/ASF/sam0/drivers/adc/adc_sam_l_c/adc_callback.o
 .debug_abbrev  0x00002246      0x2d3 src/ASF/sam0/drivers/opamp/opamp.o
 .debug_abbrev  0x00002519      0x1dc src/ASF/sam0/drivers/port/port.o
 .debug_abbrev  0x000026f5      0x370 src/ASF/sam0/drivers/system/clock/clock_saml21/clock.o
 .debug_abbrev  0x00002a65      0x362 src/ASF/sam0/drivers/system/clock/clock_saml21/gclk.o
 .debug_abbrev  0x00002dc7      0x2d2 src/ASF/sam0/drivers/system/pinmux/pinmux.o
 .debug_abbrev  0x00003099       0xbb src/ASF/sam0/drivers/system/system.o
 .debug_abbrev  0x00003154      0x1c7 src/ASF/sam0/utils/cmsis/saml21/source/gcc/startup_saml21.o
 .debug_abbrev  0x0000331b      0x13e src/ASF/sam0/utils/syscalls/gcc/syscalls.o
 .debug_abbrev  0x00003459       0xfb src/ASF/thirdparty/freertos/freertos-8.0.1/Source/list.o
 .debug_abbrev  0x00003554      0x1bc src/ASF/thirdparty/freertos/freertos-8.0.1/Source/portable/GCC/ARM_CM0/port.o
 .debug_abbrev  0x00003710      0x10b src/ASF/thirdparty/freertos/freertos-8.0.1/Source/portable/MemMang/heap_1.o
 .debug_abbrev  0x0000381b      0x278 src/ASF/thirdparty/freertos/freertos-8.0.1/Source/queue.o
 .debug_abbrev  0x00003a93      0x313 src/ASF/thirdparty/freertos/freertos-8.0.1/Source/tasks.o
 .debug_abbrev  0x00003da6      0x29c src/ASF/thirdparty/freertos/freertos-8.0.1/Source/timers.o
 .debug_abbrev  0x00004042      0x670 src/main.o
 .debug_abbrev  0x000046b2      0x10f ../src/ASF/thirdparty/CMSIS/Lib/GCC\libarm_cortexM0l_math.a(arm_fir_init_q15.o)
 .debug_abbrev  0x000047c1      0x15c ../src/ASF/thirdparty/CMSIS/Lib/GCC\libarm_cortexM0l_math.a(arm_fir_fast_q15.o)

.debug_loc      0x00000000     0xb1e6
 .debug_loc     0x00000000      0x857 src/ASF/sam0/drivers/dac/dac_sam_l/dac.o
 .debug_loc     0x00000857      0xe3b src/ASF/sam0/drivers/sercom/i2c/i2c_sam0/i2c_master.o
 .debug_loc     0x00001692       0xe4 src/ASF/common2/services/delay/sam0/systick_counter.o
 .debug_loc     0x00001776      0x9ae src/ASF/sam0/drivers/sercom/sercom.o
 .debug_loc     0x00002124       0xf0 src/ASF/sam0/utils/stdio/read.o
 .debug_loc     0x00002214      0x130 src/ASF/sam0/utils/stdio/write.o
 .debug_loc     0x00002344      0xcaa src/ASF/sam0/drivers/sercom/usart/usart.o
 .debug_loc     0x00002fee      0x5bb src/ASF/sam0/drivers/sercom/usart/usart_interrupt.o
 .debug_loc     0x000035a9      0x16c src/ASF/sam0/drivers/sercom/sercom_interrupt.o
 .debug_loc     0x00003715       0x8b src/ASF/sam0/boards/saml21_xplained_pro/board_init.o
 .debug_loc     0x000037a0      0x71d src/ASF/sam0/drivers/adc/adc_sam_l_c/adc.o
 .debug_loc     0x00003ebd      0x2ac src/ASF/sam0/drivers/adc/adc_sam_l_c/adc_callback.o
 .debug_loc     0x00004169      0x164 src/ASF/sam0/drivers/opamp/opamp.o
 .debug_loc     0x000042cd      0x13d src/ASF/sam0/drivers/port/port.o
 .debug_loc     0x0000440a      0xca5 src/ASF/sam0/drivers/system/clock/clock_saml21/clock.o
 .debug_loc     0x000050af      0x504 src/ASF/sam0/drivers/system/clock/clock_saml21/gclk.o
 .debug_loc     0x000055b3      0x37a src/ASF/sam0/drivers/system/pinmux/pinmux.o
 .debug_loc     0x0000592d       0x20 src/ASF/sam0/drivers/system/system.o
 .debug_loc     0x0000594d       0x20 src/ASF/sam0/utils/cmsis/saml21/source/gcc/startup_saml21.o
 .debug_loc     0x0000596d       0xd1 src/ASF/sam0/utils/syscalls/gcc/syscalls.o
 .debug_loc     0x00005a3e       0x67 src/ASF/thirdparty/freertos/freertos-8.0.1/Source/list.o
 .debug_loc     0x00005aa5      0x113 src/ASF/thirdparty/freertos/freertos-8.0.1/Source/portable/GCC/ARM_CM0/port.o
 .debug_loc     0x00005bb8       0x7f src/ASF/thirdparty/freertos/freertos-8.0.1/Source/portable/MemMang/heap_1.o
 .debug_loc     0x00005c37     0x13a3 src/ASF/thirdparty/freertos/freertos-8.0.1/Source/queue.o
 .debug_loc     0x00006fda     0x100d src/ASF/thirdparty/freertos/freertos-8.0.1/Source/tasks.o
 .debug_loc     0x00007fe7      0x9fa src/ASF/thirdparty/freertos/freertos-8.0.1/Source/timers.o
 .debug_loc     0x000089e1     0x1526 src/main.o
 .debug_loc     0x00009f07       0xd3 ../src/ASF/thirdparty/CMSIS/Lib/GCC\libarm_cortexM0l_math.a(arm_fir_init_q15.o)
 .debug_loc     0x00009fda     0x120c ../src/ASF/thirdparty/CMSIS/Lib/GCC\libarm_cortexM0l_math.a(arm_fir_fast_q15.o)

.debug_aranges  0x00000000      0xad8
 .debug_aranges
                0x00000000       0xa0 src/ASF/sam0/drivers/dac/dac_sam_l/dac.o
 .debug_aranges
                0x000000a0       0xa0 src/ASF/sam0/drivers/sercom/i2c/i2c_sam0/i2c_master.o
 .debug_aranges
                0x00000140       0x30 src/ASF/common2/services/delay/sam0/systick_counter.o
 .debug_aranges
                0x00000170       0x40 src/ASF/sam0/drivers/sercom/sercom.o
 .debug_aranges
                0x000001b0       0x20 src/ASF/sam0/utils/stdio/read.o
 .debug_aranges
                0x000001d0       0x20 src/ASF/sam0/utils/stdio/write.o
 .debug_aranges
                0x000001f0       0x40 src/ASF/sam0/drivers/sercom/usart/usart.o
 .debug_aranges
                0x00000230       0x70 src/ASF/sam0/drivers/sercom/usart/usart_interrupt.o
 .debug_aranges
                0x000002a0       0x60 src/ASF/sam0/drivers/sercom/sercom_interrupt.o
 .debug_aranges
                0x00000300       0x28 src/ASF/common/utils/interrupt/interrupt_sam_nvic.o
 .debug_aranges
                0x00000328       0x20 src/ASF/sam0/boards/saml21_xplained_pro/board_init.o
 .debug_aranges
                0x00000348       0x38 src/ASF/sam0/drivers/adc/adc_sam_l_c/adc.o
 .debug_aranges
                0x00000380       0x48 src/ASF/sam0/drivers/adc/adc_sam_l_c/adc_callback.o
 .debug_aranges
                0x000003c8       0x68 src/ASF/sam0/drivers/opamp/opamp.o
 .debug_aranges
                0x00000430       0x28 src/ASF/sam0/drivers/port/port.o
 .debug_aranges
                0x00000458       0x80 src/ASF/sam0/drivers/system/clock/clock_saml21/clock.o
 .debug_aranges
                0x000004d8       0x80 src/ASF/sam0/drivers/system/clock/clock_saml21/gclk.o
 .debug_aranges
                0x00000558       0x40 src/ASF/sam0/drivers/system/pinmux/pinmux.o
 .debug_aranges
                0x00000598       0x28 src/ASF/sam0/drivers/system/system.o
 .debug_aranges
                0x000005c0       0x28 src/ASF/sam0/utils/cmsis/saml21/source/gcc/startup_saml21.o
 .debug_aranges
                0x000005e8       0x60 src/ASF/sam0/utils/syscalls/gcc/syscalls.o
 .debug_aranges
                0x00000648       0x40 src/ASF/thirdparty/freertos/freertos-8.0.1/Source/list.o
 .debug_aranges
                0x00000688       0x88 src/ASF/thirdparty/freertos/freertos-8.0.1/Source/portable/GCC/ARM_CM0/port.o
 .debug_aranges
                0x00000710       0x38 src/ASF/thirdparty/freertos/freertos-8.0.1/Source/portable/MemMang/heap_1.o
 .debug_aranges
                0x00000748       0xf0 src/ASF/thirdparty/freertos/freertos-8.0.1/Source/queue.o
 .debug_aranges
                0x00000838      0x130 src/ASF/thirdparty/freertos/freertos-8.0.1/Source/tasks.o
 .debug_aranges
                0x00000968       0x68 src/ASF/thirdparty/freertos/freertos-8.0.1/Source/timers.o
 .debug_aranges
                0x000009d0       0xc8 src/main.o
 .debug_aranges
                0x00000a98       0x20 ../src/ASF/thirdparty/CMSIS/Lib/GCC\libarm_cortexM0l_math.a(arm_fir_init_q15.o)
 .debug_aranges
                0x00000ab8       0x20 ../src/ASF/thirdparty/CMSIS/Lib/GCC\libarm_cortexM0l_math.a(arm_fir_fast_q15.o)

.debug_ranges   0x00000000      0xd30
 .debug_ranges  0x00000000       0xb0 src/ASF/sam0/drivers/dac/dac_sam_l/dac.o
 .debug_ranges  0x000000b0       0xc0 src/ASF/sam0/drivers/sercom/i2c/i2c_sam0/i2c_master.o
 .debug_ranges  0x00000170       0x50 src/ASF/common2/services/delay/sam0/systick_counter.o
 .debug_ranges  0x000001c0       0x48 src/ASF/sam0/drivers/sercom/sercom.o
 .debug_ranges  0x00000208       0x10 src/ASF/sam0/utils/stdio/read.o
 .debug_ranges  0x00000218       0x10 src/ASF/sam0/utils/stdio/write.o
 .debug_ranges  0x00000228       0xe0 src/ASF/sam0/drivers/sercom/usart/usart.o
 .debug_ranges  0x00000308       0x60 src/ASF/sam0/drivers/sercom/usart/usart_interrupt.o
 .debug_ranges  0x00000368       0x50 src/ASF/sam0/drivers/sercom/sercom_interrupt.o
 .debug_ranges  0x000003b8       0x18 src/ASF/common/utils/interrupt/interrupt_sam_nvic.o
 .debug_ranges  0x000003d0       0x10 src/ASF/sam0/boards/saml21_xplained_pro/board_init.o
 .debug_ranges  0x000003e0       0x40 src/ASF/sam0/drivers/adc/adc_sam_l_c/adc.o
 .debug_ranges  0x00000420       0x38 src/ASF/sam0/drivers/adc/adc_sam_l_c/adc_callback.o
 .debug_ranges  0x00000458       0x58 src/ASF/sam0/drivers/opamp/opamp.o
 .debug_ranges  0x000004b0       0x18 src/ASF/sam0/drivers/port/port.o
 .debug_ranges  0x000004c8       0x70 src/ASF/sam0/drivers/system/clock/clock_saml21/clock.o
 .debug_ranges  0x00000538       0xe8 src/ASF/sam0/drivers/system/clock/clock_saml21/gclk.o
 .debug_ranges  0x00000620       0x30 src/ASF/sam0/drivers/system/pinmux/pinmux.o
 .debug_ranges  0x00000650       0x18 src/ASF/sam0/drivers/system/system.o
 .debug_ranges  0x00000668       0x18 src/ASF/sam0/utils/cmsis/saml21/source/gcc/startup_saml21.o
 .debug_ranges  0x00000680       0x50 src/ASF/sam0/utils/syscalls/gcc/syscalls.o
 .debug_ranges  0x000006d0       0x30 src/ASF/thirdparty/freertos/freertos-8.0.1/Source/list.o
 .debug_ranges  0x00000700       0x78 src/ASF/thirdparty/freertos/freertos-8.0.1/Source/portable/GCC/ARM_CM0/port.o
 .debug_ranges  0x00000778       0x28 src/ASF/thirdparty/freertos/freertos-8.0.1/Source/portable/MemMang/heap_1.o
 .debug_ranges  0x000007a0       0xe0 src/ASF/thirdparty/freertos/freertos-8.0.1/Source/queue.o
 .debug_ranges  0x00000880      0x168 src/ASF/thirdparty/freertos/freertos-8.0.1/Source/tasks.o
 .debug_ranges  0x000009e8       0xa0 src/ASF/thirdparty/freertos/freertos-8.0.1/Source/timers.o
 .debug_ranges  0x00000a88       0xb8 src/main.o
 .debug_ranges  0x00000b40       0x10 ../src/ASF/thirdparty/CMSIS/Lib/GCC\libarm_cortexM0l_math.a(arm_fir_init_q15.o)
 .debug_ranges  0x00000b50      0x1e0 ../src/ASF/thirdparty/CMSIS/Lib/GCC\libarm_cortexM0l_math.a(arm_fir_fast_q15.o)

.debug_macro    0x00000000    0x201e5
 .debug_macro   0x00000000      0x5be src/ASF/sam0/drivers/dac/dac_sam_l/dac.o
 .debug_macro   0x000005be      0x85c src/ASF/sam0/drivers/dac/dac_sam_l/dac.o
 .debug_macro   0x00000e1a      0x16d src/ASF/sam0/drivers/dac/dac_sam_l/dac.o
 .debug_macro   0x00000f87      0x652 src/ASF/sam0/drivers/dac/dac_sam_l/dac.o
 .debug_macro   0x000015d9       0x22 src/ASF/sam0/drivers/dac/dac_sam_l/dac.o
 .debug_macro   0x000015fb       0x87 src/ASF/sam0/drivers/dac/dac_sam_l/dac.o
 .debug_macro   0x00001682       0x44 src/ASF/sam0/drivers/dac/dac_sam_l/dac.o
 .debug_macro   0x000016c6       0xfd src/ASF/sam0/drivers/dac/dac_sam_l/dac.o
 .debug_macro   0x000017c3       0x22 src/ASF/sam0/drivers/dac/dac_sam_l/dac.o
 .debug_macro   0x000017e5      0x1df src/ASF/sam0/drivers/dac/dac_sam_l/dac.o
 .debug_macro   0x000019c4       0x10 src/ASF/sam0/drivers/dac/dac_sam_l/dac.o
 .debug_macro   0x000019d4       0x76 src/ASF/sam0/drivers/dac/dac_sam_l/dac.o
 .debug_macro   0x00001a4a       0x16 src/ASF/sam0/drivers/dac/dac_sam_l/dac.o
 .debug_macro   0x00001a60      0x6e5 src/ASF/sam0/drivers/dac/dac_sam_l/dac.o
 .debug_macro   0x00002145      0xde2 src/ASF/sam0/drivers/dac/dac_sam_l/dac.o
 .debug_macro   0x00002f27       0x22 src/ASF/sam0/drivers/dac/dac_sam_l/dac.o
 .debug_macro   0x00002f49       0x40 src/ASF/sam0/drivers/dac/dac_sam_l/dac.o
 .debug_macro   0x00002f89       0x3a src/ASF/sam0/drivers/dac/dac_sam_l/dac.o
 .debug_macro   0x00002fc3       0x1f src/ASF/sam0/drivers/dac/dac_sam_l/dac.o
 .debug_macro   0x00002fe2      0x250 src/ASF/sam0/drivers/dac/dac_sam_l/dac.o
 .debug_macro   0x00003232      0x71a src/ASF/sam0/drivers/dac/dac_sam_l/dac.o
 .debug_macro   0x0000394c      0x979 src/ASF/sam0/drivers/dac/dac_sam_l/dac.o
 .debug_macro   0x000042c5      0x2b8 src/ASF/sam0/drivers/dac/dac_sam_l/dac.o
 .debug_macro   0x0000457d      0x226 src/ASF/sam0/drivers/dac/dac_sam_l/dac.o
 .debug_macro   0x000047a3      0x4dd src/ASF/sam0/drivers/dac/dac_sam_l/dac.o
 .debug_macro   0x00004c80      0xd24 src/ASF/sam0/drivers/dac/dac_sam_l/dac.o
 .debug_macro   0x000059a4      0x5b8 src/ASF/sam0/drivers/dac/dac_sam_l/dac.o
 .debug_macro   0x00005f5c      0x58b src/ASF/sam0/drivers/dac/dac_sam_l/dac.o
 .debug_macro   0x000064e7      0x832 src/ASF/sam0/drivers/dac/dac_sam_l/dac.o
 .debug_macro   0x00006d19      0x297 src/ASF/sam0/drivers/dac/dac_sam_l/dac.o
 .debug_macro   0x00006fb0      0x621 src/ASF/sam0/drivers/dac/dac_sam_l/dac.o
 .debug_macro   0x000075d1      0x225 src/ASF/sam0/drivers/dac/dac_sam_l/dac.o
 .debug_macro   0x000077f6      0x7aa src/ASF/sam0/drivers/dac/dac_sam_l/dac.o
 .debug_macro   0x00007fa0      0x162 src/ASF/sam0/drivers/dac/dac_sam_l/dac.o
 .debug_macro   0x00008102      0x719 src/ASF/sam0/drivers/dac/dac_sam_l/dac.o
 .debug_macro   0x0000881b      0x293 src/ASF/sam0/drivers/dac/dac_sam_l/dac.o
 .debug_macro   0x00008aae      0x702 src/ASF/sam0/drivers/dac/dac_sam_l/dac.o
 .debug_macro   0x000091b0      0x2a3 src/ASF/sam0/drivers/dac/dac_sam_l/dac.o
 .debug_macro   0x00009453      0x3cb src/ASF/sam0/drivers/dac/dac_sam_l/dac.o
 .debug_macro   0x0000981e      0x1ae src/ASF/sam0/drivers/dac/dac_sam_l/dac.o
 .debug_macro   0x000099cc     0x11d9 src/ASF/sam0/drivers/dac/dac_sam_l/dac.o
 .debug_macro   0x0000aba5      0xf4e src/ASF/sam0/drivers/dac/dac_sam_l/dac.o
 .debug_macro   0x0000baf3      0x857 src/ASF/sam0/drivers/dac/dac_sam_l/dac.o
 .debug_macro   0x0000c34a      0xa39 src/ASF/sam0/drivers/dac/dac_sam_l/dac.o
 .debug_macro   0x0000cd83      0x830 src/ASF/sam0/drivers/dac/dac_sam_l/dac.o
 .debug_macro   0x0000d5b3     0x1b45 src/ASF/sam0/drivers/dac/dac_sam_l/dac.o
 .debug_macro   0x0000f0f8       0xea src/ASF/sam0/drivers/dac/dac_sam_l/dac.o
 .debug_macro   0x0000f1e2     0x13b0 src/ASF/sam0/drivers/dac/dac_sam_l/dac.o
 .debug_macro   0x00010592      0x378 src/ASF/sam0/drivers/dac/dac_sam_l/dac.o
 .debug_macro   0x0001090a       0x7c src/ASF/sam0/drivers/dac/dac_sam_l/dac.o
 .debug_macro   0x00010986       0xac src/ASF/sam0/drivers/dac/dac_sam_l/dac.o
 .debug_macro   0x00010a32       0xca src/ASF/sam0/drivers/dac/dac_sam_l/dac.o
 .debug_macro   0x00010afc       0x4c src/ASF/sam0/drivers/dac/dac_sam_l/dac.o
 .debug_macro   0x00010b48       0x94 src/ASF/sam0/drivers/dac/dac_sam_l/dac.o
 .debug_macro   0x00010bdc       0xd6 src/ASF/sam0/drivers/dac/dac_sam_l/dac.o
 .debug_macro   0x00010cb2       0xb2 src/ASF/sam0/drivers/dac/dac_sam_l/dac.o
 .debug_macro   0x00010d64       0x58 src/ASF/sam0/drivers/dac/dac_sam_l/dac.o
 .debug_macro   0x00010dbc      0x5d5 src/ASF/sam0/drivers/dac/dac_sam_l/dac.o
 .debug_macro   0x00011391      0x19d src/ASF/sam0/drivers/dac/dac_sam_l/dac.o
 .debug_macro   0x0001152e       0x70 src/ASF/sam0/drivers/dac/dac_sam_l/dac.o
 .debug_macro   0x0001159e       0xa0 src/ASF/sam0/drivers/dac/dac_sam_l/dac.o
 .debug_macro   0x0001163e       0xc4 src/ASF/sam0/drivers/dac/dac_sam_l/dac.o
 .debug_macro   0x00011702       0x28 src/ASF/sam0/drivers/dac/dac_sam_l/dac.o
 .debug_macro   0x0001172a       0xa0 src/ASF/sam0/drivers/dac/dac_sam_l/dac.o
 .debug_macro   0x000117ca       0x40 src/ASF/sam0/drivers/dac/dac_sam_l/dac.o
 .debug_macro   0x0001180a       0x76 src/ASF/sam0/drivers/dac/dac_sam_l/dac.o
 .debug_macro   0x00011880       0x40 src/ASF/sam0/drivers/dac/dac_sam_l/dac.o
 .debug_macro   0x000118c0      0x178 src/ASF/sam0/drivers/dac/dac_sam_l/dac.o
 .debug_macro   0x00011a38       0x34 src/ASF/sam0/drivers/dac/dac_sam_l/dac.o
 .debug_macro   0x00011a6c       0xee src/ASF/sam0/drivers/dac/dac_sam_l/dac.o
 .debug_macro   0x00011b5a      0x136 src/ASF/sam0/drivers/dac/dac_sam_l/dac.o
 .debug_macro   0x00011c90      0x136 src/ASF/sam0/drivers/dac/dac_sam_l/dac.o
 .debug_macro   0x00011dc6      0x136 src/ASF/sam0/drivers/dac/dac_sam_l/dac.o
 .debug_macro   0x00011efc      0x136 src/ASF/sam0/drivers/dac/dac_sam_l/dac.o
 .debug_macro   0x00012032      0x136 src/ASF/sam0/drivers/dac/dac_sam_l/dac.o
 .debug_macro   0x00012168      0x136 src/ASF/sam0/drivers/dac/dac_sam_l/dac.o
 .debug_macro   0x0001229e       0x5e src/ASF/sam0/drivers/dac/dac_sam_l/dac.o
 .debug_macro   0x000122fc      0x1a6 src/ASF/sam0/drivers/dac/dac_sam_l/dac.o
 .debug_macro   0x000124a2       0xfa src/ASF/sam0/drivers/dac/dac_sam_l/dac.o
 .debug_macro   0x0001259c       0xfa src/ASF/sam0/drivers/dac/dac_sam_l/dac.o
 .debug_macro   0x00012696       0xfa src/ASF/sam0/drivers/dac/dac_sam_l/dac.o
 .debug_macro   0x00012790       0xfa src/ASF/sam0/drivers/dac/dac_sam_l/dac.o
 .debug_macro   0x0001288a       0xfa src/ASF/sam0/drivers/dac/dac_sam_l/dac.o
 .debug_macro   0x00012984      0x12c src/ASF/sam0/drivers/dac/dac_sam_l/dac.o
 .debug_macro   0x00012ab0      0x100 src/ASF/sam0/drivers/dac/dac_sam_l/dac.o
 .debug_macro   0x00012bb0       0xf4 src/ASF/sam0/drivers/dac/dac_sam_l/dac.o
 .debug_macro   0x00012ca4       0x2e src/ASF/sam0/drivers/dac/dac_sam_l/dac.o
 .debug_macro   0x00012cd2      0x408 src/ASF/sam0/drivers/dac/dac_sam_l/dac.o
 .debug_macro   0x000130da       0x3a src/ASF/sam0/drivers/dac/dac_sam_l/dac.o
 .debug_macro   0x00013114      0x433 src/ASF/sam0/drivers/dac/dac_sam_l/dac.o
 .debug_macro   0x00013547     0x2433 src/ASF/sam0/drivers/dac/dac_sam_l/dac.o
 .debug_macro   0x0001597a       0x90 src/ASF/sam0/drivers/dac/dac_sam_l/dac.o
 .debug_macro   0x00015a0a       0x52 src/ASF/sam0/drivers/dac/dac_sam_l/dac.o
 .debug_macro   0x00015a5c       0x35 src/ASF/sam0/drivers/dac/dac_sam_l/dac.o
 .debug_macro   0x00015a91       0x9c src/ASF/sam0/drivers/dac/dac_sam_l/dac.o
 .debug_macro   0x00015b2d       0x16 src/ASF/sam0/drivers/dac/dac_sam_l/dac.o
 .debug_macro   0x00015b43       0x35 src/ASF/sam0/drivers/dac/dac_sam_l/dac.o
 .debug_macro   0x00015b78      0x330 src/ASF/sam0/drivers/dac/dac_sam_l/dac.o
 .debug_macro   0x00015ea8       0x10 src/ASF/sam0/drivers/dac/dac_sam_l/dac.o
 .debug_macro   0x00015eb8       0x52 src/ASF/sam0/drivers/dac/dac_sam_l/dac.o
 .debug_macro   0x00015f0a       0x16 src/ASF/sam0/drivers/dac/dac_sam_l/dac.o
 .debug_macro   0x00015f20       0x43 src/ASF/sam0/drivers/dac/dac_sam_l/dac.o
 .debug_macro   0x00015f63      0x187 src/ASF/sam0/drivers/dac/dac_sam_l/dac.o
 .debug_macro   0x000160ea       0x22 src/ASF/sam0/drivers/dac/dac_sam_l/dac.o
 .debug_macro   0x0001610c       0x3a src/ASF/sam0/drivers/dac/dac_sam_l/dac.o
 .debug_macro   0x00016146       0x10 src/ASF/sam0/drivers/dac/dac_sam_l/dac.o
 .debug_macro   0x00016156       0x40 src/ASF/sam0/drivers/dac/dac_sam_l/dac.o
 .debug_macro   0x00016196       0x6c src/ASF/sam0/drivers/dac/dac_sam_l/dac.o
 .debug_macro   0x00016202       0x16 src/ASF/sam0/drivers/dac/dac_sam_l/dac.o
 .debug_macro   0x00016218      0x182 src/ASF/sam0/drivers/dac/dac_sam_l/dac.o
 .debug_macro   0x0001639a       0x16 src/ASF/sam0/drivers/dac/dac_sam_l/dac.o
 .debug_macro   0x000163b0       0x16 src/ASF/sam0/drivers/dac/dac_sam_l/dac.o
 .debug_macro   0x000163c6       0x29 src/ASF/sam0/drivers/dac/dac_sam_l/dac.o
 .debug_macro   0x000163ef       0x51 src/ASF/sam0/drivers/dac/dac_sam_l/dac.o
 .debug_macro   0x00016440       0x3f src/ASF/sam0/drivers/dac/dac_sam_l/dac.o
 .debug_macro   0x0001647f      0x3df src/ASF/sam0/drivers/dac/dac_sam_l/dac.o
 .debug_macro   0x0001685e       0x26 src/ASF/sam0/drivers/dac/dac_sam_l/dac.o
 .debug_macro   0x00016884       0x18 src/ASF/sam0/drivers/dac/dac_sam_l/dac.o
 .debug_macro   0x0001689c      0x5f9 src/ASF/sam0/drivers/sercom/i2c/i2c_sam0/i2c_master.o
 .debug_macro   0x00016e95       0x2e src/ASF/sam0/drivers/sercom/i2c/i2c_sam0/i2c_master.o
 .debug_macro   0x00016ec3       0xb2 src/ASF/sam0/drivers/sercom/i2c/i2c_sam0/i2c_master.o
 .debug_macro   0x00016f75       0x10 src/ASF/sam0/drivers/sercom/i2c/i2c_sam0/i2c_master.o
 .debug_macro   0x00016f85       0x27 src/ASF/sam0/drivers/sercom/i2c/i2c_sam0/i2c_master.o
 .debug_macro   0x00016fac      0x59b src/ASF/common2/services/delay/sam0/systick_counter.o
 .debug_macro   0x00017547       0x16 src/ASF/common2/services/delay/sam0/systick_counter.o
 .debug_macro   0x0001755d       0x16 src/ASF/common2/services/delay/sam0/systick_counter.o
 .debug_macro   0x00017573      0x5f1 src/ASF/sam0/drivers/sercom/sercom.o
 .debug_macro   0x00017b64      0x55f src/ASF/sam0/utils/stdio/read.o
 .debug_macro   0x000180c3      0x55f src/ASF/sam0/utils/stdio/write.o