Archive member included to satisfy reference by file (symbol)

c:/program files (x86)/atmel/studio/7.0/toolchain/arm/arm-gnu-toolchain/bin/../lib/gcc/arm-none-eabi/5.3.1/armv6-m\libgcc.a(_udivsi3.o)
                              src/ASF/sam0/drivers/system/clock/clock_saml21/clock.o (__aeabi_uidiv)
c:/program files (x86)/atmel/studio/7.0/toolchain/arm/arm-gnu-toolchain/bin/../lib/gcc/arm-none-eabi/5.3.1/armv6-m\libgcc.a(_divsi3.o)
                              src/ASF/sam0/drivers/usb/stack_interface/usb_device_udd.o (__aeabi_idivmod)
c:/program files (x86)/atmel/studio/7.0/toolchain/arm/arm-gnu-toolchain/bin/../lib/gcc/arm-none-eabi/5.3.1/armv6-m\libgcc.a(_dvmd_tls.o)
                              c:/program files (x86)/atmel/studio/7.0/toolchain/arm/arm-gnu-toolchain/bin/../lib/gcc/arm-none-eabi/5.3.1/armv6-m\libgcc.a(_udivsi3.o) (__aeabi_idiv0)
c:/program files (x86)/atmel/studio/7.0/toolchain/arm/arm-gnu-toolchain/bin/../lib/gcc/arm-none-eabi/5.3.1/armv6-m\libgcc.a(_clzsi2.o)
                              src/ASF/sam0/drivers/usb/usb_sam_l/usb.o (__clzsi2)
c:/program files (x86)/atmel/studio/7.0/toolchain/arm/arm-gnu-toolchain/bin/../lib/gcc/arm-none-eabi/5.3.1/armv6-m\libgcc.a(_ctzsi2.o)
                              src/ASF/sam0/drivers/usb/usb_sam_l/usb.o (__ctzsi2)
c:/program files (x86)/atmel/studio/7.0/toolchain/arm/arm-gnu-toolchain/bin/../lib/gcc/arm-none-eabi/5.3.1/armv6-m\libgcc.a(_muldi3.o)
                              src/ASF/sam0/drivers/sercom/sercom.o (__aeabi_lmul)
c:/program files (x86)/atmel/studio/7.0/toolchain/arm/arm-gnu-toolchain/bin/../lib/gcc/arm-none-eabi/5.3.1/../../../../arm-none-eabi/lib/armv6-m\libc_nano.a(lib_a-exit.o)
                              c:/program files (x86)/atmel/studio/7.0/toolchain/arm/arm-gnu-toolchain/bin/../lib/gcc/arm-none-eabi/5.3.1/../../../../arm-none-eabi/lib/armv6-m/crt0.o (exit)
c:/program files (x86)/atmel/studio/7.0/toolchain/arm/arm-gnu-toolchain/bin/../lib/gcc/arm-none-eabi/5.3.1/../../../../arm-none-eabi/lib/armv6-m\libc_nano.a(lib_a-impure.o)
                              c:/program files (x86)/atmel/studio/7.0/toolchain/arm/arm-gnu-toolchain/bin/../lib/gcc/arm-none-eabi/5.3.1/../../../../arm-none-eabi/lib/armv6-m\libc_nano.a(lib_a-exit.o) (_global_impure_ptr)
c:/program files (x86)/atmel/studio/7.0/toolchain/arm/arm-gnu-toolchain/bin/../lib/gcc/arm-none-eabi/5.3.1/../../../../arm-none-eabi/lib/armv6-m\libc_nano.a(lib_a-init.o)
                              c:/program files (x86)/atmel/studio/7.0/toolchain/arm/arm-gnu-toolchain/bin/../lib/gcc/arm-none-eabi/5.3.1/../../../../arm-none-eabi/lib/armv6-m/crt0.o (__libc_init_array)
c:/program files (x86)/atmel/studio/7.0/toolchain/arm/arm-gnu-toolchain/bin/../lib/gcc/arm-none-eabi/5.3.1/../../../../arm-none-eabi/lib/armv6-m\libc_nano.a(lib_a-memcpy-stub.o)
                              src/ASF/common/services/usb/class/cdc/device/udi_cdc.o (memcpy)
c:/program files (x86)/atmel/studio/7.0/toolchain/arm/arm-gnu-toolchain/bin/../lib/gcc/arm-none-eabi/5.3.1/../../../../arm-none-eabi/lib/armv6-m\libc_nano.a(lib_a-memset.o)
                              c:/program files (x86)/atmel/studio/7.0/toolchain/arm/arm-gnu-toolchain/bin/../lib/gcc/arm-none-eabi/5.3.1/../../../../arm-none-eabi/lib/armv6-m/crt0.o (memset)

Allocating common symbols
Common symbol       size              file

b_sharp_received    0x1               src/usart_sam_ba.o
udd_ep_out_cache_buffer
                    0xc0              src/ASF/sam0/drivers/usb/stack_interface/usb_device_udd.o
usb_descriptor_table
                    0x100             src/ASF/sam0/drivers/usb/usb_sam_l/usb.o
j                   0x1               src/sam_ba_monitor.o
usb_device          0x168             src/ASF/sam0/drivers/usb/stack_interface/usb_device_udd.o
idx_rx_write        0x1               src/usart_sam_ba.o
size_of_data        0x2               src/usart_sam_ba.o
length              0x4               src/sam_ba_monitor.o
ptr                 0x4               src/sam_ba_monitor.o
command             0x1               src/sam_ba_monitor.o
_sercom_instances   0x18              src/ASF/sam0/drivers/sercom/sercom_interrupt.o
idx_tx_read         0x1               src/usart_sam_ba.o
i                   0x4               src/sam_ba_monitor.o
usart_sam_ba        0x34              src/usart_sam_ba.o
buffer_tx_usart     0x80              src/usart_sam_ba.o
error_timeout       0x1               src/usart_sam_ba.o
_extint_dev         0x40              src/ASF/sam0/drivers/extint/extint_sam_l_c/extint.o
udd_g_ctrlreq       0x18              src/ASF/sam0/drivers/usb/stack_interface/usb_device_udd.o
_current_channel    0x1               src/ASF/sam0/drivers/extint/extint_callback.o
data                0x40              src/sam_ba_monitor.o
mode_of_transfer    0x1               src/usart_sam_ba.o
ptr_data            0x4               src/sam_ba_monitor.o
idx_rx_read         0x1               src/usart_sam_ba.o
[...]
Memory Configuration

Name             Origin             Length             Attributes
rom              0x00000000         0x00040000         xr
ram              0x20000000         0x00008000         xrw
lpram            0x30000000         0x00002000         xrw
*default*        0x00000000         0xffffffff

Linker script and memory map

LOAD c:/program files (x86)/atmel/studio/7.0/toolchain/arm/arm-gnu-toolchain/bin/../lib/gcc/arm-none-eabi/5.3.1/armv6-m/crti.o
LOAD c:/program files (x86)/atmel/studio/7.0/toolchain/arm/arm-gnu-toolchain/bin/../lib/gcc/arm-none-eabi/5.3.1/armv6-m/crtbegin.o
LOAD c:/program files (x86)/atmel/studio/7.0/toolchain/arm/arm-gnu-toolchain/bin/../lib/gcc/arm-none-eabi/5.3.1/../../../../arm-none-eabi/lib/armv6-m/crt0.o
LOAD src/ASF/common/services/sleepmgr/saml/sleepmgr.o
LOAD src/ASF/common/services/usb/class/cdc/device/udi_cdc.o
LOAD src/ASF/common/services/usb/class/cdc/device/udi_cdc_desc.o
LOAD src/ASF/common/services/usb/udc/udc.o
LOAD src/ASF/common/utils/interrupt/interrupt_sam_nvic.o
LOAD src/ASF/sam0/boards/saml21_xplained_pro_b/board_init.o
LOAD src/ASF/sam0/drivers/extint/extint_callback.o
LOAD src/ASF/sam0/drivers/extint/extint_sam_l_c/extint.o
LOAD src/ASF/sam0/drivers/port/port.o
LOAD src/ASF/sam0/drivers/sercom/sercom.o
LOAD src/ASF/sam0/drivers/sercom/sercom_interrupt.o
LOAD src/ASF/sam0/drivers/sercom/usart/usart.o
LOAD src/ASF/sam0/drivers/sercom/usart/usart_interrupt.o
LOAD src/ASF/sam0/drivers/system/clock/clock_saml21/clock.o
LOAD src/ASF/sam0/drivers/system/clock/clock_saml21/gclk.o
LOAD src/ASF/sam0/drivers/system/interrupt/system_interrupt.o
LOAD src/ASF/sam0/drivers/system/pinmux/pinmux.o
LOAD src/ASF/sam0/drivers/system/system.o
LOAD src/ASF/sam0/drivers/usb/stack_interface/usb_device_udd.o
LOAD src/ASF/sam0/drivers/usb/stack_interface/usb_dual.o
LOAD src/ASF/sam0/drivers/usb/usb_sam_l/usb.o
LOAD src/ASF/sam0/utils/cmsis/saml21/source/gcc/startup_saml21.o
LOAD src/ASF/sam0/utils/cmsis/saml21/source/system_saml21.o
LOAD src/ASF/sam0/utils/syscalls/gcc/syscalls.o
LOAD src/main.o
LOAD src/sam_ba_monitor.o
LOAD src/usart_sam_ba.o
START GROUP
LOAD ../src/ASF/thirdparty/CMSIS/Lib/GCC\libarm_cortexM0l_math.a
LOAD c:/program files (x86)/atmel/studio/7.0/toolchain/arm/arm-gnu-toolchain/bin/../lib/gcc/arm-none-eabi/5.3.1/../../../../arm-none-eabi/lib/armv6-m\libm.a
END GROUP
                0x00000400                STACK_SIZE = 0x400
START GROUP
LOAD c:/program files (x86)/atmel/studio/7.0/toolchain/arm/arm-gnu-toolchain/bin/../lib/gcc/arm-none-eabi/5.3.1/armv6-m\libgcc.a
LOAD c:/program files (x86)/atmel/studio/7.0/toolchain/arm/arm-gnu-toolchain/bin/../lib/gcc/arm-none-eabi/5.3.1/../../../../arm-none-eabi/lib/armv6-m\libc_nano.a
END GROUP
START GROUP
LOAD c:/program files (x86)/atmel/studio/7.0/toolchain/arm/arm-gnu-toolchain/bin/../lib/gcc/arm-none-eabi/5.3.1/armv6-m\libgcc.a
LOAD c:/program files (x86)/atmel/studio/7.0/toolchain/arm/arm-gnu-toolchain/bin/../lib/gcc/arm-none-eabi/5.3.1/../../../../arm-none-eabi/lib/armv6-m\libc_nano.a
END GROUP
LOAD c:/program files (x86)/atmel/studio/7.0/toolchain/arm/arm-gnu-toolchain/bin/../lib/gcc/arm-none-eabi/5.3.1/armv6-m/crtend.o
LOAD c:/program files (x86)/atmel/studio/7.0/toolchain/arm/arm-gnu-toolchain/bin/../lib/gcc/arm-none-eabi/5.3.1/armv6-m/crtn.o
                0x00002000                STACK_SIZE = DEFINED (STACK_SIZE)?STACK_SIZE:DEFINED (__stack_size__)?__stack_size__:0x2000

.text           0x00000000     0x2978
                0x00000000                . = ALIGN (0x4)
                0x00000000                _sfixed = .
 *(.vectors .vectors.*)
 .vectors       0x00000000       0xb4 src/ASF/sam0/utils/cmsis/saml21/source/gcc/startup_saml21.o
                0x00000000                exception_table
 *(.text .text.* .gnu.linkonce.t.*)
 .text          0x000000b4       0x60 c:/program files (x86)/atmel/studio/7.0/toolchain/arm/arm-gnu-toolchain/bin/../lib/gcc/arm-none-eabi/5.3.1/armv6-m/crtbegin.o
 .text.cpu_irq_enter_critical
                0x00000114       0x40 src/ASF/common/utils/interrupt/interrupt_sam_nvic.o
                0x00000114                cpu_irq_enter_critical
 .text.cpu_irq_leave_critical
                0x00000154       0x30 src/ASF/common/utils/interrupt/interrupt_sam_nvic.o
                0x00000154                cpu_irq_leave_critical
 .text.system_board_init
                0x00000184       0x38 src/ASF/sam0/boards/saml21_xplained_pro_b/board_init.o
                0x00000184                board_init
                0x00000184                system_board_init
 .text.EIC_Handler
                0x000001bc       0x68 src/ASF/sam0/drivers/extint/extint_callback.o
                0x000001bc                EIC_Handler
 .text._extint_enable
                0x00000224       0x20 src/ASF/sam0/drivers/extint/extint_sam_l_c/extint.o
 .text._system_extint_init
                0x00000244       0x84 src/ASF/sam0/drivers/extint/extint_sam_l_c/extint.o
                0x00000244                _system_extint_init
 .text.port_pin_set_config
                0x000002c8       0x24 src/ASF/sam0/drivers/port/port.o
                0x000002c8                port_pin_set_config
 .text._sercom_get_sync_baud_val
                0x000002ec       0x28 src/ASF/sam0/drivers/sercom/sercom.o
                0x000002ec                _sercom_get_sync_baud_val
 .text._sercom_get_async_baud_val
                0x00000314      0x1c8 src/ASF/sam0/drivers/sercom/sercom.o
                0x00000314                _sercom_get_async_baud_val
 .text.sercom_set_gclk_generator
                0x000004dc       0x4c src/ASF/sam0/drivers/sercom/sercom.o
                0x000004dc                sercom_set_gclk_generator
 .text._sercom_get_default_pad
                0x00000528      0x184 src/ASF/sam0/drivers/sercom/sercom.o
                0x00000528                _sercom_get_default_pad
 .text._sercom_get_sercom_inst_index
                0x000006ac       0x3c src/ASF/sam0/drivers/sercom/sercom.o
                0x000006ac                _sercom_get_sercom_inst_index
 .text._sercom_default_handler
                0x000006e8        0x4 src/ASF/sam0/drivers/sercom/sercom_interrupt.o
 .text._sercom_set_handler
                0x000006ec       0x3c src/ASF/sam0/drivers/sercom/sercom_interrupt.o
                0x000006ec                _sercom_set_handler
 .text._sercom_get_interrupt_vector
                0x00000728       0x2c src/ASF/sam0/drivers/sercom/sercom_interrupt.o
                0x00000728                _sercom_get_interrupt_vector
 .text.SERCOM0_Handler
                0x00000754       0x10 src/ASF/sam0/drivers/sercom/sercom_interrupt.o
                0x00000754                SERCOM0_Handler
 .text.SERCOM1_Handler
                0x00000764       0x10 src/ASF/sam0/drivers/sercom/sercom_interrupt.o
                0x00000764                SERCOM1_Handler
 .text.SERCOM2_Handler
                0x00000774       0x10 src/ASF/sam0/drivers/sercom/sercom_interrupt.o
                0x00000774                SERCOM2_Handler
 .text.SERCOM3_Handler
                0x00000784       0x10 src/ASF/sam0/drivers/sercom/sercom_interrupt.o
                0x00000784                SERCOM3_Handler
 .text.SERCOM4_Handler
                0x00000794       0x10 src/ASF/sam0/drivers/sercom/sercom_interrupt.o
                0x00000794                SERCOM4_Handler
 .text.SERCOM5_Handler
                0x000007a4       0x10 src/ASF/sam0/drivers/sercom/sercom_interrupt.o
                0x000007a4                SERCOM5_Handler
 .text.usart_init
                0x000007b4      0x364 src/ASF/sam0/drivers/sercom/usart/usart.o
                0x000007b4                usart_init
 .text.usart_write_wait
                0x00000b18       0x2c src/ASF/sam0/drivers/sercom/usart/usart.o
                0x00000b18                usart_write_wait
 .text.usart_read_wait
                0x00000b44       0x70 src/ASF/sam0/drivers/sercom/usart/usart.o
                0x00000b44                usart_read_wait
 .text._usart_interrupt_handler
                0x00000bb4      0x18c src/ASF/sam0/drivers/sercom/usart/usart_interrupt.o
                0x00000bb4                _usart_interrupt_handler
 .text.system_clock_source_get_hz
                0x00000d40       0x94 src/ASF/sam0/drivers/system/clock/clock_saml21/clock.o
                0x00000d40                system_clock_source_get_hz
 .text.system_clock_source_osc16m_set_config
                0x00000dd4       0x38 src/ASF/sam0/drivers/system/clock/clock_saml21/clock.o
                0x00000dd4                system_clock_source_osc16m_set_config
 .text.system_clock_source_xosc32k_set_config
                0x00000e0c       0xb4 src/ASF/sam0/drivers/system/clock/clock_saml21/clock.o
                0x00000e0c                system_clock_source_xosc32k_set_config
 .text.system_clock_source_dfll_set_config
                0x00000ec0       0x88 src/ASF/sam0/drivers/system/clock/clock_saml21/clock.o
                0x00000ec0                system_clock_source_dfll_set_config
 .text.system_clock_source_enable
                0x00000f48       0xbc src/ASF/sam0/drivers/system/clock/clock_saml21/clock.o
                0x00000f48                system_clock_source_enable
 .text.system_clock_source_disable
                0x00001004       0x80 src/ASF/sam0/drivers/system/clock/clock_saml21/clock.o
                0x00001004                system_clock_source_disable
 .text.system_clock_init
                0x00001084      0x234 src/ASF/sam0/drivers/system/clock/clock_saml21/clock.o
                0x00001084                system_clock_init
 .text.system_gclk_init
                0x000012b8       0x24 src/ASF/sam0/drivers/system/clock/clock_saml21/gclk.o
                0x000012b8                system_gclk_init
 .text.system_gclk_gen_set_config
                0x000012dc       0xac src/ASF/sam0/drivers/system/clock/clock_saml21/gclk.o
                0x000012dc                system_gclk_gen_set_config
 .text.system_gclk_gen_enable
                0x00001388       0x40 src/ASF/sam0/drivers/system/clock/clock_saml21/gclk.o
                0x00001388                system_gclk_gen_enable
 .text.system_gclk_gen_get_hz
                0x000013c8       0x6c src/ASF/sam0/drivers/system/clock/clock_saml21/gclk.o
                0x000013c8                system_gclk_gen_get_hz
 .text.system_gclk_chan_enable
                0x00001434       0x38 src/ASF/sam0/drivers/system/clock/clock_saml21/gclk.o
                0x00001434                system_gclk_chan_enable
 .text.system_gclk_chan_disable
                0x0000146c       0x38 src/ASF/sam0/drivers/system/clock/clock_saml21/gclk.o
                0x0000146c                system_gclk_chan_disable
 .text.system_gclk_chan_set_config
                0x000014a4       0x24 src/ASF/sam0/drivers/system/clock/clock_saml21/gclk.o
                0x000014a4                system_gclk_chan_set_config
 .text.system_gclk_chan_get_hz
                0x000014c8       0x30 src/ASF/sam0/drivers/system/clock/clock_saml21/gclk.o
                0x000014c8                system_gclk_chan_get_hz
 .text._system_pinmux_config
                0x000014f8       0xa8 src/ASF/sam0/drivers/system/pinmux/pinmux.o
 .text.system_pinmux_pin_set_config
                0x000015a0       0x30 src/ASF/sam0/drivers/system/pinmux/pinmux.o
                0x000015a0                system_pinmux_pin_set_config
 .text._system_dummy_init
                0x000015d0        0x4 src/ASF/sam0/drivers/system/system.o
                0x000015d0                _system_events_init
                0x000015d0                _system_dummy_init
                0x000015d0                _system_divas_init
 .text.system_init
                0x000015d4       0x2c src/ASF/sam0/drivers/system/system.o
                0x000015d4                system_init
 .text.USB_Handler
                0x00001600      0x5a0 src/ASF/sam0/drivers/usb/usb_sam_l/usb.o
                0x00001600                USB_Handler
 .text.Dummy_Handler
                0x00001ba0        0x4 src/ASF/sam0/utils/cmsis/saml21/source/gcc/startup_saml21.o
                0x00001ba0                DMAC_Handler
                0x00001ba0                TRNG_Handler
                0x00001ba0                HardFault_Handler
                0x00001ba0                TC2_Handler
                0x00001ba0                AC_Handler
                0x00001ba0                SysTick_Handler
                0x00001ba0                PendSV_Handler
                0x00001ba0                NMI_Handler
                0x00001ba0                ADC_Handler
                0x00001ba0                TCC1_Handler
                0x00001ba0                TCC0_Handler
                0x00001ba0                RTC_Handler
                0x00001ba0                WDT_Handler
                0x00001ba0                TC4_Handler
                0x00001ba0                TC1_Handler
                0x00001ba0                TC3_Handler
                0x00001ba0                Dummy_Handler
                0x00001ba0                SVC_Handler
                0x00001ba0                TCC2_Handler
                0x00001ba0                EVSYS_Handler
                0x00001ba0                NVMCTRL_Handler
                0x00001ba0                SYSTEM_Handler
                0x00001ba0                DAC_Handler
                0x00001ba0                PTC_Handler
                0x00001ba0                TC0_Handler
                0x00001ba0                AES_Handler
 .text.Reset_Handler
                0x00001ba4       0xa8 src/ASF/sam0/utils/cmsis/saml21/source/gcc/startup_saml21.o
                0x00001ba4                Reset_Handler
 .text.main     0x00001c4c       0x78 src/main.o
                0x00001c4c                main
 .text.sam_ba_monitor_init
                0x00001cc4       0x14 src/sam_ba_monitor.o
                0x00001cc4                sam_ba_monitor_init
 .text.sam_ba_putdata_term
                0x00001cd8       0x90 src/sam_ba_monitor.o
                0x00001cd8                sam_ba_putdata_term
 .text.call_applet
                0x00001d68       0x28 src/sam_ba_monitor.o
                0x00001d68                call_applet
 .text.sam_ba_monitor_run
                0x00001d90      0x380 src/sam_ba_monitor.o
                0x00001d90                sam_ba_monitor_run
 .text.usart_open
                0x00002110      0x128 src/usart_sam_ba.o
                0x00002110                usart_open
 .text.usart_putc
                0x00002238       0x18 src/usart_sam_ba.o
                0x00002238                usart_putc
 .text.usart_is_rx_ready
                0x00002250       0x10 src/usart_sam_ba.o
                0x00002250                usart_is_rx_ready
 .text.usart_getc
                0x00002260       0x2c src/usart_sam_ba.o
                0x00002260                usart_getc
 .text.usart_sharp_received
                0x0000228c       0x24 src/usart_sam_ba.o
                0x0000228c                usart_sharp_received
 .text.usart_putdata
                0x000022b0       0x20 src/usart_sam_ba.o
                0x000022b0                usart_putdata
 .text.usart_getdata
                0x000022d0       0x14 src/usart_sam_ba.o
                0x000022d0                usart_getdata
 .text.add_crc  0x000022e4       0x28 src/usart_sam_ba.o
                0x000022e4                add_crc
 .text.getbytes
                0x0000230c       0x8c src/usart_sam_ba.o
 .text.getPacket
                0x00002398       0x7c src/usart_sam_ba.o
                0x00002398                getPacket
 .text.usart_putdata_xmd
                0x00002414      0x158 src/usart_sam_ba.o
                0x00002414                usart_putdata_xmd
 .text.usart_getdata_xmd
                0x0000256c       0xf4 src/usart_sam_ba.o
                0x0000256c                usart_getdata_xmd
 .text          0x00002660      0x114 c:/program files (x86)/atmel/studio/7.0/toolchain/arm/arm-gnu-toolchain/bin/../lib/gcc/arm-none-eabi/5.3.1/armv6-m\libgcc.a(_udivsi3.o)
                0x00002660                __aeabi_uidiv
                0x00002660                __udivsi3
                0x0000276c                __aeabi_uidivmod
 .text          0x00002774        0x4 c:/program files (x86)/atmel/studio/7.0/toolchain/arm/arm-gnu-toolchain/bin/../lib/gcc/arm-none-eabi/5.3.1/armv6-m\libgcc.a(_dvmd_tls.o)
                0x00002774                __aeabi_idiv0
                0x00002774                __aeabi_ldiv0
 .text          0x00002778       0x40 c:/program files (x86)/atmel/studio/7.0/toolchain/arm/arm-gnu-toolchain/bin/../lib/gcc/arm-none-eabi/5.3.1/armv6-m\libgcc.a(_ctzsi2.o)
                0x00002778                __ctzsi2
 .text          0x000027b8       0x58 c:/program files (x86)/atmel/studio/7.0/toolchain/arm/arm-gnu-toolchain/bin/../lib/gcc/arm-none-eabi/5.3.1/armv6-m\libgcc.a(_muldi3.o)
                0x000027b8                __muldi3
                0x000027b8                __aeabi_lmul
 .text.__libc_init_array
                0x00002810       0x4c c:/program files (x86)/atmel/studio/7.0/toolchain/arm/arm-gnu-toolchain/bin/../lib/gcc/arm-none-eabi/5.3.1/../../../../arm-none-eabi/lib/armv6-m\libc_nano.a(lib_a-init.o)
                0x00002810                __libc_init_array
 .text.memcpy   0x0000285c       0x12 c:/program files (x86)/atmel/studio/7.0/toolchain/arm/arm-gnu-toolchain/bin/../lib/gcc/arm-none-eabi/5.3.1/../../../../arm-none-eabi/lib/armv6-m\libc_nano.a(lib_a-memcpy-stub.o)
                0x0000285c                memcpy
 *(.glue_7t)
 .glue_7t       0x0000286e        0x0 linker stubs
 *(.glue_7)
 .glue_7        0x0000286e        0x0 linker stubs
 *(.rodata .rodata* .gnu.linkonce.r.*)
 *fill*         0x0000286e        0x2 
 .rodata        0x00002870       0x18 src/ASF/sam0/drivers/sercom/sercom.o
 .rodata        0x00002888        0x6 src/ASF/sam0/drivers/sercom/sercom_interrupt.o
 *fill*         0x0000288e        0x2 
 .rodata.system_clock_source_get_hz
                0x00002890       0x24 src/ASF/sam0/drivers/system/clock/clock_saml21/clock.o
 .rodata.system_clock_source_enable
                0x000028b4       0x24 src/ASF/sam0/drivers/system/clock/clock_saml21/clock.o
 .rodata.system_clock_source_disable
                0x000028d8       0x24 src/ASF/sam0/drivers/system/clock/clock_saml21/clock.o
 .rodata._usb_device_irq_bits
                0x000028fc        0xe src/ASF/sam0/drivers/usb/usb_sam_l/usb.o
 *fill*         0x0000290a        0x2 
 .rodata.uart_if
                0x0000290c       0x1c src/sam_ba_monitor.o
                0x0000290c                uart_if
 .rodata.RomBOOT_Version
                0x00002928        0x5 src/sam_ba_monitor.o
                0x00002928                RomBOOT_Version
 *fill*         0x0000292d        0x3 
 .rodata.str1.4
                0x00002930       0x28 src/sam_ba_monitor.o
                                 0x26 (size before relaxing)
 *(.ARM.extab* .gnu.linkonce.armextab.*)
                0x00002958                . = ALIGN (0x4)
 *(.init)
 .init          0x00002958        0x4 c:/program files (x86)/atmel/studio/7.0/toolchain/arm/arm-gnu-toolchain/bin/../lib/gcc/arm-none-eabi/5.3.1/armv6-m/crti.o
                0x00002958                _init
 .init          0x0000295c        0x8 c:/program files (x86)/atmel/studio/7.0/toolchain/arm/arm-gnu-toolchain/bin/../lib/gcc/arm-none-eabi/5.3.1/armv6-m/crtn.o
                0x00002964                . = ALIGN (0x4)
                0x00002964                __preinit_array_start = .
 *(.preinit_array)
                0x00002964                __preinit_array_end = .
                0x00002964                . = ALIGN (0x4)
                0x00002964                __init_array_start = .
 *(SORT(.init_array.*))
 *(.init_array)
 .init_array    0x00002964        0x4 c:/program files (x86)/atmel/studio/7.0/toolchain/arm/arm-gnu-toolchain/bin/../lib/gcc/arm-none-eabi/5.3.1/armv6-m/crtbegin.o
                0x00002968                __init_array_end = .
                0x00002968                . = ALIGN (0x4)
 *crtbegin.o(.ctors)
 *(EXCLUDE_FILE(*crtend.o) .ctors)
 *(SORT(.ctors.*))
 *crtend.o(.ctors)
                0x00002968                . = ALIGN (0x4)
 *(.fini)
 .fini          0x00002968        0x4 c:/program files (x86)/atmel/studio/7.0/toolchain/arm/arm-gnu-toolchain/bin/../lib/gcc/arm-none-eabi/5.3.1/armv6-m/crti.o
                0x00002968                _fini
 .fini          0x0000296c        0x8 c:/program files (x86)/atmel/studio/7.0/toolchain/arm/arm-gnu-toolchain/bin/../lib/gcc/arm-none-eabi/5.3.1/armv6-m/crtn.o
                0x00002974                . = ALIGN (0x4)
                0x00002974                __fini_array_start = .
 *(.fini_array)
 .fini_array    0x00002974        0x4 c:/program files (x86)/atmel/studio/7.0/toolchain/arm/arm-gnu-toolchain/bin/../lib/gcc/arm-none-eabi/5.3.1/armv6-m/crtbegin.o
 *(SORT(.fini_array.*))
                0x00002978                __fini_array_end = .
 *crtbegin.o(.dtors)
 *(EXCLUDE_FILE(*crtend.o) .dtors)
 *(SORT(.dtors.*))
 *crtend.o(.dtors)
                0x00002978                . = ALIGN (0x4)
                0x00002978                _efixed = .
                [!provide]                PROVIDE (__exidx_start, .)

.vfp11_veneer   0x00002978        0x0
 .vfp11_veneer  0x00002978        0x0 linker stubs

.v4_bx          0x00002978        0x0
 .v4_bx         0x00002978        0x0 linker stubs

.iplt           0x00002978        0x0
 .iplt          0x00002978        0x0 c:/program files (x86)/atmel/studio/7.0/toolchain/arm/arm-gnu-toolchain/bin/../lib/gcc/arm-none-eabi/5.3.1/armv6-m/crtbegin.o

.eh_frame       0x00002978        0x0
 .eh_frame      0x00002978        0x0 c:/program files (x86)/atmel/studio/7.0/toolchain/arm/arm-gnu-toolchain/bin/../lib/gcc/arm-none-eabi/5.3.1/armv6-m/crtbegin.o

.rel.dyn        0x00002978        0x0
 .rel.iplt      0x00002978        0x0 c:/program files (x86)/atmel/studio/7.0/toolchain/arm/arm-gnu-toolchain/bin/../lib/gcc/arm-none-eabi/5.3.1/armv6-m/crtbegin.o

.jcr            0x00002978        0x0
 .jcr           0x00002978        0x0 c:/program files (x86)/atmel/studio/7.0/toolchain/arm/arm-gnu-toolchain/bin/../lib/gcc/arm-none-eabi/5.3.1/armv6-m/crtbegin.o

.igot.plt       0x00002978        0x0
 .igot.plt      0x00002978        0x0 c:/program files (x86)/atmel/studio/7.0/toolchain/arm/arm-gnu-toolchain/bin/../lib/gcc/arm-none-eabi/5.3.1/armv6-m/crtbegin.o

.ARM.exidx
 *(.ARM.exidx* .gnu.linkonce.armexidx.*)
                [!provide]                PROVIDE (__exidx_end, .)
                0x00002978                . = ALIGN (0x4)
                0x00002978                _etext = .

.relocate       0x20000000        0x4 load address 0x00002978
                0x20000000                . = ALIGN (0x4)
                0x20000000                _srelocate = .
 *(.ramfunc .ramfunc.*)
 *(.data .data.*)
 .data.g_interrupt_enabled
                0x20000000        0x1 src/ASF/common/utils/interrupt/interrupt_sam_nvic.o
                0x20000000                g_interrupt_enabled
                0x20000004                . = ALIGN (0x4)
 *fill*         0x20000001        0x3 
                0x20000004                _erelocate = .

.lpram          0x30000000        0x0
                0x30000000                . = ALIGN (0x8)
                0x30000000                _slpram = .
 *(.lpram .lpram.*)
                0x30000000                . = ALIGN (0x8)
                0x30000000                _elpram = .

.bss            0x20000004      0x378 load address 0x0000297c
                0x20000004                . = ALIGN (0x4)
                0x20000004                _sbss = .
                0x20000004                _szero = .
 *(.bss .bss.*)
 .bss           0x20000004       0x1c c:/program files (x86)/atmel/studio/7.0/toolchain/arm/arm-gnu-toolchain/bin/../lib/gcc/arm-none-eabi/5.3.1/armv6-m/crtbegin.o
 .bss.cpu_irq_critical_section_counter
                0x20000020        0x4 src/ASF/common/utils/interrupt/interrupt_sam_nvic.o
 .bss.cpu_irq_prev_interrupt_state
                0x20000024        0x1 src/ASF/common/utils/interrupt/interrupt_sam_nvic.o
 *fill*         0x20000025        0x3 
 .bss._sercom_config
                0x20000028        0x2 src/ASF/sam0/drivers/sercom/sercom.o
 .bss._handler_table_initialized
                0x2000002a        0x1 src/ASF/sam0/drivers/sercom/sercom_interrupt.o
 *fill*         0x2000002b        0x1 
 .bss._sercom_interrupt_handlers
                0x2000002c       0x18 src/ASF/sam0/drivers/sercom/sercom_interrupt.o
 .bss._system_clock_inst
                0x20000044       0x18 src/ASF/sam0/drivers/system/clock/clock_saml21/clock.o
 .bss.device_callback_lpm_wakeup_enable
                0x2000005c        0x4 src/ASF/sam0/drivers/usb/usb_sam_l/usb.o
 .bss.pipe_callback_para
                0x20000060        0x6 src/ASF/sam0/drivers/usb/usb_sam_l/usb.o
 *fill*         0x20000066        0x2 
 .bss.host_pipe_job_busy_status
                0x20000068        0x4 src/ASF/sam0/drivers/usb/usb_sam_l/usb.o
                0x20000068                host_pipe_job_busy_status
 .bss.ep_callback_para
                0x2000006c        0x8 src/ASF/sam0/drivers/usb/usb_sam_l/usb.o
 .bss._usb_instances
                0x20000074        0x4 src/ASF/sam0/drivers/usb/usb_sam_l/usb.o
 .bss.b_terminal_mode
                0x20000078        0x1 src/sam_ba_monitor.o
                0x20000078                b_terminal_mode
 *(COMMON)
 COMMON         0x20000079        0x1 src/ASF/sam0/drivers/extint/extint_callback.o
                0x20000079                _current_channel
 *fill*         0x2000007a        0x2 
 COMMON         0x2000007c       0x40 src/ASF/sam0/drivers/extint/extint_sam_l_c/extint.o
                0x2000007c                _extint_dev
 COMMON         0x200000bc       0x18 src/ASF/sam0/drivers/sercom/sercom_interrupt.o
                0x200000bc                _sercom_instances
 COMMON         0x200000d4      0x100 src/ASF/sam0/drivers/usb/usb_sam_l/usb.o
                0x200000d4                usb_descriptor_table
 COMMON         0x200001d4       0x68 src/sam_ba_monitor.o
                0x200001d4                j
                0x200001d8                length
                0x200001dc                ptr
                0x200001e0                command
                0x200001e4                i
                0x200001e8                data
                0x20000228                ptr_data
                0x2000022c                ptr_monitor_if
                0x20000230                sp
                0x20000234                current_number
                0x20000238                u32tmp
 COMMON         0x2000023c      0x140 src/usart_sam_ba.o
                0x2000023c                b_sharp_received
                0x2000023d                idx_rx_write
                0x2000023e                size_of_data
                0x20000240                idx_tx_read
                0x20000244                usart_sam_ba
                0x20000278                buffer_tx_usart
                0x200002f8                error_timeout
                0x200002f9                mode_of_transfer
                0x200002fa                idx_rx_read
                0x200002fb                idx_tx_write
                0x200002fc                buffer_rx_usart
                0x2000037c                . = ALIGN (0x4)
                0x2000037c                _ebss = .
                0x2000037c                _ezero = .

.stack          0x2000037c      0x404 load address 0x00002cf4
                0x20000380                . = ALIGN (0x8)
 *fill*         0x2000037c        0x4 
                0x20000380                _sstack = .
                0x20000780                . = (. + STACK_SIZE)
 *fill*         0x20000380      0x400 
                0x20000780                . = ALIGN (0x8)
                0x20000780                _estack = .
                0x20000780                . = ALIGN (0x4)
                0x20000780                _end = .
OUTPUT(SAMBA.elf elf32-littlearm)

.ARM.attributes
                0x00000000       0x28
 .ARM.attributes
                0x00000000       0x1e c:/program files (x86)/atmel/studio/7.0/toolchain/arm/arm-gnu-toolchain/bin/../lib/gcc/arm-none-eabi/5.3.1/armv6-m/crti.o
 .ARM.attributes
                0x0000001e       0x2c c:/program files (x86)/atmel/studio/7.0/toolchain/arm/arm-gnu-toolchain/bin/../lib/gcc/arm-none-eabi/5.3.1/armv6-m/crtbegin.o
 .ARM.attributes
                0x0000004a       0x32 src/ASF/common/utils/interrupt/interrupt_sam_nvic.o
 .ARM.attributes
                0x0000007c       0x32 src/ASF/sam0/boards/saml21_xplained_pro_b/board_init.o
 .ARM.attributes
                0x000000ae       0x32 src/ASF/sam0/drivers/extint/extint_callback.o
 .ARM.attributes
                0x000000e0       0x32 src/ASF/sam0/drivers/extint/extint_sam_l_c/extint.o
 .ARM.attributes
                0x00000112       0x32 src/ASF/sam0/drivers/port/port.o
 .ARM.attributes
                0x00000144       0x32 src/ASF/sam0/drivers/sercom/sercom.o
 .ARM.attributes
                0x00000176       0x32 src/ASF/sam0/drivers/sercom/sercom_interrupt.o
 .ARM.attributes
                0x000001a8       0x32 src/ASF/sam0/drivers/sercom/usart/usart.o
 .ARM.attributes
                0x000001da       0x32 src/ASF/sam0/drivers/sercom/usart/usart_interrupt.o
 .ARM.attributes
                0x0000020c       0x32 src/ASF/sam0/drivers/system/clock/clock_saml21/clock.o
 .ARM.attributes
                0x0000023e       0x32 src/ASF/sam0/drivers/system/clock/clock_saml21/gclk.o
 .ARM.attributes
                0x00000270       0x32 src/ASF/sam0/drivers/system/pinmux/pinmux.o
 .ARM.attributes
                0x000002a2       0x32 src/ASF/sam0/drivers/system/system.o
 .ARM.attributes
                0x000002d4       0x32 src/ASF/sam0/drivers/usb/usb_sam_l/usb.o
 .ARM.attributes
                0x00000306       0x32 src/ASF/sam0/utils/cmsis/saml21/source/gcc/startup_saml21.o
 .ARM.attributes
                0x00000338       0x32 src/main.o
 .ARM.attributes
                0x0000036a       0x32 src/sam_ba_monitor.o
 .ARM.attributes
                0x0000039c       0x32 src/usart_sam_ba.o
 .ARM.attributes
                0x000003ce       0x1e c:/program files (x86)/atmel/studio/7.0/toolchain/arm/arm-gnu-toolchain/bin/../lib/gcc/arm-none-eabi/5.3.1/armv6-m\libgcc.a(_udivsi3.o)
 .ARM.attributes
                0x000003ec       0x1e c:/program files (x86)/atmel/studio/7.0/toolchain/arm/arm-gnu-toolchain/bin/../lib/gcc/arm-none-eabi/5.3.1/armv6-m\libgcc.a(_dvmd_tls.o)
 .ARM.attributes
                0x0000040a       0x1e c:/program files (x86)/atmel/studio/7.0/toolchain/arm/arm-gnu-toolchain/bin/../lib/gcc/arm-none-eabi/5.3.1/armv6-m\libgcc.a(_ctzsi2.o)
 .ARM.attributes
                0x00000428       0x2c c:/program files (x86)/atmel/studio/7.0/toolchain/arm/arm-gnu-toolchain/bin/../lib/gcc/arm-none-eabi/5.3.1/armv6-m\libgcc.a(_muldi3.o)
 .ARM.attributes
                0x00000454       0x2c c:/program files (x86)/atmel/studio/7.0/toolchain/arm/arm-gnu-toolchain/bin/../lib/gcc/arm-none-eabi/5.3.1/../../../../arm-none-eabi/lib/armv6-m\libc_nano.a(lib_a-init.o)
 .ARM.attributes
                0x00000480       0x2c c:/program files (x86)/atmel/studio/7.0/toolchain/arm/arm-gnu-toolchain/bin/../lib/gcc/arm-none-eabi/5.3.1/../../../../arm-none-eabi/lib/armv6-m\libc_nano.a(lib_a-memcpy-stub.o)
 .ARM.attributes
                0x000004ac       0x1e c:/program files (x86)/atmel/studio/7.0/toolchain/arm/arm-gnu-toolchain/bin/../lib/gcc/arm-none-eabi/5.3.1/armv6-m/crtn.o

.comment        0x00000000       0x59
 .comment       0x00000000       0x59 src/ASF/common/utils/interrupt/interrupt_sam_nvic.o
                                 0x5a (size before relaxing)
 .comment       0x00000059       0x5a src/ASF/sam0/boards/saml21_xplained_pro_b/board_init.o
 .comment       0x00000059       0x5a src/ASF/sam0/drivers/extint/extint_callback.o
 .comment       0x00000059       0x5a src/ASF/sam0/drivers/extint/extint_sam_l_c/extint.o
 .comment       0x00000059       0x5a src/ASF/sam0/drivers/port/port.o
 .comment       0x00000059       0x5a src/ASF/sam0/drivers/sercom/sercom.o
 .comment       0x00000059       0x5a src/ASF/sam0/drivers/sercom/sercom_interrupt.o
 .comment       0x00000059       0x5a src/ASF/sam0/drivers/sercom/usart/usart.o
 .comment       0x00000059       0x5a src/ASF/sam0/drivers/sercom/usart/usart_interrupt.o
 .comment       0x00000059       0x5a src/ASF/sam0/drivers/system/clock/clock_saml21/clock.o
 .comment       0x00000059       0x5a src/ASF/sam0/drivers/system/clock/clock_saml21/gclk.o
 .comment       0x00000059       0x5a src/ASF/sam0/drivers/system/pinmux/pinmux.o
 .comment       0x00000059       0x5a src/ASF/sam0/drivers/system/system.o
 .comment       0x00000059       0x5a src/ASF/sam0/drivers/usb/usb_sam_l/usb.o
 .comment       0x00000059       0x5a src/ASF/sam0/utils/cmsis/saml21/source/gcc/startup_saml21.o
 .comment       0x00000059       0x5a src/main.o
 .comment       0x00000059       0x5a src/sam_ba_monitor.o
 .comment       0x00000059       0x5a src/usart_sam_ba.o

.debug_info     0x00000000    0x1eb7e
 .debug_info    0x00000000      0x1ea src/ASF/common/utils/interrupt/interrupt_sam_nvic.o
 .debug_info    0x000001ea      0xa88 src/ASF/sam0/boards/saml21_xplained_pro_b/board_init.o
 .debug_info    0x00000c72      0xb0e src/ASF/sam0/drivers/extint/extint_callback.o
 .debug_info    0x00001780     0x1c16 src/ASF/sam0/drivers/extint/extint_sam_l_c/extint.o
 .debug_info    0x00003396      0xa7d src/ASF/sam0/drivers/port/port.o
 .debug_info    0x00003e13     0x256f src/ASF/sam0/drivers/sercom/sercom.o
 .debug_info    0x00006382     0x2357 src/ASF/sam0/drivers/sercom/sercom_interrupt.o
 .debug_info    0x000086d9     0x4260 src/ASF/sam0/drivers/sercom/usart/usart.o
 .debug_info    0x0000c939     0x2777 src/ASF/sam0/drivers/sercom/usart/usart_interrupt.o
 .debug_info    0x0000f0b0     0x3d06 src/ASF/sam0/drivers/system/clock/clock_saml21/clock.o
 .debug_info    0x00012db6     0x1463 src/ASF/sam0/drivers/system/clock/clock_saml21/gclk.o
 .debug_info    0x00014219      0xbde src/ASF/sam0/drivers/system/pinmux/pinmux.o
 .debug_info    0x00014df7      0x17c src/ASF/sam0/drivers/system/system.o
 .debug_info    0x00014f73     0x489c src/ASF/sam0/drivers/usb/usb_sam_l/usb.o
 .debug_info    0x0001980f      0x9f3 src/ASF/sam0/utils/cmsis/saml21/source/gcc/startup_saml21.o
 .debug_info    0x0001a202      0xa09 src/main.o
 .debug_info    0x0001ac0b      0x95b src/sam_ba_monitor.o
 .debug_info    0x0001b566     0x3618 src/usart_sam_ba.o

.debug_abbrev   0x00000000     0x32b4
 .debug_abbrev  0x00000000       0xf6 src/ASF/common/utils/interrupt/interrupt_sam_nvic.o
 .debug_abbrev  0x000000f6      0x224 src/ASF/sam0/boards/saml21_xplained_pro_b/board_init.o
 .debug_abbrev  0x0000031a      0x28c src/ASF/sam0/drivers/extint/extint_callback.o
 .debug_abbrev  0x000005a6      0x3e0 src/ASF/sam0/drivers/extint/extint_sam_l_c/extint.o
 .debug_abbrev  0x00000986      0x1dc src/ASF/sam0/drivers/port/port.o
 .debug_abbrev  0x00000b62      0x308 src/ASF/sam0/drivers/sercom/sercom.o
 .debug_abbrev  0x00000e6a      0x237 src/ASF/sam0/drivers/sercom/sercom_interrupt.o
 .debug_abbrev  0x000010a1      0x3f8 src/ASF/sam0/drivers/sercom/usart/usart.o
 .debug_abbrev  0x00001499      0x37f src/ASF/sam0/drivers/sercom/usart/usart_interrupt.o
 .debug_abbrev  0x00001818      0x425 src/ASF/sam0/drivers/system/clock/clock_saml21/clock.o
 .debug_abbrev  0x00001c3d      0x362 src/ASF/sam0/drivers/system/clock/clock_saml21/gclk.o
 .debug_abbrev  0x00001f9f      0x2d2 src/ASF/sam0/drivers/system/pinmux/pinmux.o
 .debug_abbrev  0x00002271       0xbb src/ASF/sam0/drivers/system/system.o
 .debug_abbrev  0x0000232c      0x450 src/ASF/sam0/drivers/usb/usb_sam_l/usb.o
 .debug_abbrev  0x0000277c      0x1c7 src/ASF/sam0/utils/cmsis/saml21/source/gcc/startup_saml21.o
 .debug_abbrev  0x00002943      0x226 src/main.o
 .debug_abbrev  0x00002b69      0x2ae src/sam_ba_monitor.o
 .debug_abbrev  0x00002e17      0x49d src/usart_sam_ba.o

.debug_aranges  0x00000000      0x628
 .debug_aranges
                0x00000000       0x28 src/ASF/common/utils/interrupt/interrupt_sam_nvic.o
 .debug_aranges
                0x00000028       0x20 src/ASF/sam0/boards/saml21_xplained_pro_b/board_init.o
 .debug_aranges
                0x00000048       0x48 src/ASF/sam0/drivers/extint/extint_callback.o
 .debug_aranges
                0x00000090       0x58 src/ASF/sam0/drivers/extint/extint_sam_l_c/extint.o
 .debug_aranges
                0x000000e8       0x28 src/ASF/sam0/drivers/port/port.o
 .debug_aranges
                0x00000110       0x40 src/ASF/sam0/drivers/sercom/sercom.o
 .debug_aranges
                0x00000150       0x60 src/ASF/sam0/drivers/sercom/sercom_interrupt.o
 .debug_aranges
                0x000001b0       0x40 src/ASF/sam0/drivers/sercom/usart/usart.o
 .debug_aranges
                0x000001f0       0x70 src/ASF/sam0/drivers/sercom/usart/usart_interrupt.o
 .debug_aranges
                0x00000260       0x80 src/ASF/sam0/drivers/system/clock/clock_saml21/clock.o
 .debug_aranges
                0x000002e0       0x80 src/ASF/sam0/drivers/system/clock/clock_saml21/gclk.o
 .debug_aranges
                0x00000360       0x40 src/ASF/sam0/drivers/system/pinmux/pinmux.o
 .debug_aranges
                0x000003a0       0x28 src/ASF/sam0/drivers/system/system.o
 .debug_aranges
                0x000003c8      0x158 src/ASF/sam0/drivers/usb/usb_sam_l/usb.o
 .debug_aranges
                0x00000520       0x28 src/ASF/sam0/utils/cmsis/saml21/source/gcc/startup_saml21.o
 .debug_aranges
                0x00000548       0x20 src/main.o
 .debug_aranges
                0x00000568       0x38 src/sam_ba_monitor.o
 .debug_aranges
                0x000005a0       0x88 src/usart_sam_ba.o

.debug_ranges   0x00000000      0x6d0
 .debug_ranges  0x00000000       0x18 src/ASF/common/utils/interrupt/interrupt_sam_nvic.o
 .debug_ranges  0x00000018       0x10 src/ASF/sam0/boards/saml21_xplained_pro_b/board_init.o
 .debug_ranges  0x00000028       0x60 src/ASF/sam0/drivers/extint/extint_callback.o
 .debug_ranges  0x00000088       0x60 src/ASF/sam0/drivers/extint/extint_sam_l_c/extint.o
 .debug_ranges  0x000000e8       0x18 src/ASF/sam0/drivers/port/port.o
 .debug_ranges  0x00000100       0x48 src/ASF/sam0/drivers/sercom/sercom.o
 .debug_ranges  0x00000148       0x50 src/ASF/sam0/drivers/sercom/sercom_interrupt.o
 .debug_ranges  0x00000198       0xe0 src/ASF/sam0/drivers/sercom/usart/usart.o
 .debug_ranges  0x00000278       0x60 src/ASF/sam0/drivers/sercom/usart/usart_interrupt.o
 .debug_ranges  0x000002d8       0xb8 src/ASF/sam0/drivers/system/clock/clock_saml21/clock.o
 .debug_ranges  0x00000390       0xe8 src/ASF/sam0/drivers/system/clock/clock_saml21/gclk.o
 .debug_ranges  0x00000478       0x30 src/ASF/sam0/drivers/system/pinmux/pinmux.o
 .debug_ranges  0x000004a8       0x18 src/ASF/sam0/drivers/system/system.o
 .debug_ranges  0x000004c0      0x148 src/ASF/sam0/drivers/usb/usb_sam_l/usb.o
 .debug_ranges  0x00000608       0x18 src/ASF/sam0/utils/cmsis/saml21/source/gcc/startup_saml21.o
 .debug_ranges  0x00000620       0x10 src/main.o
 .debug_ranges  0x00000630       0x28 src/sam_ba_monitor.o
 .debug_ranges  0x00000658       0x78 src/usart_sam_ba.o

.debug_macro    0x00000000     0x6fdf
 .debug_macro   0x00000000      0x55f src/ASF/common/utils/interrupt/interrupt_sam_nvic.o
 .debug_macro   0x0000055f      0x59b src/ASF/sam0/boards/saml21_xplained_pro_b/board_init.o
 .debug_macro   0x00000afa       0x19 src/ASF/sam0/boards/saml21_xplained_pro_b/board_init.o
 .debug_macro   0x00000b13      0x584 src/ASF/sam0/drivers/extint/extint_callback.o
 .debug_macro   0x00001097       0x12 src/ASF/sam0/drivers/extint/extint_callback.o
 .debug_macro   0x000010a9      0x5ea src/ASF/sam0/drivers/extint/extint_sam_l_c/extint.o
 .debug_macro   0x00001693       0x2e src/ASF/sam0/drivers/extint/extint_sam_l_c/extint.o
 .debug_macro   0x000016c1       0x18 src/ASF/sam0/drivers/extint/extint_sam_l_c/extint.o
 .debug_macro   0x000016d9       0x10 src/ASF/sam0/drivers/extint/extint_sam_l_c/extint.o
 .debug_macro   0x000016e9      0x579 src/ASF/sam0/drivers/port/port.o
 .debug_macro   0x00001c62      0x5f1 src/ASF/sam0/drivers/sercom/sercom.o
 .debug_macro   0x00002253       0xb2 src/ASF/sam0/drivers/sercom/sercom.o
 .debug_macro   0x00002305       0x10 src/ASF/sam0/drivers/sercom/sercom.o
 .debug_macro   0x00002315      0x5ef src/ASF/sam0/drivers/sercom/sercom_interrupt.o
 .debug_macro   0x00002904      0x605 src/ASF/sam0/drivers/sercom/usart/usart.o
 .debug_macro   0x00002f09       0x51 src/ASF/sam0/drivers/sercom/usart/usart.o
 .debug_macro   0x00002f5a      0x605 src/ASF/sam0/drivers/sercom/usart/usart_interrupt.o
 .debug_macro   0x0000355f      0x5d5 src/ASF/sam0/drivers/system/clock/clock_saml21/clock.o
 .debug_macro   0x00003b34      0x29e src/ASF/sam0/drivers/system/clock/clock_saml21/clock.o
 .debug_macro   0x00003dd2      0x596 src/ASF/sam0/drivers/system/clock/clock_saml21/gclk.o
 .debug_macro   0x00004368      0x56f src/ASF/sam0/drivers/system/pinmux/pinmux.o
 .debug_macro   0x000048d7       0x12 src/ASF/sam0/drivers/system/pinmux/pinmux.o
 .debug_macro   0x000048e9      0x5a4 src/ASF/sam0/drivers/system/system.o
 .debug_macro   0x00004e8d      0x621 src/ASF/sam0/drivers/usb/usb_sam_l/usb.o
 .debug_macro   0x000054ae      0x371 src/ASF/sam0/utils/cmsis/saml21/source/gcc/startup_saml21.o
 .debug_macro   0x0000581f       0x3a src/ASF/sam0/utils/cmsis/saml21/source/gcc/startup_saml21.o
 .debug_macro   0x00005859      0x78b src/main.o
 .debug_macro   0x00005fe4       0x22 src/main.o
 .debug_macro   0x00006006       0x57 src/main.o
 .debug_macro   0x0000605d       0x52 src/main.o
 .debug_macro   0x000060af       0x22 src/main.o
 .debug_macro   0x000060d1       0x4c src/main.o
 .debug_macro   0x0000611d      0x768 src/sam_ba_monitor.o
 .debug_macro   0x00006885      0x75a src/usart_sam_ba.o

.debug_line     0x00000000     0xda12
 .debug_line    0x00000000      0x92d src/ASF/common/utils/interrupt/interrupt_sam_nvic.o
 .debug_line    0x0000092d      0x9d6 src/ASF/sam0/boards/saml21_xplained_pro_b/board_init.o
 .debug_line    0x00001303      0xa22 src/ASF/sam0/drivers/extint/extint_callback.o
 .debug_line    0x00001d25      0xcaf src/ASF/sam0/drivers/extint/extint_sam_l_c/extint.o
 .debug_line    0x000029d4      0x959 src/ASF/sam0/drivers/port/port.o
 .debug_line    0x0000332d      0xc1e src/ASF/sam0/drivers/sercom/sercom.o
 .debug_line    0x00003f4b      0xbc3 src/ASF/sam0/drivers/sercom/sercom_interrupt.o
 .debug_line    0x00004b0e      0xd55 src/ASF/sam0/drivers/sercom/usart/usart.o
 .debug_line    0x00005863      0xce1 src/ASF/sam0/drivers/sercom/usart/usart_interrupt.o
 .debug_line    0x00006544      0xd6f src/ASF/sam0/drivers/system/clock/clock_saml21/clock.o
 .debug_line    0x000072b3      0xc7c src/ASF/sam0/drivers/system/clock/clock_saml21/gclk.o
 .debug_line    0x00007f2f      0x998 src/ASF/sam0/drivers/system/pinmux/pinmux.o
 .debug_line    0x000088c7      0xa3d src/ASF/sam0/drivers/system/system.o
 .debug_line    0x00009304     0x1026 src/ASF/sam0/drivers/usb/usb_sam_l/usb.o
 .debug_line    0x0000a32a      0x6d5 src/ASF/sam0/utils/cmsis/saml21/source/gcc/startup_saml21.o
 .debug_line    0x0000a9ff      0xef5 src/main.o
 .debug_line    0x0000b8f4      0xfea src/sam_ba_monitor.o
 .debug_line    0x0000c8de     0x1134 src/usart_sam_ba.o

.debug_str      0x00000000    0x9f42e
 .debug_str     0x00000000    0x8f6f7 src/ASF/common/utils/interrupt/interrupt_sam_nvic.o
                              0x8fc2c (size before relaxing)
 .debug_str     0x0008f6f7     0x3927 src/ASF/sam0/boards/saml21_xplained_pro_b/board_init.o
                              0x934f6 (size before relaxing)
 .debug_str     0x0009301e      0x60d src/ASF/sam0/drivers/extint/extint_callback.o
                              0x90299 (size before relaxing)
 .debug_str     0x0009362b     0x10f9 src/ASF/sam0/drivers/extint/extint_sam_l_c/extint.o
                              0x912f9 (size before relaxing)
 .debug_str     0x00094724       0x4e src/ASF/sam0/drivers/port/port.o
                              0x90094 (size before relaxing)
 .debug_str     0x00094772      0xed3 src/ASF/sam0/drivers/sercom/sercom.o
                              0x912f0 (size before relaxing)
 .debug_str     0x00095645      0x1c7 src/ASF/sam0/drivers/sercom/sercom_interrupt.o
                              0x9119c (size before relaxing)
 .debug_str     0x0009580c      0xc98 src/ASF/sam0/drivers/sercom/usart/usart.o
                              0x9206b (size before relaxing)
 .debug_str     0x000964a4      0x1da src/ASF/sam0/drivers/sercom/usart/usart_interrupt.o
                              0x912a3 (size before relaxing)
 .debug_str     0x0009667e     0x2c4f src/ASF/sam0/drivers/system/clock/clock_saml21/clock.o
                              0x9326b (size before relaxing)
 .debug_str     0x000992cd      0x236 src/ASF/sam0/drivers/system/clock/clock_saml21/gclk.o
                              0x908a2 (size before relaxing)
 .debug_str     0x00099503      0x1b5 src/ASF/sam0/drivers/system/pinmux/pinmux.o
                              0x9012c (size before relaxing)
 .debug_str     0x000996b8       0x47 src/ASF/sam0/drivers/system/system.o
                              0x8fcbc (size before relaxing)
 .debug_str     0x000996ff     0x1900 src/ASF/sam0/drivers/usb/usb_sam_l/usb.o
                              0x9274b (size before relaxing)
 .debug_str     0x0009afff      0x3aa src/ASF/sam0/utils/cmsis/saml21/source/gcc/startup_saml21.o
                              0x7b765 (size before relaxing)
 .debug_str     0x0009b3a9     0x3d4c src/main.o
                              0x98b81 (size before relaxing)
 .debug_str     0x0009f0f5       0xf7 src/sam_ba_monitor.o
                              0x97ec4 (size before relaxing)
 .debug_str     0x0009f1ec      0x242 src/usart_sam_ba.o
                              0x9a7fb (size before relaxing)

.debug_frame    0x00000000      0xf98
 .debug_frame   0x00000000       0x30 src/ASF/common/utils/interrupt/interrupt_sam_nvic.o
 .debug_frame   0x00000030       0x30 src/ASF/sam0/boards/saml21_xplained_pro_b/board_init.o
 .debug_frame   0x00000060       0x7c src/ASF/sam0/drivers/extint/extint_callback.o
 .debug_frame   0x000000dc       0xc8 src/ASF/sam0/drivers/extint/extint_sam_l_c/extint.o
 .debug_frame   0x000001a4       0x44 src/ASF/sam0/drivers/port/port.o
 .debug_frame   0x000001e8       0x9c src/ASF/sam0/drivers/sercom/sercom.o
 .debug_frame   0x00000284       0xec src/ASF/sam0/drivers/sercom/sercom_interrupt.o
 .debug_frame   0x00000370       0xac src/ASF/sam0/drivers/sercom/usart/usart.o
 .debug_frame   0x0000041c      0x110 src/ASF/sam0/drivers/sercom/usart/usart_interrupt.o
 .debug_frame   0x0000052c      0x178 src/ASF/sam0/drivers/system/clock/clock_saml21/clock.o
 .debug_frame   0x000006a4      0x150 src/ASF/sam0/drivers/system/clock/clock_saml21/gclk.o
 .debug_frame   0x000007f4       0x98 src/ASF/sam0/drivers/system/pinmux/pinmux.o
 .debug_frame   0x0000088c       0x38 src/ASF/sam0/drivers/system/system.o
 .debug_frame   0x000008c4      0x3b0 src/ASF/sam0/drivers/usb/usb_sam_l/usb.o
 .debug_frame   0x00000c74       0x38 src/ASF/sam0/utils/cmsis/saml21/source/gcc/startup_saml21.o
 .debug_frame   0x00000cac       0x2c src/main.o
 .debug_frame   0x00000cd8       0x7c src/sam_ba_monitor.o
 .debug_frame   0x00000d54      0x19c src/usart_sam_ba.o
 .debug_frame   0x00000ef0       0x20 c:/program files (x86)/atmel/studio/7.0/toolchain/arm/arm-gnu-toolchain/bin/../lib/gcc/arm-none-eabi/5.3.1/armv6-m\libgcc.a(_udivsi3.o)
 .debug_frame   0x00000f10       0x34 c:/program files (x86)/atmel/studio/7.0/toolchain/arm/arm-gnu-toolchain/bin/../lib/gcc/arm-none-eabi/5.3.1/armv6-m\libgcc.a(_muldi3.o)
 .debug_frame   0x00000f44       0x2c c:/program files (x86)/atmel/studio/7.0/toolchain/arm/arm-gnu-toolchain/bin/../lib/gcc/arm-none-eabi/5.3.1/../../../../arm-none-eabi/lib/armv6-m\libc_nano.a(lib_a-init.o)
 .debug_frame   0x00000f70       0x28 c:/program files (x86)/atmel/studio/7.0/toolchain/arm/arm-gnu-toolchain/bin/../lib/gcc/arm-none-eabi/5.3.1/../../../../arm-none-eabi/lib/armv6-m\libc_nano.a(lib_a-memcpy-stub.o)

.debug_loc      0x00000000     0x63ba
 .debug_loc     0x00000000       0x8b src/ASF/sam0/boards/saml21_xplained_pro_b/board_init.o
 .debug_loc     0x0000008b      0x219 src/ASF/sam0/drivers/extint/extint_callback.o
 .debug_loc     0x000002a4      0x4e2 src/ASF/sam0/drivers/extint/extint_sam_l_c/extint.o
 .debug_loc     0x00000786      0x13d src/ASF/sam0/drivers/port/port.o
 .debug_loc     0x000008c3      0x9ae src/ASF/sam0/drivers/sercom/sercom.o
 .debug_loc     0x00001271      0x16c src/ASF/sam0/drivers/sercom/sercom_interrupt.o
 .debug_loc     0x000013dd      0xcaa src/ASF/sam0/drivers/sercom/usart/usart.o
 .debug_loc     0x00002087      0x5bb src/ASF/sam0/drivers/sercom/usart/usart_interrupt.o
 .debug_loc     0x00002642      0xe8b src/ASF/sam0/drivers/system/clock/clock_saml21/clock.o
 .debug_loc     0x000034cd      0x504 src/ASF/sam0/drivers/system/clock/clock_saml21/gclk.o
 .debug_loc     0x000039d1      0x37a src/ASF/sam0/drivers/system/pinmux/pinmux.o
 .debug_loc     0x00003d4b       0x20 src/ASF/sam0/drivers/system/system.o
 .debug_loc     0x00003d6b     0x17bf src/ASF/sam0/drivers/usb/usb_sam_l/usb.o
 .debug_loc     0x0000552a       0x20 src/ASF/sam0/utils/cmsis/saml21/source/gcc/startup_saml21.o
 .debug_loc     0x0000554a       0x6c src/main.o
 .debug_loc     0x000055b6      0x22d src/sam_ba_monitor.o
 .debug_loc     0x000057e3      0xbd7 src/usart_sam_ba.o
